<html>
<body>
<pre>
<h1>µVision Build Log</h1>
<h2>Tool Versions:</h2>
IDE-Version: µVision V5.38.0.0
Copyright (C) 2022 ARM Ltd and ARM Germany GmbH. All rights reserved.
License Information: Emiel v, HAN, LIC=----
 
Tool Versions:
Toolchain:       MDK-Lite  Version: 5.38.0.0
Toolchain Path:  C:\Keil_v5\ARM\ARMCLANG\Bin
C Compiler:      ArmClang.exe V6.19
Assembler:       Armasm.exe V6.19
Linker/Locator:  ArmLink.exe V6.19
Library Manager: ArmAr.exe V6.19
Hex Converter:   FromElf.exe V6.19
CPU DLL:         
Dialog DLL:      
Target DLL:      CMSIS_AGDI_V8M.DLL V1.7.20.0
Dialog DLL:      TCM.DLL V1.56.4.0
 
<h2>Project:</h2>
C:\Users\emiel\Downloads\SDK_2_14_2_FRDM-MCXA153\han_ese_frdm_mcxa153\frdm-mcxa153\projects\shield_examples\oled\polling\mdk\ssd1306_polling.uvprojx
Project File Date:  03/16/2024

<h2>Output:</h2>
*** Using Compiler 'V6.19', folder: 'C:\Keil_v5\ARM\ARMCLANG\Bin'
Rebuild target 'ssd1306_polling debug'
warning: unknown warning option '-Wno-unsafe-buffer-usage' [-Wunknown-warning-option]
1 warning generated.
compiling bitmaps.c...
warning: unknown warning option '-Wno-unsafe-buffer-usage' [-Wunknown-warning-option]
1 warning generated.
compiling lpi2c0_controller_polling.c...
warning: unknown warning option '-Wno-unsafe-buffer-usage' [-Wunknown-warning-option]
1 warning generated.
compiling fonts.c...
warning: unknown warning option '-Wno-unsafe-buffer-usage' [-Wunknown-warning-option]
1 warning generated.
compiling main.c...
warning: unknown warning option '-Wno-unsafe-buffer-usage' [-Wunknown-warning-option]
1 warning generated.
compiling system_MCXA153.c...
warning: unknown warning option '-Wno-unsafe-buffer-usage' [-Wunknown-warning-option]
1 warning generated.
compiling ssd1306.c...
assembling startup_MCXA153.S...
linking...
Program Size: Code=2848 RO-data=17856 RW-data=4 ZI-data=3076  
".\debug\ssd1306_polling.out" - 0 Error(s), 6 Warning(s).

<h2>Software Packages used:</h2>

Package Vendor: NXP
                https://mcuxpresso.nxp.com/cmsis_pack/repo/NXP.MCXA153_DFP.17.0.0.pack
                NXP.MCXA153_DFP.17.0.0
                Device Family Pack for MCXA153

<h2>Collection of Component include folders:</h2>
  C:/Users/emiel/AppData/Local/Arm/Packs/NXP/MCXA153_DFP/17.0.0/devices/MCXA153

<h2>Collection of Component Files used:</h2>
Build Time Elapsed:  00:00:01
</pre>
</body>
</html>
