Component: Arm Compiler for Embedded 6.19 Tool: armlink [5e73cb00]

==============================================================================

Section Cross References

    lpi2c0_controller_polling.o(.ARM.exidx.text.lpi2c0_controller_init) refers to lpi2c0_controller_polling.o(.text.lpi2c0_controller_init) for [Anonymous Symbol]
    lpi2c0_controller_polling.o(.text.lpi2c0_write_cmd) refers to lpi2c0_controller_polling.o(.text.lpi2c0_wait_busy) for lpi2c0_wait_busy
    lpi2c0_controller_polling.o(.text.lpi2c0_write_cmd) refers to lpi2c0_controller_polling.o(.text.lpi2c0_txfifo_full) for lpi2c0_txfifo_full
    lpi2c0_controller_polling.o(.ARM.exidx.text.lpi2c0_write_cmd) refers to lpi2c0_controller_polling.o(.text.lpi2c0_write_cmd) for [Anonymous Symbol]
    lpi2c0_controller_polling.o(.ARM.exidx.text.lpi2c0_wait_busy) refers to lpi2c0_controller_polling.o(.text.lpi2c0_wait_busy) for [Anonymous Symbol]
    lpi2c0_controller_polling.o(.ARM.exidx.text.lpi2c0_txfifo_full) refers to lpi2c0_controller_polling.o(.text.lpi2c0_txfifo_full) for [Anonymous Symbol]
    lpi2c0_controller_polling.o(.text.lpi2c0_write_data) refers to lpi2c0_controller_polling.o(.text.lpi2c0_wait_busy) for lpi2c0_wait_busy
    lpi2c0_controller_polling.o(.text.lpi2c0_write_data) refers to lpi2c0_controller_polling.o(.text.lpi2c0_txfifo_full) for lpi2c0_txfifo_full
    lpi2c0_controller_polling.o(.ARM.exidx.text.lpi2c0_write_data) refers to lpi2c0_controller_polling.o(.text.lpi2c0_write_data) for [Anonymous Symbol]
    main.o(.text.main) refers to ssd1306.o(.text.ssd1306_init) for ssd1306_init
    main.o(.text.main) refers to ssd1306.o(.text.ssd1306_setorientation) for ssd1306_setorientation
    main.o(.text.main) refers to fonts.o(.rodata.Monospaced_plain_10) for Monospaced_plain_10
    main.o(.text.main) refers to ssd1306.o(.text.ssd1306_setfont) for ssd1306_setfont
    main.o(.text.main) refers to ssd1306.o(.text.ssd1306_clearscreen) for ssd1306_clearscreen
    main.o(.text.main) refers to ssd1306.o(.text.ssd1306_update) for ssd1306_update
    main.o(.text.main) refers to bitmaps.o(.rodata.nxp_logo) for nxp_logo
    main.o(.text.main) refers to ssd1306.o(.text.ssd1306_drawbitmap) for ssd1306_drawbitmap
    main.o(.text.main) refers to main.o(.rodata.str1.1) for .L.str
    main.o(.text.main) refers to ssd1306.o(.text.ssd1306_putstring) for ssd1306_putstring
    main.o(.text.main) refers to bitmaps.o(.rodata.bitmap1) for bitmap1
    main.o(.text.main) refers to fonts.o(.rodata.Monospaced_bold_24) for Monospaced_bold_24
    main.o(.ARM.exidx.text.main) refers to main.o(.text.main) for [Anonymous Symbol]
    ssd1306.o(.text.ssd1306_init) refers to ssd1306.o(.bss.ssd1306_framebuffer) for ssd1306_framebuffer
    ssd1306.o(.text.ssd1306_init) refers to lpi2c0_controller_polling.o(.text.lpi2c0_controller_init) for lpi2c0_controller_init
    ssd1306.o(.text.ssd1306_init) refers to ssd1306.o(.rodata.lpi2c0_controller_init_commands) for lpi2c0_controller_init_commands
    ssd1306.o(.text.ssd1306_init) refers to lpi2c0_controller_polling.o(.text.lpi2c0_write_cmd) for lpi2c0_write_cmd
    ssd1306.o(.ARM.exidx.text.ssd1306_init) refers to ssd1306.o(.text.ssd1306_init) for [Anonymous Symbol]
    ssd1306.o(.text.ssd1306_command) refers to lpi2c0_controller_polling.o(.text.lpi2c0_write_cmd) for lpi2c0_write_cmd
    ssd1306.o(.text.ssd1306_command) refers to lpi2c0_controller_polling.o(.text.lpi2c0_controller_init) for lpi2c0_controller_init
    ssd1306.o(.ARM.exidx.text.ssd1306_command) refers to ssd1306.o(.text.ssd1306_command) for [Anonymous Symbol]
    ssd1306.o(.text.ssd1306_data) refers to lpi2c0_controller_polling.o(.text.lpi2c0_write_data) for lpi2c0_write_data
    ssd1306.o(.text.ssd1306_data) refers to lpi2c0_controller_polling.o(.text.lpi2c0_controller_init) for lpi2c0_controller_init
    ssd1306.o(.ARM.exidx.text.ssd1306_data) refers to ssd1306.o(.text.ssd1306_data) for [Anonymous Symbol]
    ssd1306.o(.text.ssd1306_update) refers to lpi2c0_controller_polling.o(.text.lpi2c0_write_cmd) for lpi2c0_write_cmd
    ssd1306.o(.text.ssd1306_update) refers to lpi2c0_controller_polling.o(.text.lpi2c0_controller_init) for lpi2c0_controller_init
    ssd1306.o(.text.ssd1306_update) refers to ssd1306.o(.text.delay_us) for delay_us
    ssd1306.o(.text.ssd1306_update) refers to ssd1306.o(.bss.ssd1306_framebuffer) for ssd1306_framebuffer
    ssd1306.o(.text.ssd1306_update) refers to lpi2c0_controller_polling.o(.text.lpi2c0_write_data) for lpi2c0_write_data
    ssd1306.o(.ARM.exidx.text.ssd1306_update) refers to ssd1306.o(.text.ssd1306_update) for [Anonymous Symbol]
    ssd1306.o(.ARM.exidx.text.delay_us) refers to ssd1306.o(.text.delay_us) for [Anonymous Symbol]
    ssd1306.o(.text.ssd1306_setfont) refers to ssd1306.o(.data.font) for font
    ssd1306.o(.ARM.exidx.text.ssd1306_setfont) refers to ssd1306.o(.text.ssd1306_setfont) for [Anonymous Symbol]
    ssd1306.o(.text.ssd1306_setorientation) refers to ssd1306.o(.text.delay_us) for delay_us
    ssd1306.o(.text.ssd1306_setorientation) refers to lpi2c0_controller_polling.o(.text.lpi2c0_write_cmd) for lpi2c0_write_cmd
    ssd1306.o(.text.ssd1306_setorientation) refers to lpi2c0_controller_polling.o(.text.lpi2c0_controller_init) for lpi2c0_controller_init
    ssd1306.o(.ARM.exidx.text.ssd1306_setorientation) refers to ssd1306.o(.text.ssd1306_setorientation) for [Anonymous Symbol]
    ssd1306.o(.text.ssd1306_setinverse) refers to ssd1306.o(.text.ssd1306_command) for ssd1306_command
    ssd1306.o(.ARM.exidx.text.ssd1306_setinverse) refers to ssd1306.o(.text.ssd1306_setinverse) for [Anonymous Symbol]
    ssd1306.o(.text.ssd1306_clearscreen) refers to ssd1306.o(.bss.ssd1306_framebuffer) for ssd1306_framebuffer
    ssd1306.o(.text.ssd1306_clearscreen) refers to memset.o(.text) for memset
    ssd1306.o(.ARM.exidx.text.ssd1306_clearscreen) refers to ssd1306.o(.text.ssd1306_clearscreen) for [Anonymous Symbol]
    ssd1306.o(.text.ssd1306_setcontrast) refers to lpi2c0_controller_polling.o(.text.lpi2c0_write_cmd) for lpi2c0_write_cmd
    ssd1306.o(.text.ssd1306_setcontrast) refers to lpi2c0_controller_polling.o(.text.lpi2c0_controller_init) for lpi2c0_controller_init
    ssd1306.o(.ARM.exidx.text.ssd1306_setcontrast) refers to ssd1306.o(.text.ssd1306_setcontrast) for [Anonymous Symbol]
    ssd1306.o(.text.ssd1306_goto) refers to ssd1306.o(.bss.x) for x
    ssd1306.o(.text.ssd1306_goto) refers to ssd1306.o(.bss.y) for y
    ssd1306.o(.ARM.exidx.text.ssd1306_goto) refers to ssd1306.o(.text.ssd1306_goto) for [Anonymous Symbol]
    ssd1306.o(.text.ssd1306_setpixel) refers to ssd1306.o(.bss.ssd1306_framebuffer) for ssd1306_framebuffer
    ssd1306.o(.ARM.exidx.text.ssd1306_setpixel) refers to ssd1306.o(.text.ssd1306_setpixel) for [Anonymous Symbol]
    ssd1306.o(.text.ssd1306_putchar) refers to ssd1306.o(.data.font) for font
    ssd1306.o(.text.ssd1306_putchar) refers to ssd1306.o(.bss.y) for y
    ssd1306.o(.text.ssd1306_putchar) refers to ssd1306.o(.bss.x) for x
    ssd1306.o(.text.ssd1306_putchar) refers to ssd1306.o(.text.ssd1306_setpixel) for ssd1306_setpixel
    ssd1306.o(.ARM.exidx.text.ssd1306_putchar) refers to ssd1306.o(.text.ssd1306_putchar) for [Anonymous Symbol]
    ssd1306.o(.text.ssd1306_putstring) refers to ssd1306.o(.text.ssd1306_goto) for ssd1306_goto
    ssd1306.o(.text.ssd1306_putstring) refers to ssd1306.o(.data.font) for font
    ssd1306.o(.text.ssd1306_putstring) refers to ssd1306.o(.text.ssd1306_putchar) for ssd1306_putchar
    ssd1306.o(.ARM.exidx.text.ssd1306_putstring) refers to ssd1306.o(.text.ssd1306_putstring) for [Anonymous Symbol]
    ssd1306.o(.text.ssd1306_terminal) refers to ssd1306.o(.data.font) for font
    ssd1306.o(.text.ssd1306_terminal) refers to ssd1306.o(.bss.y) for y
    ssd1306.o(.text.ssd1306_terminal) refers to ssd1306.o(.bss.ssd1306_framebuffer) for ssd1306_framebuffer
    ssd1306.o(.text.ssd1306_terminal) refers to ssd1306.o(.text.ssd1306_setpixel) for ssd1306_setpixel
    ssd1306.o(.text.ssd1306_terminal) refers to ssd1306.o(.text.ssd1306_goto) for ssd1306_goto
    ssd1306.o(.text.ssd1306_terminal) refers to ssd1306.o(.text.ssd1306_putchar) for ssd1306_putchar
    ssd1306.o(.ARM.exidx.text.ssd1306_terminal) refers to ssd1306.o(.text.ssd1306_terminal) for [Anonymous Symbol]
    ssd1306.o(.text.ssd1306_drawline) refers to ssd1306.o(.text.ssd1306_setpixel) for ssd1306_setpixel
    ssd1306.o(.ARM.exidx.text.ssd1306_drawline) refers to ssd1306.o(.text.ssd1306_drawline) for [Anonymous Symbol]
    ssd1306.o(.text.ssd1306_drawbitmap) refers to ssd1306.o(.bss.ssd1306_framebuffer) for ssd1306_framebuffer
    ssd1306.o(.text.ssd1306_drawbitmap) refers to memcpy.o(.text) for memcpy
    ssd1306.o(.ARM.exidx.text.ssd1306_drawbitmap) refers to ssd1306.o(.text.ssd1306_drawbitmap) for [Anonymous Symbol]
    ssd1306.o(.data.font) refers to fonts.o(.rodata.Monospaced_plain_10) for Monospaced_plain_10
    system_mcxa153.o(.text.SystemInit) refers to startup_mcxa153.o(.isr_vector) for __Vectors
    system_mcxa153.o(.text.SystemInit) refers to system_mcxa153.o(.text.SystemInitHook) for SystemInitHook
    system_mcxa153.o(.ARM.exidx.text.SystemInit) refers to system_mcxa153.o(.text.SystemInit) for [Anonymous Symbol]
    system_mcxa153.o(.ARM.exidx.text.SystemInitHook) refers to system_mcxa153.o(.text.SystemInitHook) for [Anonymous Symbol]
    system_mcxa153.o(.ARM.exidx.text.SystemCoreClockUpdate) refers to system_mcxa153.o(.text.SystemCoreClockUpdate) for [Anonymous Symbol]
    startup_mcxa153.o(.text) refers to startup_mcxa153.o(.isr_vector) for __Vectors
    startup_mcxa153.o(.text) refers to system_mcxa153.o(.text.SystemInit) for SystemInit
    startup_mcxa153.o(.text) refers to entry.o(.ARM.Collect$$$$00000000) for __main
    startup_mcxa153.o(.isr_vector) refers to startup_mcxa153.o(.text) for Reset_Handler
    entry.o(.ARM.Collect$$$$00000000) refers (Special) to entry10a.o(.ARM.Collect$$$$0000000D) for __rt_final_cpp
    entry.o(.ARM.Collect$$$$00000000) refers (Special) to entry11a.o(.ARM.Collect$$$$0000000F) for __rt_final_exit
    entry.o(.ARM.Collect$$$$00000000) refers (Special) to entry7b.o(.ARM.Collect$$$$00000008) for _main_clock
    entry.o(.ARM.Collect$$$$00000000) refers (Special) to entry8b.o(.ARM.Collect$$$$0000000A) for _main_cpp_init
    entry.o(.ARM.Collect$$$$00000000) refers (Special) to entry9a.o(.ARM.Collect$$$$0000000B) for _main_init
    entry.o(.ARM.Collect$$$$00000000) refers (Special) to entry5.o(.ARM.Collect$$$$00000004) for _main_scatterload
    entry.o(.ARM.Collect$$$$00000000) refers (Special) to entry4.o(.ARM.Collect$$$$00000003) for _main_stk
    entry4.o(.ARM.Collect$$$$00000003) refers to entry4.o(.ARM.Collect$$$$00002714) for __lit__00000000
    entry4.o(__vectab_stack_and_reset_area) refers to entry.o(.ARM.Collect$$$$00000000) for __main
    entry5.o(.ARM.Collect$$$$00000004) refers to init.o(.text) for __scatterload
    entry9a.o(.ARM.Collect$$$$0000000B) refers to main.o(.text.main) for main
    entry9b.o(.ARM.Collect$$$$0000000C) refers to main.o(.text.main) for main
    init.o(.text) refers to entry5.o(.ARM.Collect$$$$00000004) for __main_after_scatterload


==============================================================================

Removing Unused input sections from the image.

    Removing bitmaps.o(.text), (0 bytes).
    Removing bitmaps.o(.rodata.bitmap2), (1024 bytes).
    Removing fonts.o(.text), (0 bytes).
    Removing fonts.o(.rodata.Dialog_plain_12), (3793 bytes).
    Removing lpi2c0_controller_polling.o(.text), (0 bytes).
    Removing lpi2c0_controller_polling.o(.ARM.exidx.text.lpi2c0_controller_init), (8 bytes).
    Removing lpi2c0_controller_polling.o(.ARM.exidx.text.lpi2c0_write_cmd), (8 bytes).
    Removing lpi2c0_controller_polling.o(.ARM.exidx.text.lpi2c0_wait_busy), (8 bytes).
    Removing lpi2c0_controller_polling.o(.ARM.exidx.text.lpi2c0_txfifo_full), (8 bytes).
    Removing lpi2c0_controller_polling.o(.ARM.exidx.text.lpi2c0_write_data), (8 bytes).
    Removing main.o(.text), (0 bytes).
    Removing main.o(.ARM.exidx.text.main), (8 bytes).
    Removing main.o(.ARM.use_no_argv), (4 bytes).
    Removing ssd1306.o(.text), (0 bytes).
    Removing ssd1306.o(.ARM.exidx.text.ssd1306_init), (8 bytes).
    Removing ssd1306.o(.text.ssd1306_command), (34 bytes).
    Removing ssd1306.o(.ARM.exidx.text.ssd1306_command), (8 bytes).
    Removing ssd1306.o(.text.ssd1306_data), (34 bytes).
    Removing ssd1306.o(.ARM.exidx.text.ssd1306_data), (8 bytes).
    Removing ssd1306.o(.ARM.exidx.text.ssd1306_update), (8 bytes).
    Removing ssd1306.o(.ARM.exidx.text.delay_us), (8 bytes).
    Removing ssd1306.o(.ARM.exidx.text.ssd1306_setfont), (8 bytes).
    Removing ssd1306.o(.ARM.exidx.text.ssd1306_setorientation), (8 bytes).
    Removing ssd1306.o(.text.ssd1306_setinverse), (36 bytes).
    Removing ssd1306.o(.ARM.exidx.text.ssd1306_setinverse), (8 bytes).
    Removing ssd1306.o(.ARM.exidx.text.ssd1306_clearscreen), (8 bytes).
    Removing ssd1306.o(.text.ssd1306_setcontrast), (46 bytes).
    Removing ssd1306.o(.ARM.exidx.text.ssd1306_setcontrast), (8 bytes).
    Removing ssd1306.o(.ARM.exidx.text.ssd1306_goto), (8 bytes).
    Removing ssd1306.o(.ARM.exidx.text.ssd1306_setpixel), (8 bytes).
    Removing ssd1306.o(.ARM.exidx.text.ssd1306_putchar), (8 bytes).
    Removing ssd1306.o(.ARM.exidx.text.ssd1306_putstring), (8 bytes).
    Removing ssd1306.o(.text.ssd1306_terminal), (344 bytes).
    Removing ssd1306.o(.ARM.exidx.text.ssd1306_terminal), (8 bytes).
    Removing ssd1306.o(.text.ssd1306_drawline), (398 bytes).
    Removing ssd1306.o(.ARM.exidx.text.ssd1306_drawline), (8 bytes).
    Removing ssd1306.o(.ARM.exidx.text.ssd1306_drawbitmap), (8 bytes).
    Removing ssd1306.o(.rodata..L__const.ssd1306_update.data), (6 bytes).
    Removing ssd1306.o(.rodata.str1.1), (2 bytes).
    Removing system_mcxa153.o(.text), (0 bytes).
    Removing system_mcxa153.o(.ARM.exidx.text.SystemInit), (8 bytes).
    Removing system_mcxa153.o(.ARM.exidx.text.SystemInitHook), (8 bytes).
    Removing system_mcxa153.o(.text.SystemCoreClockUpdate), (2 bytes).
    Removing system_mcxa153.o(.ARM.exidx.text.SystemCoreClockUpdate), (8 bytes).
    Removing system_mcxa153.o(.data.SystemCoreClock), (4 bytes).

45 unused section(s) (total 5935 bytes) removed from the image.

==============================================================================

Image Symbol Table

    Local Symbols

    Symbol Name                              Value     Ov Type        Size  Object(Section)

    ../clib/microlib/init/entry.s            0x00000000   Number         0  entry.o ABSOLUTE
    ../clib/microlib/init/entry.s            0x00000000   Number         0  entry4.o ABSOLUTE
    ../clib/microlib/init/entry.s            0x00000000   Number         0  entry5.o ABSOLUTE
    ../clib/microlib/init/entry.s            0x00000000   Number         0  entry7a.o ABSOLUTE
    ../clib/microlib/init/entry.s            0x00000000   Number         0  entry7b.o ABSOLUTE
    ../clib/microlib/init/entry.s            0x00000000   Number         0  entry8a.o ABSOLUTE
    ../clib/microlib/init/entry.s            0x00000000   Number         0  entry8b.o ABSOLUTE
    ../clib/microlib/init/entry.s            0x00000000   Number         0  entry9a.o ABSOLUTE
    ../clib/microlib/init/entry.s            0x00000000   Number         0  entry9b.o ABSOLUTE
    ../clib/microlib/init/entry.s            0x00000000   Number         0  entry10a.o ABSOLUTE
    ../clib/microlib/init/entry.s            0x00000000   Number         0  entry10b.o ABSOLUTE
    ../clib/microlib/init/entry.s            0x00000000   Number         0  entry11a.o ABSOLUTE
    ../clib/microlib/init/entry.s            0x00000000   Number         0  entry11b.o ABSOLUTE
    ../clib/microlib/string/memcpy.c         0x00000000   Number         0  memcpy.o ABSOLUTE
    ../clib/microlib/string/memcpy.c         0x00000000   Number         0  memcpyc.o ABSOLUTE
    ../clib/microlib/string/memset.c         0x00000000   Number         0  memset.o ABSOLUTE
    ../clib/microlib/string/memset.c         0x00000000   Number         0  memseta.o ABSOLUTE
    bitmaps.c                                0x00000000   Number         0  bitmaps.o ABSOLUTE
    dc.s                                     0x00000000   Number         0  dc.o ABSOLUTE
    fonts.c                                  0x00000000   Number         0  fonts.o ABSOLUTE
    handlers.s                               0x00000000   Number         0  handlers.o ABSOLUTE
    init.s                                   0x00000000   Number         0  init.o ABSOLUTE
    lpi2c0_controller_polling.c              0x00000000   Number         0  lpi2c0_controller_polling.o ABSOLUTE
    main.c                                   0x00000000   Number         0  main.o ABSOLUTE
    ssd1306.c                                0x00000000   Number         0  ssd1306.o ABSOLUTE
    system_MCXA153.c                         0x00000000   Number         0  system_mcxa153.o ABSOLUTE
    .ARM.Collect$$$$00000000                 0x00000200   Section        0  entry.o(.ARM.Collect$$$$00000000)
    .ARM.Collect$$$$00000003                 0x00000200   Section        4  entry4.o(.ARM.Collect$$$$00000003)
    .ARM.Collect$$$$00000004                 0x00000204   Section        4  entry5.o(.ARM.Collect$$$$00000004)
    .ARM.Collect$$$$00000008                 0x00000208   Section        0  entry7b.o(.ARM.Collect$$$$00000008)
    .ARM.Collect$$$$0000000A                 0x00000208   Section        0  entry8b.o(.ARM.Collect$$$$0000000A)
    .ARM.Collect$$$$0000000B                 0x00000208   Section        8  entry9a.o(.ARM.Collect$$$$0000000B)
    __lit__00000000                          0x00000210   Data           4  entry4.o(.ARM.Collect$$$$00002714)
    .ARM.Collect$$$$0000000D                 0x00000210   Section        0  entry10a.o(.ARM.Collect$$$$0000000D)
    .ARM.Collect$$$$0000000F                 0x00000210   Section        0  entry11a.o(.ARM.Collect$$$$0000000F)
    .ARM.Collect$$$$00002714                 0x00000210   Section        4  entry4.o(.ARM.Collect$$$$00002714)
    [Anonymous Symbol]                       0x00000214   Section        0  startup_mcxa153.o(.text)
    .text                                    0x000004f4   Section        0  memcpy.o(.text)
    .text                                    0x0000051c   Section        0  memset.o(.text)
    .text                                    0x00000530   Section       36  init.o(.text)
    [Anonymous Symbol]                       0x00000554   Section        0  system_mcxa153.o(.text.SystemInit)
    [Anonymous Symbol]                       0x000005a8   Section        0  system_mcxa153.o(.text.SystemInitHook)
    delay_us                                 0x000005ad   Thumb Code    36  ssd1306.o(.text.delay_us)
    [Anonymous Symbol]                       0x000005ac   Section        0  ssd1306.o(.text.delay_us)
    [Anonymous Symbol]                       0x000005d0   Section        0  lpi2c0_controller_polling.o(.text.lpi2c0_controller_init)
    lpi2c0_txfifo_full                       0x00000661   Thumb Code    32  lpi2c0_controller_polling.o(.text.lpi2c0_txfifo_full)
    [Anonymous Symbol]                       0x00000660   Section        0  lpi2c0_controller_polling.o(.text.lpi2c0_txfifo_full)
    lpi2c0_wait_busy                         0x00000681   Thumb Code    24  lpi2c0_controller_polling.o(.text.lpi2c0_wait_busy)
    [Anonymous Symbol]                       0x00000680   Section        0  lpi2c0_controller_polling.o(.text.lpi2c0_wait_busy)
    [Anonymous Symbol]                       0x00000698   Section        0  lpi2c0_controller_polling.o(.text.lpi2c0_write_cmd)
    [Anonymous Symbol]                       0x00000734   Section        0  lpi2c0_controller_polling.o(.text.lpi2c0_write_data)
    [Anonymous Symbol]                       0x000007d4   Section        0  main.o(.text.main)
    [Anonymous Symbol]                       0x000008c4   Section        0  ssd1306.o(.text.ssd1306_clearscreen)
    [Anonymous Symbol]                       0x000008dc   Section        0  ssd1306.o(.text.ssd1306_drawbitmap)
    [Anonymous Symbol]                       0x000008f8   Section        0  ssd1306.o(.text.ssd1306_goto)
    [Anonymous Symbol]                       0x0000093c   Section        0  ssd1306.o(.text.ssd1306_init)
    [Anonymous Symbol]                       0x00000984   Section        0  ssd1306.o(.text.ssd1306_putchar)
    [Anonymous Symbol]                       0x00000b4c   Section        0  ssd1306.o(.text.ssd1306_putstring)
    [Anonymous Symbol]                       0x00000be0   Section        0  ssd1306.o(.text.ssd1306_setfont)
    [Anonymous Symbol]                       0x00000bf4   Section        0  ssd1306.o(.text.ssd1306_setorientation)
    [Anonymous Symbol]                       0x00000c40   Section        0  ssd1306.o(.text.ssd1306_setpixel)
    [Anonymous Symbol]                       0x00000cb4   Section        0  ssd1306.o(.text.ssd1306_update)
    i.__scatterload_copy                     0x00000d02   Section       14  handlers.o(i.__scatterload_copy)
    i.__scatterload_null                     0x00000d10   Section        2  handlers.o(i.__scatterload_null)
    i.__scatterload_zeroinit                 0x00000d12   Section       14  handlers.o(i.__scatterload_zeroinit)
    lpi2c0_controller_init_commands          0x00004d11   Data          29  ssd1306.o(.rodata.lpi2c0_controller_init_commands)
    [Anonymous Symbol]                       0x00004d11   Section        0  ssd1306.o(.rodata.lpi2c0_controller_init_commands)
    .L.str                                   0x0000512e   Data           4  main.o(.rodata.str1.1)
    [Anonymous Symbol]                       0x0000512e   Section        0  main.o(.rodata.str1.1)
    .L.str.2                                 0x00005132   Data           5  main.o(.rodata.str1.1)
    .L.str.1                                 0x00005137   Data           9  main.o(.rodata.str1.1)
    font                                     0x20000000   Data           4  ssd1306.o(.data.font)
    [Anonymous Symbol]                       0x20000000   Section        0  ssd1306.o(.data.font)
    x                                        0x20000404   Data           1  ssd1306.o(.bss.x)
    [Anonymous Symbol]                       0x20000404   Section        0  ssd1306.o(.bss.x)
    y                                        0x20000405   Data           1  ssd1306.o(.bss.y)
    [Anonymous Symbol]                       0x20000405   Section        0  ssd1306.o(.bss.y)
    VTOR                                     0xe000ed08   Number         0  startup_mcxa153.o ABSOLUTE

    Global Symbols

    Symbol Name                              Value     Ov Type        Size  Object(Section)

    BuildAttributes$$THM_ISAv4$P$D$K$B$S$8M$PE$A:L22UL41UL21$X:L11$S22US41US21$IEEE1$IW$USESV6$~STKCKD$USESV7$~SHL$OSPACE$EBA8$MICROLIB$REQ8$PRES8$EABIv2 0x00000000   Number         0  anon$$obj.o ABSOLUTE
    __Vectors                                0x00000000   Number       384  startup_mcxa153.o(.isr_vector)
    __cpp_initialize__aeabi_                  - Undefined Weak Reference
    __cxa_finalize                            - Undefined Weak Reference
    __decompress                              - Undefined Weak Reference
    _clock_init                               - Undefined Weak Reference
    _microlib_exit                            - Undefined Weak Reference
    __main                                   0x00000201   Thumb Code     0  entry.o(.ARM.Collect$$$$00000000)
    _main_stk                                0x00000201   Thumb Code     0  entry4.o(.ARM.Collect$$$$00000003)
    _main_scatterload                        0x00000205   Thumb Code     0  entry5.o(.ARM.Collect$$$$00000004)
    __main_after_scatterload                 0x00000209   Thumb Code     0  entry5.o(.ARM.Collect$$$$00000004)
    _main_clock                              0x00000209   Thumb Code     0  entry7b.o(.ARM.Collect$$$$00000008)
    _main_cpp_init                           0x00000209   Thumb Code     0  entry8b.o(.ARM.Collect$$$$0000000A)
    _main_init                               0x00000209   Thumb Code     0  entry9a.o(.ARM.Collect$$$$0000000B)
    __rt_final_cpp                           0x00000211   Thumb Code     0  entry10a.o(.ARM.Collect$$$$0000000D)
    __rt_final_exit                          0x00000211   Thumb Code     0  entry11a.o(.ARM.Collect$$$$0000000F)
    Reset_Handler                            0x00000215   Thumb Code    52  startup_mcxa153.o(.text)
    ADC0_DriverIRQHandler                    0x00000249   Thumb Code     4  startup_mcxa153.o(.text)
    BusFault_Handler                         0x00000249   Thumb Code     4  startup_mcxa153.o(.text)
    CDOG0_DriverIRQHandler                   0x00000249   Thumb Code     4  startup_mcxa153.o(.text)
    CMC_DriverIRQHandler                     0x00000249   Thumb Code     4  startup_mcxa153.o(.text)
    CMP0_DriverIRQHandler                    0x00000249   Thumb Code     4  startup_mcxa153.o(.text)
    CMP1_DriverIRQHandler                    0x00000249   Thumb Code     4  startup_mcxa153.o(.text)
    CTIMER0_DriverIRQHandler                 0x00000249   Thumb Code     4  startup_mcxa153.o(.text)
    CTIMER1_DriverIRQHandler                 0x00000249   Thumb Code     4  startup_mcxa153.o(.text)
    CTIMER2_DriverIRQHandler                 0x00000249   Thumb Code     4  startup_mcxa153.o(.text)
    DMA_CH0_DriverIRQHandler                 0x00000249   Thumb Code     4  startup_mcxa153.o(.text)
    DMA_CH1_DriverIRQHandler                 0x00000249   Thumb Code     4  startup_mcxa153.o(.text)
    DMA_CH2_DriverIRQHandler                 0x00000249   Thumb Code     4  startup_mcxa153.o(.text)
    DMA_CH3_DriverIRQHandler                 0x00000249   Thumb Code     4  startup_mcxa153.o(.text)
    DebugMon_Handler                         0x00000249   Thumb Code     4  startup_mcxa153.o(.text)
    DefaultISR                               0x00000249   Thumb Code     4  startup_mcxa153.o(.text)
    ERM0_MULTI_BIT_DriverIRQHandler          0x00000249   Thumb Code     4  startup_mcxa153.o(.text)
    ERM0_SINGLE_BIT_DriverIRQHandler         0x00000249   Thumb Code     4  startup_mcxa153.o(.text)
    FLEXPWM0_FAULT_DriverIRQHandler          0x00000249   Thumb Code     4  startup_mcxa153.o(.text)
    FLEXPWM0_RELOAD_ERROR_DriverIRQHandler   0x00000249   Thumb Code     4  startup_mcxa153.o(.text)
    FLEXPWM0_SUBMODULE0_DriverIRQHandler     0x00000249   Thumb Code     4  startup_mcxa153.o(.text)
    FLEXPWM0_SUBMODULE1_DriverIRQHandler     0x00000249   Thumb Code     4  startup_mcxa153.o(.text)
    FLEXPWM0_SUBMODULE2_DriverIRQHandler     0x00000249   Thumb Code     4  startup_mcxa153.o(.text)
    FMU0_DriverIRQHandler                    0x00000249   Thumb Code     4  startup_mcxa153.o(.text)
    FREQME0_DriverIRQHandler                 0x00000249   Thumb Code     4  startup_mcxa153.o(.text)
    GLIKEY0_DriverIRQHandler                 0x00000249   Thumb Code     4  startup_mcxa153.o(.text)
    GPIO0_DriverIRQHandler                   0x00000249   Thumb Code     4  startup_mcxa153.o(.text)
    GPIO1_DriverIRQHandler                   0x00000249   Thumb Code     4  startup_mcxa153.o(.text)
    GPIO2_DriverIRQHandler                   0x00000249   Thumb Code     4  startup_mcxa153.o(.text)
    GPIO3_DriverIRQHandler                   0x00000249   Thumb Code     4  startup_mcxa153.o(.text)
    I3C0_DriverIRQHandler                    0x00000249   Thumb Code     4  startup_mcxa153.o(.text)
    LPI2C0_DriverIRQHandler                  0x00000249   Thumb Code     4  startup_mcxa153.o(.text)
    LPSPI0_DriverIRQHandler                  0x00000249   Thumb Code     4  startup_mcxa153.o(.text)
    LPSPI1_DriverIRQHandler                  0x00000249   Thumb Code     4  startup_mcxa153.o(.text)
    LPTMR0_DriverIRQHandler                  0x00000249   Thumb Code     4  startup_mcxa153.o(.text)
    LPUART0_DriverIRQHandler                 0x00000249   Thumb Code     4  startup_mcxa153.o(.text)
    LPUART1_DriverIRQHandler                 0x00000249   Thumb Code     4  startup_mcxa153.o(.text)
    LPUART2_DriverIRQHandler                 0x00000249   Thumb Code     4  startup_mcxa153.o(.text)
    MBC0_DriverIRQHandler                    0x00000249   Thumb Code     4  startup_mcxa153.o(.text)
    MemManage_Handler                        0x00000249   Thumb Code     4  startup_mcxa153.o(.text)
    OS_EVENT_DriverIRQHandler                0x00000249   Thumb Code     4  startup_mcxa153.o(.text)
    QDC0_COMPARE_DriverIRQHandler            0x00000249   Thumb Code     4  startup_mcxa153.o(.text)
    QDC0_HOME_DriverIRQHandler               0x00000249   Thumb Code     4  startup_mcxa153.o(.text)
    QDC0_INDEX_DriverIRQHandler              0x00000249   Thumb Code     4  startup_mcxa153.o(.text)
    QDC0_WATCHDOG_DriverIRQHandler           0x00000249   Thumb Code     4  startup_mcxa153.o(.text)
    Reserved16_DriverIRQHandler              0x00000249   Thumb Code     4  startup_mcxa153.o(.text)
    Reserved22_DriverIRQHandler              0x00000249   Thumb Code     4  startup_mcxa153.o(.text)
    Reserved23_DriverIRQHandler              0x00000249   Thumb Code     4  startup_mcxa153.o(.text)
    Reserved24_DriverIRQHandler              0x00000249   Thumb Code     4  startup_mcxa153.o(.text)
    Reserved25_DriverIRQHandler              0x00000249   Thumb Code     4  startup_mcxa153.o(.text)
    Reserved33_DriverIRQHandler              0x00000249   Thumb Code     4  startup_mcxa153.o(.text)
    Reserved35_DriverIRQHandler              0x00000249   Thumb Code     4  startup_mcxa153.o(.text)
    Reserved36_DriverIRQHandler              0x00000249   Thumb Code     4  startup_mcxa153.o(.text)
    Reserved37_DriverIRQHandler              0x00000249   Thumb Code     4  startup_mcxa153.o(.text)
    Reserved38_DriverIRQHandler              0x00000249   Thumb Code     4  startup_mcxa153.o(.text)
    Reserved39_DriverIRQHandler              0x00000249   Thumb Code     4  startup_mcxa153.o(.text)
    Reserved41_DriverIRQHandler              0x00000249   Thumb Code     4  startup_mcxa153.o(.text)
    Reserved43_DriverIRQHandler              0x00000249   Thumb Code     4  startup_mcxa153.o(.text)
    Reserved46_DriverIRQHandler              0x00000249   Thumb Code     4  startup_mcxa153.o(.text)
    Reserved50_DriverIRQHandler              0x00000249   Thumb Code     4  startup_mcxa153.o(.text)
    Reserved51_DriverIRQHandler              0x00000249   Thumb Code     4  startup_mcxa153.o(.text)
    Reserved53_DriverIRQHandler              0x00000249   Thumb Code     4  startup_mcxa153.o(.text)
    Reserved58_DriverIRQHandler              0x00000249   Thumb Code     4  startup_mcxa153.o(.text)
    Reserved59_DriverIRQHandler              0x00000249   Thumb Code     4  startup_mcxa153.o(.text)
    Reserved65_DriverIRQHandler              0x00000249   Thumb Code     4  startup_mcxa153.o(.text)
    Reserved72_DriverIRQHandler              0x00000249   Thumb Code     4  startup_mcxa153.o(.text)
    Reserved77_DriverIRQHandler              0x00000249   Thumb Code     4  startup_mcxa153.o(.text)
    Reserved79_DriverIRQHandler              0x00000249   Thumb Code     4  startup_mcxa153.o(.text)
    Reserved82_DriverIRQHandler              0x00000249   Thumb Code     4  startup_mcxa153.o(.text)
    Reserved83_DriverIRQHandler              0x00000249   Thumb Code     4  startup_mcxa153.o(.text)
    Reserved84_DriverIRQHandler              0x00000249   Thumb Code     4  startup_mcxa153.o(.text)
    Reserved85_DriverIRQHandler              0x00000249   Thumb Code     4  startup_mcxa153.o(.text)
    Reserved86_DriverIRQHandler              0x00000249   Thumb Code     4  startup_mcxa153.o(.text)
    Reserved91_DriverIRQHandler              0x00000249   Thumb Code     4  startup_mcxa153.o(.text)
    Reserved92_DriverIRQHandler              0x00000249   Thumb Code     4  startup_mcxa153.o(.text)
    Reserved93_DriverIRQHandler              0x00000249   Thumb Code     4  startup_mcxa153.o(.text)
    Reserved94_DriverIRQHandler              0x00000249   Thumb Code     4  startup_mcxa153.o(.text)
    Reserved95_DriverIRQHandler              0x00000249   Thumb Code     4  startup_mcxa153.o(.text)
    SCG0_DriverIRQHandler                    0x00000249   Thumb Code     4  startup_mcxa153.o(.text)
    SPC0_DriverIRQHandler                    0x00000249   Thumb Code     4  startup_mcxa153.o(.text)
    SecureFault_Handler                      0x00000249   Thumb Code     4  startup_mcxa153.o(.text)
    USB0_DriverIRQHandler                    0x00000249   Thumb Code     4  startup_mcxa153.o(.text)
    UTICK0_DriverIRQHandler                  0x00000249   Thumb Code     4  startup_mcxa153.o(.text)
    UsageFault_Handler                       0x00000249   Thumb Code     4  startup_mcxa153.o(.text)
    WAKETIMER0_DriverIRQHandler              0x00000249   Thumb Code     4  startup_mcxa153.o(.text)
    WUU0_DriverIRQHandler                    0x00000249   Thumb Code     4  startup_mcxa153.o(.text)
    WWDT0_DriverIRQHandler                   0x00000249   Thumb Code     4  startup_mcxa153.o(.text)
    NMI_Handler                              0x0000024d   Thumb Code     4  startup_mcxa153.o(.text)
    HardFault_Handler                        0x00000251   Thumb Code     4  startup_mcxa153.o(.text)
    SVC_Handler                              0x00000255   Thumb Code     4  startup_mcxa153.o(.text)
    PendSV_Handler                           0x00000259   Thumb Code     4  startup_mcxa153.o(.text)
    SysTick_Handler                          0x0000025d   Thumb Code     4  startup_mcxa153.o(.text)
    Reserved16_IRQHandler                    0x00000261   Thumb Code     4  startup_mcxa153.o(.text)
    CMC_IRQHandler                           0x00000265   Thumb Code     4  startup_mcxa153.o(.text)
    DMA_CH0_IRQHandler                       0x00000269   Thumb Code     4  startup_mcxa153.o(.text)
    DMA_CH1_IRQHandler                       0x0000026d   Thumb Code     4  startup_mcxa153.o(.text)
    DMA_CH2_IRQHandler                       0x00000271   Thumb Code     4  startup_mcxa153.o(.text)
    DMA_CH3_IRQHandler                       0x00000275   Thumb Code     4  startup_mcxa153.o(.text)
    Reserved22_IRQHandler                    0x00000279   Thumb Code     4  startup_mcxa153.o(.text)
    Reserved23_IRQHandler                    0x0000027d   Thumb Code     4  startup_mcxa153.o(.text)
    Reserved24_IRQHandler                    0x00000281   Thumb Code     4  startup_mcxa153.o(.text)
    Reserved25_IRQHandler                    0x00000285   Thumb Code     4  startup_mcxa153.o(.text)
    ERM0_SINGLE_BIT_IRQHandler               0x00000289   Thumb Code     4  startup_mcxa153.o(.text)
    ERM0_MULTI_BIT_IRQHandler                0x0000028d   Thumb Code     4  startup_mcxa153.o(.text)
    FMU0_IRQHandler                          0x00000291   Thumb Code     4  startup_mcxa153.o(.text)
    GLIKEY0_IRQHandler                       0x00000295   Thumb Code     4  startup_mcxa153.o(.text)
    MBC0_IRQHandler                          0x00000299   Thumb Code     4  startup_mcxa153.o(.text)
    SCG0_IRQHandler                          0x0000029d   Thumb Code     4  startup_mcxa153.o(.text)
    SPC0_IRQHandler                          0x000002a1   Thumb Code     4  startup_mcxa153.o(.text)
    Reserved33_IRQHandler                    0x000002a5   Thumb Code     4  startup_mcxa153.o(.text)
    WUU0_IRQHandler                          0x000002a9   Thumb Code     4  startup_mcxa153.o(.text)
    Reserved35_IRQHandler                    0x000002ad   Thumb Code     4  startup_mcxa153.o(.text)
    Reserved36_IRQHandler                    0x000002b1   Thumb Code     4  startup_mcxa153.o(.text)
    Reserved37_IRQHandler                    0x000002b5   Thumb Code     4  startup_mcxa153.o(.text)
    Reserved38_IRQHandler                    0x000002b9   Thumb Code     4  startup_mcxa153.o(.text)
    Reserved39_IRQHandler                    0x000002bd   Thumb Code     4  startup_mcxa153.o(.text)
    I3C0_IRQHandler                          0x000002c1   Thumb Code     4  startup_mcxa153.o(.text)
    Reserved41_IRQHandler                    0x000002c5   Thumb Code     4  startup_mcxa153.o(.text)
    LPI2C0_IRQHandler                        0x000002c9   Thumb Code     4  startup_mcxa153.o(.text)
    Reserved43_IRQHandler                    0x000002cd   Thumb Code     4  startup_mcxa153.o(.text)
    LPSPI0_IRQHandler                        0x000002d1   Thumb Code     4  startup_mcxa153.o(.text)
    LPSPI1_IRQHandler                        0x000002d5   Thumb Code     4  startup_mcxa153.o(.text)
    Reserved46_IRQHandler                    0x000002d9   Thumb Code     4  startup_mcxa153.o(.text)
    LPUART0_IRQHandler                       0x000002dd   Thumb Code     4  startup_mcxa153.o(.text)
    LPUART1_IRQHandler                       0x000002e1   Thumb Code     4  startup_mcxa153.o(.text)
    LPUART2_IRQHandler                       0x000002e5   Thumb Code     4  startup_mcxa153.o(.text)
    Reserved50_IRQHandler                    0x000002e9   Thumb Code     4  startup_mcxa153.o(.text)
    Reserved51_IRQHandler                    0x000002ed   Thumb Code     4  startup_mcxa153.o(.text)
    USB0_IRQHandler                          0x000002f1   Thumb Code     4  startup_mcxa153.o(.text)
    Reserved53_IRQHandler                    0x000002f5   Thumb Code     4  startup_mcxa153.o(.text)
    CDOG0_IRQHandler                         0x000002f9   Thumb Code     4  startup_mcxa153.o(.text)
    CTIMER0_IRQHandler                       0x000002fd   Thumb Code     4  startup_mcxa153.o(.text)
    CTIMER1_IRQHandler                       0x00000301   Thumb Code     4  startup_mcxa153.o(.text)
    CTIMER2_IRQHandler                       0x00000305   Thumb Code     4  startup_mcxa153.o(.text)
    Reserved58_IRQHandler                    0x00000309   Thumb Code     4  startup_mcxa153.o(.text)
    Reserved59_IRQHandler                    0x0000030d   Thumb Code     4  startup_mcxa153.o(.text)
    FLEXPWM0_RELOAD_ERROR_IRQHandler         0x00000311   Thumb Code     4  startup_mcxa153.o(.text)
    FLEXPWM0_FAULT_IRQHandler                0x00000315   Thumb Code     4  startup_mcxa153.o(.text)
    FLEXPWM0_SUBMODULE0_IRQHandler           0x00000319   Thumb Code     4  startup_mcxa153.o(.text)
    FLEXPWM0_SUBMODULE1_IRQHandler           0x0000031d   Thumb Code     4  startup_mcxa153.o(.text)
    FLEXPWM0_SUBMODULE2_IRQHandler           0x00000321   Thumb Code     4  startup_mcxa153.o(.text)
    Reserved65_IRQHandler                    0x00000325   Thumb Code     4  startup_mcxa153.o(.text)
    QDC0_COMPARE_IRQHandler                  0x00000329   Thumb Code     4  startup_mcxa153.o(.text)
    QDC0_HOME_IRQHandler                     0x0000032d   Thumb Code     4  startup_mcxa153.o(.text)
    QDC0_WATCHDOG_IRQHandler                 0x00000331   Thumb Code     4  startup_mcxa153.o(.text)
    QDC0_INDEX_IRQHandler                    0x00000335   Thumb Code     4  startup_mcxa153.o(.text)
    FREQME0_IRQHandler                       0x00000339   Thumb Code     4  startup_mcxa153.o(.text)
    LPTMR0_IRQHandler                        0x0000033d   Thumb Code     4  startup_mcxa153.o(.text)
    Reserved72_IRQHandler                    0x00000341   Thumb Code     4  startup_mcxa153.o(.text)
    OS_EVENT_IRQHandler                      0x00000345   Thumb Code     4  startup_mcxa153.o(.text)
    WAKETIMER0_IRQHandler                    0x00000349   Thumb Code     4  startup_mcxa153.o(.text)
    UTICK0_IRQHandler                        0x0000034d   Thumb Code     4  startup_mcxa153.o(.text)
    WWDT0_IRQHandler                         0x00000351   Thumb Code     4  startup_mcxa153.o(.text)
    Reserved77_IRQHandler                    0x00000355   Thumb Code     4  startup_mcxa153.o(.text)
    ADC0_IRQHandler                          0x00000359   Thumb Code     4  startup_mcxa153.o(.text)
    Reserved79_IRQHandler                    0x0000035d   Thumb Code     4  startup_mcxa153.o(.text)
    CMP0_IRQHandler                          0x00000361   Thumb Code     4  startup_mcxa153.o(.text)
    CMP1_IRQHandler                          0x00000365   Thumb Code     4  startup_mcxa153.o(.text)
    Reserved82_IRQHandler                    0x00000369   Thumb Code     4  startup_mcxa153.o(.text)
    Reserved83_IRQHandler                    0x0000036d   Thumb Code     4  startup_mcxa153.o(.text)
    Reserved84_IRQHandler                    0x00000371   Thumb Code     4  startup_mcxa153.o(.text)
    Reserved85_IRQHandler                    0x00000375   Thumb Code     4  startup_mcxa153.o(.text)
    Reserved86_IRQHandler                    0x00000379   Thumb Code     4  startup_mcxa153.o(.text)
    GPIO0_IRQHandler                         0x0000037d   Thumb Code     4  startup_mcxa153.o(.text)
    GPIO1_IRQHandler                         0x00000381   Thumb Code     4  startup_mcxa153.o(.text)
    GPIO2_IRQHandler                         0x00000385   Thumb Code     4  startup_mcxa153.o(.text)
    GPIO3_IRQHandler                         0x00000389   Thumb Code     4  startup_mcxa153.o(.text)
    Reserved91_IRQHandler                    0x0000038d   Thumb Code     4  startup_mcxa153.o(.text)
    Reserved92_IRQHandler                    0x00000391   Thumb Code     4  startup_mcxa153.o(.text)
    Reserved93_IRQHandler                    0x00000395   Thumb Code     4  startup_mcxa153.o(.text)
    Reserved94_IRQHandler                    0x00000399   Thumb Code     4  startup_mcxa153.o(.text)
    Reserved95_IRQHandler                    0x0000039d   Thumb Code     4  startup_mcxa153.o(.text)
    ___aeabi_memcpy$ret                      0x000004f5   Thumb Code    40  memcpy.o(.text)
    ___aeabi_memcpy4$ret                     0x000004f5   Thumb Code     0  memcpy.o(.text)
    ___aeabi_memcpy8$ret                     0x000004f5   Thumb Code     0  memcpy.o(.text)
    memcpy                                   0x000004f5   Thumb Code     0  memcpy.o(.text)
    memset                                   0x0000051d   Thumb Code    18  memset.o(.text)
    __scatterload                            0x00000531   Thumb Code    28  init.o(.text)
    __scatterload_rt2                        0x00000531   Thumb Code     0  init.o(.text)
    SystemInit                               0x00000555   Thumb Code    84  system_mcxa153.o(.text.SystemInit)
    SystemInitHook                           0x000005a9   Thumb Code     2  system_mcxa153.o(.text.SystemInitHook)
    lpi2c0_controller_init                   0x000005d1   Thumb Code   142  lpi2c0_controller_polling.o(.text.lpi2c0_controller_init)
    lpi2c0_write_cmd                         0x00000699   Thumb Code   156  lpi2c0_controller_polling.o(.text.lpi2c0_write_cmd)
    lpi2c0_write_data                        0x00000735   Thumb Code   158  lpi2c0_controller_polling.o(.text.lpi2c0_write_data)
    main                                     0x000007d5   Thumb Code   240  main.o(.text.main)
    ssd1306_clearscreen                      0x000008c5   Thumb Code    22  ssd1306.o(.text.ssd1306_clearscreen)
    ssd1306_drawbitmap                       0x000008dd   Thumb Code    28  ssd1306.o(.text.ssd1306_drawbitmap)
    ssd1306_goto                             0x000008f9   Thumb Code    66  ssd1306.o(.text.ssd1306_goto)
    ssd1306_init                             0x0000093d   Thumb Code    70  ssd1306.o(.text.ssd1306_init)
    ssd1306_putchar                          0x00000985   Thumb Code   456  ssd1306.o(.text.ssd1306_putchar)
    ssd1306_putstring                        0x00000b4d   Thumb Code   146  ssd1306.o(.text.ssd1306_putstring)
    ssd1306_setfont                          0x00000be1   Thumb Code    20  ssd1306.o(.text.ssd1306_setfont)
    ssd1306_setorientation                   0x00000bf5   Thumb Code    76  ssd1306.o(.text.ssd1306_setorientation)
    ssd1306_setpixel                         0x00000c41   Thumb Code   114  ssd1306.o(.text.ssd1306_setpixel)
    ssd1306_update                           0x00000cb5   Thumb Code    78  ssd1306.o(.text.ssd1306_update)
    __scatterload_copy                       0x00000d03   Thumb Code    14  handlers.o(i.__scatterload_copy)
    __scatterload_null                       0x00000d11   Thumb Code     2  handlers.o(i.__scatterload_null)
    __scatterload_zeroinit                   0x00000d13   Thumb Code    14  handlers.o(i.__scatterload_zeroinit)
    Monospaced_bold_24                       0x00000d20   Data       11967  fonts.o(.rodata.Monospaced_bold_24)
    Monospaced_plain_10                      0x00003bdf   Data        3378  fonts.o(.rodata.Monospaced_plain_10)
    bitmap1                                  0x00004911   Data        1024  bitmaps.o(.rodata.bitmap1)
    nxp_logo                                 0x00004d2e   Data        1024  bitmaps.o(.rodata.nxp_logo)
    Region$$Table$$Base                      0x00005140   Number         0  anon$$obj.o(Region$$Table)
    Region$$Table$$Limit                     0x00005160   Number         0  anon$$obj.o(Region$$Table)
    ssd1306_framebuffer                      0x20000004   Data        1024  ssd1306.o(.bss.ssd1306_framebuffer)
    Image$$ARM_LIB_STACK$$ZI$$Base           0x20005c00   Number         0  anon$$obj.o ABSOLUTE
    Image$$ARM_LIB_STACK$$ZI$$Limit          0x20006000   Number         0  anon$$obj.o ABSOLUTE



==============================================================================

Memory Map of the image

  Image Entry point : 0x00000215

  Load Region LR_m_text (Base: 0x00000000, Size: 0x00005164, Max: 0x00020000, ABSOLUTE)

    Execution Region VECTOR_ROM (Exec base: 0x00000000, Load base: 0x00000000, Size: 0x00000180, Max: 0x00000200, ABSOLUTE)

    Exec Addr    Load Addr    Size         Type   Attr      Idx    E Section Name        Object

    0x00000000   0x00000000   0x00000180   Data   RO          109    .isr_vector         startup_mcxa153.o


    Execution Region ER_m_text (Exec base: 0x00000200, Load base: 0x00000200, Size: 0x00004f60, Max: 0x0001fe00, ABSOLUTE, FIXED)

    Exec Addr    Load Addr    Size         Type   Attr      Idx    E Section Name        Object

    0x00000200   0x00000200   0x00000000   Code   RO          114  * .ARM.Collect$$$$00000000  mc_w.l(entry.o)
    0x00000200   0x00000200   0x00000004   Code   RO          125    .ARM.Collect$$$$00000003  mc_w.l(entry4.o)
    0x00000204   0x00000204   0x00000004   Code   RO          128    .ARM.Collect$$$$00000004  mc_w.l(entry5.o)
    0x00000208   0x00000208   0x00000000   Code   RO          130    .ARM.Collect$$$$00000008  mc_w.l(entry7b.o)
    0x00000208   0x00000208   0x00000000   Code   RO          132    .ARM.Collect$$$$0000000A  mc_w.l(entry8b.o)
    0x00000208   0x00000208   0x00000008   Code   RO          133    .ARM.Collect$$$$0000000B  mc_w.l(entry9a.o)
    0x00000210   0x00000210   0x00000000   Code   RO          135    .ARM.Collect$$$$0000000D  mc_w.l(entry10a.o)
    0x00000210   0x00000210   0x00000000   Code   RO          137    .ARM.Collect$$$$0000000F  mc_w.l(entry11a.o)
    0x00000210   0x00000210   0x00000004   Code   RO          126    .ARM.Collect$$$$00002714  mc_w.l(entry4.o)
    0x00000214   0x00000214   0x000002e0   Code   RO          108  * .text               startup_mcxa153.o
    0x000004f4   0x000004f4   0x00000028   Code   RO          117    .text               mc_w.l(memcpy.o)
    0x0000051c   0x0000051c   0x00000012   Code   RO          119    .text               mc_w.l(memset.o)
    0x0000052e   0x0000052e   0x00000002   PAD
    0x00000530   0x00000530   0x00000024   Code   RO          139    .text               mc_w.l(init.o)
    0x00000554   0x00000554   0x00000054   Code   RO           95    .text.SystemInit    system_mcxa153.o
    0x000005a8   0x000005a8   0x00000002   Code   RO           97    .text.SystemInitHook  system_mcxa153.o
    0x000005aa   0x000005aa   0x00000002   PAD
    0x000005ac   0x000005ac   0x00000024   Code   RO           55    .text.delay_us      ssd1306.o
    0x000005d0   0x000005d0   0x0000008e   Code   RO           20    .text.lpi2c0_controller_init  lpi2c0_controller_polling.o
    0x0000065e   0x0000065e   0x00000002   PAD
    0x00000660   0x00000660   0x00000020   Code   RO           26    .text.lpi2c0_txfifo_full  lpi2c0_controller_polling.o
    0x00000680   0x00000680   0x00000018   Code   RO           24    .text.lpi2c0_wait_busy  lpi2c0_controller_polling.o
    0x00000698   0x00000698   0x0000009c   Code   RO           22    .text.lpi2c0_write_cmd  lpi2c0_controller_polling.o
    0x00000734   0x00000734   0x0000009e   Code   RO           28    .text.lpi2c0_write_data  lpi2c0_controller_polling.o
    0x000007d2   0x000007d2   0x00000002   PAD
    0x000007d4   0x000007d4   0x000000f0   Code   RO           37    .text.main          main.o
    0x000008c4   0x000008c4   0x00000016   Code   RO           63    .text.ssd1306_clearscreen  ssd1306.o
    0x000008da   0x000008da   0x00000002   PAD
    0x000008dc   0x000008dc   0x0000001c   Code   RO           79    .text.ssd1306_drawbitmap  ssd1306.o
    0x000008f8   0x000008f8   0x00000042   Code   RO           67    .text.ssd1306_goto  ssd1306.o
    0x0000093a   0x0000093a   0x00000002   PAD
    0x0000093c   0x0000093c   0x00000046   Code   RO           47    .text.ssd1306_init  ssd1306.o
    0x00000982   0x00000982   0x00000002   PAD
    0x00000984   0x00000984   0x000001c8   Code   RO           71    .text.ssd1306_putchar  ssd1306.o
    0x00000b4c   0x00000b4c   0x00000092   Code   RO           73    .text.ssd1306_putstring  ssd1306.o
    0x00000bde   0x00000bde   0x00000002   PAD
    0x00000be0   0x00000be0   0x00000014   Code   RO           57    .text.ssd1306_setfont  ssd1306.o
    0x00000bf4   0x00000bf4   0x0000004c   Code   RO           59    .text.ssd1306_setorientation  ssd1306.o
    0x00000c40   0x00000c40   0x00000072   Code   RO           69    .text.ssd1306_setpixel  ssd1306.o
    0x00000cb2   0x00000cb2   0x00000002   PAD
    0x00000cb4   0x00000cb4   0x0000004e   Code   RO           53    .text.ssd1306_update  ssd1306.o
    0x00000d02   0x00000d02   0x0000000e   Code   RO          143    i.__scatterload_copy  mc_w.l(handlers.o)
    0x00000d10   0x00000d10   0x00000002   Code   RO          144    i.__scatterload_null  mc_w.l(handlers.o)
    0x00000d12   0x00000d12   0x0000000e   Code   RO          145    i.__scatterload_zeroinit  mc_w.l(handlers.o)
    0x00000d20   0x00000d20   0x00002ebf   Data   RO           14    .rodata.Monospaced_bold_24  fonts.o
    0x00003bdf   0x00003bdf   0x00000d32   Data   RO           12    .rodata.Monospaced_plain_10  fonts.o
    0x00004911   0x00004911   0x00000400   Data   RO            4    .rodata.bitmap1     bitmaps.o
    0x00004d11   0x00004d11   0x0000001d   Data   RO           82    .rodata.lpi2c0_controller_init_commands  ssd1306.o
    0x00004d2e   0x00004d2e   0x00000400   Data   RO            6    .rodata.nxp_logo    bitmaps.o
    0x0000512e   0x0000512e   0x00000012   Data   RO           39    .rodata.str1.1      main.o
    0x00005140   0x00005140   0x00000020   Data   RO          142    Region$$Table       anon$$obj.o


    Execution Region RW_m_data (Exec base: 0x20000000, Load base: 0x00005160, Size: 0x00000408, Max: 0x00005800, ABSOLUTE)

    Exec Addr    Load Addr    Size         Type   Attr      Idx    E Section Name        Object

    0x20000000   0x00005160   0x00000004   Data   RW           84    .data.font          ssd1306.o
    0x20000004        -       0x00000400   Zero   RW           81    .bss.ssd1306_framebuffer  ssd1306.o
    0x20000404        -       0x00000001   Zero   RW           86    .bss.x              ssd1306.o
    0x20000405        -       0x00000001   Zero   RW           87    .bss.y              ssd1306.o


    Execution Region ARM_LIB_HEAP (Exec base: 0x20000408, Load base: 0x00005164, Size: 0x00000400, Max: 0x00000400, ABSOLUTE)

    Exec Addr    Load Addr    Size         Type   Attr      Idx    E Section Name        Object

    0x20000408        -       0x00000400   Zero   RW            1    ARM_LIB_HEAP.bss    anon$$obj.o


    Execution Region ARM_LIB_STACK (Exec base: 0x20005c00, Load base: 0x00005164, Size: 0x00000400, Max: 0x00000400, ABSOLUTE)

    Exec Addr    Load Addr    Size         Type   Attr      Idx    E Section Name        Object

    0x20005c00        -       0x00000400   Zero   RW            2    ARM_LIB_STACK.bss   anon$$obj.o


==============================================================================

Image component sizes


      Code (inc. data)   RO Data    RW Data    ZI Data      Debug   Object Name

         0          0       2048          0          0        503   bitmaps.o
         0          0      15345          0          0        565   fonts.o
       512          0          0          0          0       5022   lpi2c0_controller_polling.o
       240          0         18          0          0        805   main.o
      1112          0         29          4       1026       5511   ssd1306.o
       736        360        384          0          0       3528   startup_mcxa153.o
        86          0          0          0          0       3724   system_mcxa153.o

    ----------------------------------------------------------------------
      2702        360      17856          4       3076      19658   Object Totals
         0          0         32          0       2048          0   (incl. Generated)
        16          0          0          0          2          0   (incl. Padding)

    ----------------------------------------------------------------------

      Code (inc. data)   RO Data    RW Data    ZI Data      Debug   Library Member Name

         0          0          0          0          0          0   entry.o
         0          0          0          0          0          0   entry10a.o
         0          0          0          0          0          0   entry11a.o
         8          4          0          0          0          0   entry4.o
         4          0          0          0          0          0   entry5.o
         0          0          0          0          0          0   entry7b.o
         0          0          0          0          0          0   entry8b.o
         8          4          0          0          0          0   entry9a.o
        30          0          0          0          0          0   handlers.o
        36          8          0          0          0         68   init.o
        40          0          0          0          0         76   memcpy.o
        18          0          0          0          0         76   memset.o

    ----------------------------------------------------------------------
       146         16          0          0          0        220   Library Totals
         2          0          0          0          0          0   (incl. Padding)

    ----------------------------------------------------------------------

      Code (inc. data)   RO Data    RW Data    ZI Data      Debug   Library Name

       144         16          0          0          0        220   mc_w.l

    ----------------------------------------------------------------------
       146         16          0          0          0        220   Library Totals

    ----------------------------------------------------------------------

==============================================================================


      Code (inc. data)   RO Data    RW Data    ZI Data      Debug   

      2848        376      17856          4       3076      19970   Grand Totals
      2848        376      17856          4       3076      19970   ELF Image Totals
      2848        376      17856          4          0          0   ROM Totals

==============================================================================

    Total RO  Size (Code + RO Data)                20704 (  20.22kB)
    Total RW  Size (RW Data + ZI Data)              3080 (   3.01kB)
    Total ROM Size (Code + RO Data + RW Data)      20708 (  20.22kB)

==============================================================================

