Component: Arm Compiler for Embedded 6.19 Tool: armlink [5e73cb00]

==============================================================================

Section Cross References

    main.o(.text.main) refers to neopixel_polling.o(.text.neopixel_init) for neopixel_init
    main.o(.text.main) refers to neopixel_polling.o(.text.neopixel_update) for neopixel_update
    main.o(.text.main) refers to main.o(.bss..L_MergedGlobals) for .L_MergedGlobals
    main.o(.ARM.exidx.text.main) refers to main.o(.text.main) for [Anonymous Symbol]
    main.o(.text.SysTick_Handler) refers to main.o(.bss..L_MergedGlobals) for .L_MergedGlobals
    main.o(.ARM.exidx.text.SysTick_Handler) refers to main.o(.text.SysTick_Handler) for [Anonymous Symbol]
    neopixel_polling.o(.ARM.exidx.text.neopixel_init) refers to neopixel_polling.o(.text.neopixel_init) for [Anonymous Symbol]
    neopixel_polling.o(.ARM.exidx.text.neopixel_update) refers to neopixel_polling.o(.text.neopixel_update) for [Anonymous Symbol]
    system_mcxa153.o(.text.SystemInit) refers to startup_mcxa153.o(.isr_vector) for __Vectors
    system_mcxa153.o(.text.SystemInit) refers to system_mcxa153.o(.text.SystemInitHook) for SystemInitHook
    system_mcxa153.o(.ARM.exidx.text.SystemInit) refers to system_mcxa153.o(.text.SystemInit) for [Anonymous Symbol]
    system_mcxa153.o(.ARM.exidx.text.SystemInitHook) refers to system_mcxa153.o(.text.SystemInitHook) for [Anonymous Symbol]
    system_mcxa153.o(.ARM.exidx.text.SystemCoreClockUpdate) refers to system_mcxa153.o(.text.SystemCoreClockUpdate) for [Anonymous Symbol]
    startup_mcxa153.o(.text) refers to startup_mcxa153.o(.isr_vector) for __Vectors
    startup_mcxa153.o(.text) refers to system_mcxa153.o(.text.SystemInit) for SystemInit
    startup_mcxa153.o(.text) refers to entry.o(.ARM.Collect$$$$00000000) for __main
    startup_mcxa153.o(.text) refers to main.o(.text.SysTick_Handler) for SysTick_Handler
    startup_mcxa153.o(.isr_vector) refers to startup_mcxa153.o(.text) for Reset_Handler
    startup_mcxa153.o(.isr_vector) refers to main.o(.text.SysTick_Handler) for SysTick_Handler
    entry.o(.ARM.Collect$$$$00000000) refers (Special) to entry10a.o(.ARM.Collect$$$$0000000D) for __rt_final_cpp
    entry.o(.ARM.Collect$$$$00000000) refers (Special) to entry11a.o(.ARM.Collect$$$$0000000F) for __rt_final_exit
    entry.o(.ARM.Collect$$$$00000000) refers (Special) to entry7b.o(.ARM.Collect$$$$00000008) for _main_clock
    entry.o(.ARM.Collect$$$$00000000) refers (Special) to entry8b.o(.ARM.Collect$$$$0000000A) for _main_cpp_init
    entry.o(.ARM.Collect$$$$00000000) refers (Special) to entry9a.o(.ARM.Collect$$$$0000000B) for _main_init
    entry.o(.ARM.Collect$$$$00000000) refers (Special) to entry5.o(.ARM.Collect$$$$00000004) for _main_scatterload
    entry.o(.ARM.Collect$$$$00000000) refers (Special) to entry4.o(.ARM.Collect$$$$00000003) for _main_stk
    entry4.o(.ARM.Collect$$$$00000003) refers to entry4.o(.ARM.Collect$$$$00002714) for __lit__00000000
    entry4.o(__vectab_stack_and_reset_area) refers to entry.o(.ARM.Collect$$$$00000000) for __main
    entry5.o(.ARM.Collect$$$$00000004) refers to init.o(.text) for __scatterload
    entry9a.o(.ARM.Collect$$$$0000000B) refers to main.o(.text.main) for main
    entry9b.o(.ARM.Collect$$$$0000000C) refers to main.o(.text.main) for main
    init.o(.text) refers to entry5.o(.ARM.Collect$$$$00000004) for __main_after_scatterload


==============================================================================

Removing Unused input sections from the image.

    Removing main.o(.text), (0 bytes).
    Removing main.o(.ARM.exidx.text.main), (8 bytes).
    Removing main.o(.ARM.exidx.text.SysTick_Handler), (8 bytes).
    Removing main.o(.ARM.use_no_argv), (4 bytes).
    Removing neopixel_polling.o(.text), (0 bytes).
    Removing neopixel_polling.o(.ARM.exidx.text.neopixel_init), (8 bytes).
    Removing neopixel_polling.o(.ARM.exidx.text.neopixel_update), (8 bytes).
    Removing neopixel_polling_1.o(.text), (0 bytes).
    Removing system_mcxa153.o(.text), (0 bytes).
    Removing system_mcxa153.o(.ARM.exidx.text.SystemInit), (8 bytes).
    Removing system_mcxa153.o(.ARM.exidx.text.SystemInitHook), (8 bytes).
    Removing system_mcxa153.o(.text.SystemCoreClockUpdate), (2 bytes).
    Removing system_mcxa153.o(.ARM.exidx.text.SystemCoreClockUpdate), (8 bytes).
    Removing system_mcxa153.o(.data.SystemCoreClock), (4 bytes).

14 unused section(s) (total 66 bytes) removed from the image.

==============================================================================

Image Symbol Table

    Local Symbols

    Symbol Name                              Value     Ov Type        Size  Object(Section)

    ../clib/microlib/init/entry.s            0x00000000   Number         0  entry.o ABSOLUTE
    ../clib/microlib/init/entry.s            0x00000000   Number         0  entry4.o ABSOLUTE
    ../clib/microlib/init/entry.s            0x00000000   Number         0  entry5.o ABSOLUTE
    ../clib/microlib/init/entry.s            0x00000000   Number         0  entry7a.o ABSOLUTE
    ../clib/microlib/init/entry.s            0x00000000   Number         0  entry7b.o ABSOLUTE
    ../clib/microlib/init/entry.s            0x00000000   Number         0  entry8a.o ABSOLUTE
    ../clib/microlib/init/entry.s            0x00000000   Number         0  entry8b.o ABSOLUTE
    ../clib/microlib/init/entry.s            0x00000000   Number         0  entry9a.o ABSOLUTE
    ../clib/microlib/init/entry.s            0x00000000   Number         0  entry9b.o ABSOLUTE
    ../clib/microlib/init/entry.s            0x00000000   Number         0  entry10a.o ABSOLUTE
    ../clib/microlib/init/entry.s            0x00000000   Number         0  entry10b.o ABSOLUTE
    ../clib/microlib/init/entry.s            0x00000000   Number         0  entry11a.o ABSOLUTE
    ../clib/microlib/init/entry.s            0x00000000   Number         0  entry11b.o ABSOLUTE
    dc.s                                     0x00000000   Number         0  dc.o ABSOLUTE
    handlers.s                               0x00000000   Number         0  handlers.o ABSOLUTE
    init.s                                   0x00000000   Number         0  init.o ABSOLUTE
    main.c                                   0x00000000   Number         0  main.o ABSOLUTE
    neopixel_polling.c                       0x00000000   Number         0  neopixel_polling.o ABSOLUTE
    neopixel_polling.h                       0x00000000   Number         0  neopixel_polling_1.o ABSOLUTE
    system_MCXA153.c                         0x00000000   Number         0  system_mcxa153.o ABSOLUTE
    .ARM.Collect$$$$00000000                 0x00000200   Section        0  entry.o(.ARM.Collect$$$$00000000)
    .ARM.Collect$$$$00000003                 0x00000200   Section        4  entry4.o(.ARM.Collect$$$$00000003)
    .ARM.Collect$$$$00000004                 0x00000204   Section        4  entry5.o(.ARM.Collect$$$$00000004)
    .ARM.Collect$$$$00000008                 0x00000208   Section        0  entry7b.o(.ARM.Collect$$$$00000008)
    .ARM.Collect$$$$0000000A                 0x00000208   Section        0  entry8b.o(.ARM.Collect$$$$0000000A)
    .ARM.Collect$$$$0000000B                 0x00000208   Section        8  entry9a.o(.ARM.Collect$$$$0000000B)
    __lit__00000000                          0x00000210   Data           4  entry4.o(.ARM.Collect$$$$00002714)
    .ARM.Collect$$$$0000000D                 0x00000210   Section        0  entry10a.o(.ARM.Collect$$$$0000000D)
    .ARM.Collect$$$$0000000F                 0x00000210   Section        0  entry11a.o(.ARM.Collect$$$$0000000F)
    .ARM.Collect$$$$00002714                 0x00000210   Section        4  entry4.o(.ARM.Collect$$$$00002714)
    .text                                    0x000004f4   Section       36  init.o(.text)
    [Anonymous Symbol]                       0x00000518   Section        0  main.o(.text.SysTick_Handler)
    [Anonymous Symbol]                       0x00000528   Section        0  system_mcxa153.o(.text.SystemInit)
    [Anonymous Symbol]                       0x0000056c   Section        0  system_mcxa153.o(.text.SystemInitHook)
    [Anonymous Symbol]                       0x00000570   Section        0  main.o(.text.main)
    [Anonymous Symbol]                       0x0000066c   Section        0  neopixel_polling.o(.text.neopixel_init)
    [Anonymous Symbol]                       0x000006ac   Section        0  neopixel_polling.o(.text.neopixel_update)
    i.__scatterload_copy                     0x00000a14   Section       14  handlers.o(i.__scatterload_copy)
    i.__scatterload_null                     0x00000a22   Section        2  handlers.o(i.__scatterload_null)
    i.__scatterload_zeroinit                 0x00000a24   Section       14  handlers.o(i.__scatterload_zeroinit)
    .L_MergedGlobals                         0x20000000   Data          16  main.o(.bss..L_MergedGlobals)
    ms                                       0x20000000   Data           4  main.o(.bss..L_MergedGlobals)
    previous_ms                              0x20000004   Data           4  main.o(.bss..L_MergedGlobals)
    cnt                                      0x20000008   Data           4  main.o(.bss..L_MergedGlobals)
    color                                    0x2000000c   Data           4  main.o(.bss..L_MergedGlobals)
    VTOR                                     0xe000ed08   Number         0  startup_mcxa153.o ABSOLUTE

    Global Symbols

    Symbol Name                              Value     Ov Type        Size  Object(Section)

    BuildAttributes$$THM_ISAv4$P$D$K$B$S$8M$PE$A:L22UL41UL21$X:L11$S22US41US21$IEEE1$IW$USESV6$~STKCKD$USESV7$~SHL$OTIME$EBA8$MICROLIB$REQ8$PRES8$EABIv2 0x00000000   Number         0  anon$$obj.o ABSOLUTE
    __Vectors                                0x00000000   Number       384  startup_mcxa153.o(.isr_vector)
    __cpp_initialize__aeabi_                  - Undefined Weak Reference
    __cxa_finalize                            - Undefined Weak Reference
    __decompress                              - Undefined Weak Reference
    _clock_init                               - Undefined Weak Reference
    _microlib_exit                            - Undefined Weak Reference
    __main                                   0x00000201   Thumb Code     0  entry.o(.ARM.Collect$$$$00000000)
    _main_stk                                0x00000201   Thumb Code     0  entry4.o(.ARM.Collect$$$$00000003)
    _main_scatterload                        0x00000205   Thumb Code     0  entry5.o(.ARM.Collect$$$$00000004)
    __main_after_scatterload                 0x00000209   Thumb Code     0  entry5.o(.ARM.Collect$$$$00000004)
    _main_clock                              0x00000209   Thumb Code     0  entry7b.o(.ARM.Collect$$$$00000008)
    _main_cpp_init                           0x00000209   Thumb Code     0  entry8b.o(.ARM.Collect$$$$0000000A)
    _main_init                               0x00000209   Thumb Code     0  entry9a.o(.ARM.Collect$$$$0000000B)
    __rt_final_cpp                           0x00000211   Thumb Code     0  entry10a.o(.ARM.Collect$$$$0000000D)
    __rt_final_exit                          0x00000211   Thumb Code     0  entry11a.o(.ARM.Collect$$$$0000000F)
    Reset_Handler                            0x00000215   Thumb Code    52  startup_mcxa153.o(.text)
    ADC0_DriverIRQHandler                    0x00000249   Thumb Code     4  startup_mcxa153.o(.text)
    BusFault_Handler                         0x00000249   Thumb Code     4  startup_mcxa153.o(.text)
    CDOG0_DriverIRQHandler                   0x00000249   Thumb Code     4  startup_mcxa153.o(.text)
    CMC_DriverIRQHandler                     0x00000249   Thumb Code     4  startup_mcxa153.o(.text)
    CMP0_DriverIRQHandler                    0x00000249   Thumb Code     4  startup_mcxa153.o(.text)
    CMP1_DriverIRQHandler                    0x00000249   Thumb Code     4  startup_mcxa153.o(.text)
    CTIMER0_DriverIRQHandler                 0x00000249   Thumb Code     4  startup_mcxa153.o(.text)
    CTIMER1_DriverIRQHandler                 0x00000249   Thumb Code     4  startup_mcxa153.o(.text)
    CTIMER2_DriverIRQHandler                 0x00000249   Thumb Code     4  startup_mcxa153.o(.text)
    DMA_CH0_DriverIRQHandler                 0x00000249   Thumb Code     4  startup_mcxa153.o(.text)
    DMA_CH1_DriverIRQHandler                 0x00000249   Thumb Code     4  startup_mcxa153.o(.text)
    DMA_CH2_DriverIRQHandler                 0x00000249   Thumb Code     4  startup_mcxa153.o(.text)
    DMA_CH3_DriverIRQHandler                 0x00000249   Thumb Code     4  startup_mcxa153.o(.text)
    DebugMon_Handler                         0x00000249   Thumb Code     4  startup_mcxa153.o(.text)
    DefaultISR                               0x00000249   Thumb Code     4  startup_mcxa153.o(.text)
    ERM0_MULTI_BIT_DriverIRQHandler          0x00000249   Thumb Code     4  startup_mcxa153.o(.text)
    ERM0_SINGLE_BIT_DriverIRQHandler         0x00000249   Thumb Code     4  startup_mcxa153.o(.text)
    FLEXPWM0_FAULT_DriverIRQHandler          0x00000249   Thumb Code     4  startup_mcxa153.o(.text)
    FLEXPWM0_RELOAD_ERROR_DriverIRQHandler   0x00000249   Thumb Code     4  startup_mcxa153.o(.text)
    FLEXPWM0_SUBMODULE0_DriverIRQHandler     0x00000249   Thumb Code     4  startup_mcxa153.o(.text)
    FLEXPWM0_SUBMODULE1_DriverIRQHandler     0x00000249   Thumb Code     4  startup_mcxa153.o(.text)
    FLEXPWM0_SUBMODULE2_DriverIRQHandler     0x00000249   Thumb Code     4  startup_mcxa153.o(.text)
    FMU0_DriverIRQHandler                    0x00000249   Thumb Code     4  startup_mcxa153.o(.text)
    FREQME0_DriverIRQHandler                 0x00000249   Thumb Code     4  startup_mcxa153.o(.text)
    GLIKEY0_DriverIRQHandler                 0x00000249   Thumb Code     4  startup_mcxa153.o(.text)
    GPIO0_DriverIRQHandler                   0x00000249   Thumb Code     4  startup_mcxa153.o(.text)
    GPIO1_DriverIRQHandler                   0x00000249   Thumb Code     4  startup_mcxa153.o(.text)
    GPIO2_DriverIRQHandler                   0x00000249   Thumb Code     4  startup_mcxa153.o(.text)
    GPIO3_DriverIRQHandler                   0x00000249   Thumb Code     4  startup_mcxa153.o(.text)
    I3C0_DriverIRQHandler                    0x00000249   Thumb Code     4  startup_mcxa153.o(.text)
    LPI2C0_DriverIRQHandler                  0x00000249   Thumb Code     4  startup_mcxa153.o(.text)
    LPSPI0_DriverIRQHandler                  0x00000249   Thumb Code     4  startup_mcxa153.o(.text)
    LPSPI1_DriverIRQHandler                  0x00000249   Thumb Code     4  startup_mcxa153.o(.text)
    LPTMR0_DriverIRQHandler                  0x00000249   Thumb Code     4  startup_mcxa153.o(.text)
    LPUART0_DriverIRQHandler                 0x00000249   Thumb Code     4  startup_mcxa153.o(.text)
    LPUART1_DriverIRQHandler                 0x00000249   Thumb Code     4  startup_mcxa153.o(.text)
    LPUART2_DriverIRQHandler                 0x00000249   Thumb Code     4  startup_mcxa153.o(.text)
    MBC0_DriverIRQHandler                    0x00000249   Thumb Code     4  startup_mcxa153.o(.text)
    MemManage_Handler                        0x00000249   Thumb Code     4  startup_mcxa153.o(.text)
    OS_EVENT_DriverIRQHandler                0x00000249   Thumb Code     4  startup_mcxa153.o(.text)
    QDC0_COMPARE_DriverIRQHandler            0x00000249   Thumb Code     4  startup_mcxa153.o(.text)
    QDC0_HOME_DriverIRQHandler               0x00000249   Thumb Code     4  startup_mcxa153.o(.text)
    QDC0_INDEX_DriverIRQHandler              0x00000249   Thumb Code     4  startup_mcxa153.o(.text)
    QDC0_WATCHDOG_DriverIRQHandler           0x00000249   Thumb Code     4  startup_mcxa153.o(.text)
    Reserved16_DriverIRQHandler              0x00000249   Thumb Code     4  startup_mcxa153.o(.text)
    Reserved22_DriverIRQHandler              0x00000249   Thumb Code     4  startup_mcxa153.o(.text)
    Reserved23_DriverIRQHandler              0x00000249   Thumb Code     4  startup_mcxa153.o(.text)
    Reserved24_DriverIRQHandler              0x00000249   Thumb Code     4  startup_mcxa153.o(.text)
    Reserved25_DriverIRQHandler              0x00000249   Thumb Code     4  startup_mcxa153.o(.text)
    Reserved33_DriverIRQHandler              0x00000249   Thumb Code     4  startup_mcxa153.o(.text)
    Reserved35_DriverIRQHandler              0x00000249   Thumb Code     4  startup_mcxa153.o(.text)
    Reserved36_DriverIRQHandler              0x00000249   Thumb Code     4  startup_mcxa153.o(.text)
    Reserved37_DriverIRQHandler              0x00000249   Thumb Code     4  startup_mcxa153.o(.text)
    Reserved38_DriverIRQHandler              0x00000249   Thumb Code     4  startup_mcxa153.o(.text)
    Reserved39_DriverIRQHandler              0x00000249   Thumb Code     4  startup_mcxa153.o(.text)
    Reserved41_DriverIRQHandler              0x00000249   Thumb Code     4  startup_mcxa153.o(.text)
    Reserved43_DriverIRQHandler              0x00000249   Thumb Code     4  startup_mcxa153.o(.text)
    Reserved46_DriverIRQHandler              0x00000249   Thumb Code     4  startup_mcxa153.o(.text)
    Reserved50_DriverIRQHandler              0x00000249   Thumb Code     4  startup_mcxa153.o(.text)
    Reserved51_DriverIRQHandler              0x00000249   Thumb Code     4  startup_mcxa153.o(.text)
    Reserved53_DriverIRQHandler              0x00000249   Thumb Code     4  startup_mcxa153.o(.text)
    Reserved58_DriverIRQHandler              0x00000249   Thumb Code     4  startup_mcxa153.o(.text)
    Reserved59_DriverIRQHandler              0x00000249   Thumb Code     4  startup_mcxa153.o(.text)
    Reserved65_DriverIRQHandler              0x00000249   Thumb Code     4  startup_mcxa153.o(.text)
    Reserved72_DriverIRQHandler              0x00000249   Thumb Code     4  startup_mcxa153.o(.text)
    Reserved77_DriverIRQHandler              0x00000249   Thumb Code     4  startup_mcxa153.o(.text)
    Reserved79_DriverIRQHandler              0x00000249   Thumb Code     4  startup_mcxa153.o(.text)
    Reserved82_DriverIRQHandler              0x00000249   Thumb Code     4  startup_mcxa153.o(.text)
    Reserved83_DriverIRQHandler              0x00000249   Thumb Code     4  startup_mcxa153.o(.text)
    Reserved84_DriverIRQHandler              0x00000249   Thumb Code     4  startup_mcxa153.o(.text)
    Reserved85_DriverIRQHandler              0x00000249   Thumb Code     4  startup_mcxa153.o(.text)
    Reserved86_DriverIRQHandler              0x00000249   Thumb Code     4  startup_mcxa153.o(.text)
    Reserved91_DriverIRQHandler              0x00000249   Thumb Code     4  startup_mcxa153.o(.text)
    Reserved92_DriverIRQHandler              0x00000249   Thumb Code     4  startup_mcxa153.o(.text)
    Reserved93_DriverIRQHandler              0x00000249   Thumb Code     4  startup_mcxa153.o(.text)
    Reserved94_DriverIRQHandler              0x00000249   Thumb Code     4  startup_mcxa153.o(.text)
    Reserved95_DriverIRQHandler              0x00000249   Thumb Code     4  startup_mcxa153.o(.text)
    SCG0_DriverIRQHandler                    0x00000249   Thumb Code     4  startup_mcxa153.o(.text)
    SPC0_DriverIRQHandler                    0x00000249   Thumb Code     4  startup_mcxa153.o(.text)
    SecureFault_Handler                      0x00000249   Thumb Code     4  startup_mcxa153.o(.text)
    USB0_DriverIRQHandler                    0x00000249   Thumb Code     4  startup_mcxa153.o(.text)
    UTICK0_DriverIRQHandler                  0x00000249   Thumb Code     4  startup_mcxa153.o(.text)
    UsageFault_Handler                       0x00000249   Thumb Code     4  startup_mcxa153.o(.text)
    WAKETIMER0_DriverIRQHandler              0x00000249   Thumb Code     4  startup_mcxa153.o(.text)
    WUU0_DriverIRQHandler                    0x00000249   Thumb Code     4  startup_mcxa153.o(.text)
    WWDT0_DriverIRQHandler                   0x00000249   Thumb Code     4  startup_mcxa153.o(.text)
    NMI_Handler                              0x0000024d   Thumb Code     4  startup_mcxa153.o(.text)
    HardFault_Handler                        0x00000251   Thumb Code     4  startup_mcxa153.o(.text)
    SVC_Handler                              0x00000255   Thumb Code     4  startup_mcxa153.o(.text)
    PendSV_Handler                           0x00000259   Thumb Code     4  startup_mcxa153.o(.text)
    Reserved16_IRQHandler                    0x00000261   Thumb Code     4  startup_mcxa153.o(.text)
    CMC_IRQHandler                           0x00000265   Thumb Code     4  startup_mcxa153.o(.text)
    DMA_CH0_IRQHandler                       0x00000269   Thumb Code     4  startup_mcxa153.o(.text)
    DMA_CH1_IRQHandler                       0x0000026d   Thumb Code     4  startup_mcxa153.o(.text)
    DMA_CH2_IRQHandler                       0x00000271   Thumb Code     4  startup_mcxa153.o(.text)
    DMA_CH3_IRQHandler                       0x00000275   Thumb Code     4  startup_mcxa153.o(.text)
    Reserved22_IRQHandler                    0x00000279   Thumb Code     4  startup_mcxa153.o(.text)
    Reserved23_IRQHandler                    0x0000027d   Thumb Code     4  startup_mcxa153.o(.text)
    Reserved24_IRQHandler                    0x00000281   Thumb Code     4  startup_mcxa153.o(.text)
    Reserved25_IRQHandler                    0x00000285   Thumb Code     4  startup_mcxa153.o(.text)
    ERM0_SINGLE_BIT_IRQHandler               0x00000289   Thumb Code     4  startup_mcxa153.o(.text)
    ERM0_MULTI_BIT_IRQHandler                0x0000028d   Thumb Code     4  startup_mcxa153.o(.text)
    FMU0_IRQHandler                          0x00000291   Thumb Code     4  startup_mcxa153.o(.text)
    GLIKEY0_IRQHandler                       0x00000295   Thumb Code     4  startup_mcxa153.o(.text)
    MBC0_IRQHandler                          0x00000299   Thumb Code     4  startup_mcxa153.o(.text)
    SCG0_IRQHandler                          0x0000029d   Thumb Code     4  startup_mcxa153.o(.text)
    SPC0_IRQHandler                          0x000002a1   Thumb Code     4  startup_mcxa153.o(.text)
    Reserved33_IRQHandler                    0x000002a5   Thumb Code     4  startup_mcxa153.o(.text)
    WUU0_IRQHandler                          0x000002a9   Thumb Code     4  startup_mcxa153.o(.text)
    Reserved35_IRQHandler                    0x000002ad   Thumb Code     4  startup_mcxa153.o(.text)
    Reserved36_IRQHandler                    0x000002b1   Thumb Code     4  startup_mcxa153.o(.text)
    Reserved37_IRQHandler                    0x000002b5   Thumb Code     4  startup_mcxa153.o(.text)
    Reserved38_IRQHandler                    0x000002b9   Thumb Code     4  startup_mcxa153.o(.text)
    Reserved39_IRQHandler                    0x000002bd   Thumb Code     4  startup_mcxa153.o(.text)
    I3C0_IRQHandler                          0x000002c1   Thumb Code     4  startup_mcxa153.o(.text)
    Reserved41_IRQHandler                    0x000002c5   Thumb Code     4  startup_mcxa153.o(.text)
    LPI2C0_IRQHandler                        0x000002c9   Thumb Code     4  startup_mcxa153.o(.text)
    Reserved43_IRQHandler                    0x000002cd   Thumb Code     4  startup_mcxa153.o(.text)
    LPSPI0_IRQHandler                        0x000002d1   Thumb Code     4  startup_mcxa153.o(.text)
    LPSPI1_IRQHandler                        0x000002d5   Thumb Code     4  startup_mcxa153.o(.text)
    Reserved46_IRQHandler                    0x000002d9   Thumb Code     4  startup_mcxa153.o(.text)
    LPUART0_IRQHandler                       0x000002dd   Thumb Code     4  startup_mcxa153.o(.text)
    LPUART1_IRQHandler                       0x000002e1   Thumb Code     4  startup_mcxa153.o(.text)
    LPUART2_IRQHandler                       0x000002e5   Thumb Code     4  startup_mcxa153.o(.text)
    Reserved50_IRQHandler                    0x000002e9   Thumb Code     4  startup_mcxa153.o(.text)
    Reserved51_IRQHandler                    0x000002ed   Thumb Code     4  startup_mcxa153.o(.text)
    USB0_IRQHandler                          0x000002f1   Thumb Code     4  startup_mcxa153.o(.text)
    Reserved53_IRQHandler                    0x000002f5   Thumb Code     4  startup_mcxa153.o(.text)
    CDOG0_IRQHandler                         0x000002f9   Thumb Code     4  startup_mcxa153.o(.text)
    CTIMER0_IRQHandler                       0x000002fd   Thumb Code     4  startup_mcxa153.o(.text)
    CTIMER1_IRQHandler                       0x00000301   Thumb Code     4  startup_mcxa153.o(.text)
    CTIMER2_IRQHandler                       0x00000305   Thumb Code     4  startup_mcxa153.o(.text)
    Reserved58_IRQHandler                    0x00000309   Thumb Code     4  startup_mcxa153.o(.text)
    Reserved59_IRQHandler                    0x0000030d   Thumb Code     4  startup_mcxa153.o(.text)
    FLEXPWM0_RELOAD_ERROR_IRQHandler         0x00000311   Thumb Code     4  startup_mcxa153.o(.text)
    FLEXPWM0_FAULT_IRQHandler                0x00000315   Thumb Code     4  startup_mcxa153.o(.text)
    FLEXPWM0_SUBMODULE0_IRQHandler           0x00000319   Thumb Code     4  startup_mcxa153.o(.text)
    FLEXPWM0_SUBMODULE1_IRQHandler           0x0000031d   Thumb Code     4  startup_mcxa153.o(.text)
    FLEXPWM0_SUBMODULE2_IRQHandler           0x00000321   Thumb Code     4  startup_mcxa153.o(.text)
    Reserved65_IRQHandler                    0x00000325   Thumb Code     4  startup_mcxa153.o(.text)
    QDC0_COMPARE_IRQHandler                  0x00000329   Thumb Code     4  startup_mcxa153.o(.text)
    QDC0_HOME_IRQHandler                     0x0000032d   Thumb Code     4  startup_mcxa153.o(.text)
    QDC0_WATCHDOG_IRQHandler                 0x00000331   Thumb Code     4  startup_mcxa153.o(.text)
    QDC0_INDEX_IRQHandler                    0x00000335   Thumb Code     4  startup_mcxa153.o(.text)
    FREQME0_IRQHandler                       0x00000339   Thumb Code     4  startup_mcxa153.o(.text)
    LPTMR0_IRQHandler                        0x0000033d   Thumb Code     4  startup_mcxa153.o(.text)
    Reserved72_IRQHandler                    0x00000341   Thumb Code     4  startup_mcxa153.o(.text)
    OS_EVENT_IRQHandler                      0x00000345   Thumb Code     4  startup_mcxa153.o(.text)
    WAKETIMER0_IRQHandler                    0x00000349   Thumb Code     4  startup_mcxa153.o(.text)
    UTICK0_IRQHandler                        0x0000034d   Thumb Code     4  startup_mcxa153.o(.text)
    WWDT0_IRQHandler                         0x00000351   Thumb Code     4  startup_mcxa153.o(.text)
    Reserved77_IRQHandler                    0x00000355   Thumb Code     4  startup_mcxa153.o(.text)
    ADC0_IRQHandler                          0x00000359   Thumb Code     4  startup_mcxa153.o(.text)
    Reserved79_IRQHandler                    0x0000035d   Thumb Code     4  startup_mcxa153.o(.text)
    CMP0_IRQHandler                          0x00000361   Thumb Code     4  startup_mcxa153.o(.text)
    CMP1_IRQHandler                          0x00000365   Thumb Code     4  startup_mcxa153.o(.text)
    Reserved82_IRQHandler                    0x00000369   Thumb Code     4  startup_mcxa153.o(.text)
    Reserved83_IRQHandler                    0x0000036d   Thumb Code     4  startup_mcxa153.o(.text)
    Reserved84_IRQHandler                    0x00000371   Thumb Code     4  startup_mcxa153.o(.text)
    Reserved85_IRQHandler                    0x00000375   Thumb Code     4  startup_mcxa153.o(.text)
    Reserved86_IRQHandler                    0x00000379   Thumb Code     4  startup_mcxa153.o(.text)
    GPIO0_IRQHandler                         0x0000037d   Thumb Code     4  startup_mcxa153.o(.text)
    GPIO1_IRQHandler                         0x00000381   Thumb Code     4  startup_mcxa153.o(.text)
    GPIO2_IRQHandler                         0x00000385   Thumb Code     4  startup_mcxa153.o(.text)
    GPIO3_IRQHandler                         0x00000389   Thumb Code     4  startup_mcxa153.o(.text)
    Reserved91_IRQHandler                    0x0000038d   Thumb Code     4  startup_mcxa153.o(.text)
    Reserved92_IRQHandler                    0x00000391   Thumb Code     4  startup_mcxa153.o(.text)
    Reserved93_IRQHandler                    0x00000395   Thumb Code     4  startup_mcxa153.o(.text)
    Reserved94_IRQHandler                    0x00000399   Thumb Code     4  startup_mcxa153.o(.text)
    Reserved95_IRQHandler                    0x0000039d   Thumb Code     4  startup_mcxa153.o(.text)
    __scatterload                            0x000004f5   Thumb Code    28  init.o(.text)
    __scatterload_rt2                        0x000004f5   Thumb Code     0  init.o(.text)
    SysTick_Handler                          0x00000519   Thumb Code    16  main.o(.text.SysTick_Handler)
    SystemInit                               0x00000529   Thumb Code    66  system_mcxa153.o(.text.SystemInit)
    SystemInitHook                           0x0000056d   Thumb Code     2  system_mcxa153.o(.text.SystemInitHook)
    main                                     0x00000571   Thumb Code   252  main.o(.text.main)
    neopixel_init                            0x0000066d   Thumb Code    62  neopixel_polling.o(.text.neopixel_init)
    neopixel_update                          0x000006ad   Thumb Code   872  neopixel_polling.o(.text.neopixel_update)
    __scatterload_copy                       0x00000a15   Thumb Code    14  handlers.o(i.__scatterload_copy)
    __scatterload_null                       0x00000a23   Thumb Code     2  handlers.o(i.__scatterload_null)
    __scatterload_zeroinit                   0x00000a25   Thumb Code    14  handlers.o(i.__scatterload_zeroinit)
    Region$$Table$$Base                      0x00000a34   Number         0  anon$$obj.o(Region$$Table)
    Region$$Table$$Limit                     0x00000a44   Number         0  anon$$obj.o(Region$$Table)
    Image$$ARM_LIB_STACK$$ZI$$Base           0x20005c00   Number         0  anon$$obj.o ABSOLUTE
    Image$$ARM_LIB_STACK$$ZI$$Limit          0x20006000   Number         0  anon$$obj.o ABSOLUTE



==============================================================================

Memory Map of the image

  Image Entry point : 0x00000215

  Load Region LR_m_text (Base: 0x00000000, Size: 0x00000a44, Max: 0x00020000, ABSOLUTE)

    Execution Region VECTOR_ROM (Exec base: 0x00000000, Load base: 0x00000000, Size: 0x00000180, Max: 0x00000200, ABSOLUTE)

    Exec Addr    Load Addr    Size         Type   Attr      Idx    E Section Name        Object

    0x00000000   0x00000000   0x00000180   Data   RO           25    .isr_vector         startup_mcxa153.o


    Execution Region ER_m_text (Exec base: 0x00000200, Load base: 0x00000200, Size: 0x00000844, Max: 0x0001fe00, ABSOLUTE, FIXED)

    Exec Addr    Load Addr    Size         Type   Attr      Idx    E Section Name        Object

    0x00000200   0x00000200   0x00000000   Code   RO           26  * .ARM.Collect$$$$00000000  mc_w.l(entry.o)
    0x00000200   0x00000200   0x00000004   Code   RO           29    .ARM.Collect$$$$00000003  mc_w.l(entry4.o)
    0x00000204   0x00000204   0x00000004   Code   RO           32    .ARM.Collect$$$$00000004  mc_w.l(entry5.o)
    0x00000208   0x00000208   0x00000000   Code   RO           34    .ARM.Collect$$$$00000008  mc_w.l(entry7b.o)
    0x00000208   0x00000208   0x00000000   Code   RO           36    .ARM.Collect$$$$0000000A  mc_w.l(entry8b.o)
    0x00000208   0x00000208   0x00000008   Code   RO           37    .ARM.Collect$$$$0000000B  mc_w.l(entry9a.o)
    0x00000210   0x00000210   0x00000000   Code   RO           39    .ARM.Collect$$$$0000000D  mc_w.l(entry10a.o)
    0x00000210   0x00000210   0x00000000   Code   RO           41    .ARM.Collect$$$$0000000F  mc_w.l(entry11a.o)
    0x00000210   0x00000210   0x00000004   Code   RO           30    .ARM.Collect$$$$00002714  mc_w.l(entry4.o)
    0x00000214   0x00000214   0x000002e0   Code   RO           24  * .text               startup_mcxa153.o
    0x000004f4   0x000004f4   0x00000024   Code   RO           43    .text               mc_w.l(init.o)
    0x00000518   0x00000518   0x00000010   Code   RO            6    .text.SysTick_Handler  main.o
    0x00000528   0x00000528   0x00000042   Code   RO           17    .text.SystemInit    system_mcxa153.o
    0x0000056a   0x0000056a   0x00000002   PAD
    0x0000056c   0x0000056c   0x00000002   Code   RO           19    .text.SystemInitHook  system_mcxa153.o
    0x0000056e   0x0000056e   0x00000002   PAD
    0x00000570   0x00000570   0x000000fc   Code   RO            4    .text.main          main.o
    0x0000066c   0x0000066c   0x0000003e   Code   RO           11    .text.neopixel_init  neopixel_polling.o
    0x000006aa   0x000006aa   0x00000002   PAD
    0x000006ac   0x000006ac   0x00000368   Code   RO           13    .text.neopixel_update  neopixel_polling.o
    0x00000a14   0x00000a14   0x0000000e   Code   RO           46    i.__scatterload_copy  mc_w.l(handlers.o)
    0x00000a22   0x00000a22   0x00000002   Code   RO           47    i.__scatterload_null  mc_w.l(handlers.o)
    0x00000a24   0x00000a24   0x0000000e   Code   RO           48    i.__scatterload_zeroinit  mc_w.l(handlers.o)
    0x00000a32   0x00000a32   0x00000002   PAD
    0x00000a34   0x00000a34   0x00000010   Data   RO           45    Region$$Table       anon$$obj.o


    Execution Region RW_m_data (Exec base: 0x20000000, Load base: 0x00000a44, Size: 0x00000010, Max: 0x00005800, ABSOLUTE)

    Exec Addr    Load Addr    Size         Type   Attr      Idx    E Section Name        Object

    0x20000000        -       0x00000010   Zero   RW            9    .bss..L_MergedGlobals  main.o


    Execution Region ARM_LIB_HEAP (Exec base: 0x20000010, Load base: 0x00000a44, Size: 0x00000400, Max: 0x00000400, ABSOLUTE)

    Exec Addr    Load Addr    Size         Type   Attr      Idx    E Section Name        Object

    0x20000010        -       0x00000400   Zero   RW            1    ARM_LIB_HEAP.bss    anon$$obj.o


    Execution Region ARM_LIB_STACK (Exec base: 0x20005c00, Load base: 0x00000a44, Size: 0x00000400, Max: 0x00000400, ABSOLUTE)

    Exec Addr    Load Addr    Size         Type   Attr      Idx    E Section Name        Object

    0x20005c00        -       0x00000400   Zero   RW            2    ARM_LIB_STACK.bss   anon$$obj.o


==============================================================================

Image component sizes


      Code (inc. data)   RO Data    RW Data    ZI Data      Debug   Object Name

       268          0          0          0         16          0   main.o
       934          0          0          0          0          0   neopixel_polling.o
       736        360        384          0          0          0   startup_mcxa153.o
        68          0          0          0          0          0   system_mcxa153.o

    ----------------------------------------------------------------------
      2012        360        400          0       2064          0   Object Totals
         0          0         16          0       2048          0   (incl. Generated)
         6          0          0          0          0          0   (incl. Padding)

    ----------------------------------------------------------------------

      Code (inc. data)   RO Data    RW Data    ZI Data      Debug   Library Member Name

         0          0          0          0          0          0   entry.o
         0          0          0          0          0          0   entry10a.o
         0          0          0          0          0          0   entry11a.o
         8          4          0          0          0          0   entry4.o
         4          0          0          0          0          0   entry5.o
         0          0          0          0          0          0   entry7b.o
         0          0          0          0          0          0   entry8b.o
         8          4          0          0          0          0   entry9a.o
        30          0          0          0          0          0   handlers.o
        36          8          0          0          0          0   init.o

    ----------------------------------------------------------------------
        88         16          0          0          0          0   Library Totals
         2          0          0          0          0          0   (incl. Padding)

    ----------------------------------------------------------------------

      Code (inc. data)   RO Data    RW Data    ZI Data      Debug   Library Name

        86         16          0          0          0          0   mc_w.l

    ----------------------------------------------------------------------
        88         16          0          0          0          0   Library Totals

    ----------------------------------------------------------------------

==============================================================================


      Code (inc. data)   RO Data    RW Data    ZI Data      Debug   

      2100        376        400          0       2064          0   Grand Totals
      2100        376        400          0       2064          0   ELF Image Totals
      2100        376        400          0          0          0   ROM Totals

==============================================================================

    Total RO  Size (Code + RO Data)                 2500 (   2.44kB)
    Total RW  Size (RW Data + ZI Data)              2064 (   2.02kB)
    Total ROM Size (Code + RO Data + RW Data)       2500 (   2.44kB)

==============================================================================

