Component: Arm Compiler for Embedded 6.19 Tool: armlink [5e73cb00]

==============================================================================

Section Cross References

    accelerometer.o(.text.accelerometer_init) refers to accelerometer.o(.bss.tx) for tx
    accelerometer.o(.text.accelerometer_init) refers to accelerometer.o(.bss.tx_buffer) for tx_buffer
    accelerometer.o(.text.accelerometer_init) refers to fifo.o(.text.f_init) for f_init
    accelerometer.o(.text.accelerometer_init) refers to accelerometer.o(.bss.rx) for rx
    accelerometer.o(.text.accelerometer_init) refers to accelerometer.o(.bss.rx_buffer) for rx_buffer
    accelerometer.o(.text.accelerometer_init) refers to accelerometer.o(.text.__NVIC_SetPriority) for __NVIC_SetPriority
    accelerometer.o(.text.accelerometer_init) refers to accelerometer.o(.text.__NVIC_ClearPendingIRQ) for __NVIC_ClearPendingIRQ
    accelerometer.o(.text.accelerometer_init) refers to accelerometer.o(.text.__NVIC_EnableIRQ) for __NVIC_EnableIRQ
    accelerometer.o(.ARM.exidx.text.accelerometer_init) refers to accelerometer.o(.text.accelerometer_init) for [Anonymous Symbol]
    accelerometer.o(.ARM.exidx.text.__NVIC_SetPriority) refers to accelerometer.o(.text.__NVIC_SetPriority) for [Anonymous Symbol]
    accelerometer.o(.ARM.exidx.text.__NVIC_ClearPendingIRQ) refers to accelerometer.o(.text.__NVIC_ClearPendingIRQ) for [Anonymous Symbol]
    accelerometer.o(.ARM.exidx.text.__NVIC_EnableIRQ) refers to accelerometer.o(.text.__NVIC_EnableIRQ) for [Anonymous Symbol]
    accelerometer.o(.text.accelerometer_tx) refers to accelerometer.o(.bss.tx) for tx
    accelerometer.o(.text.accelerometer_tx) refers to fifo.o(.text.f_push) for f_push
    accelerometer.o(.text.accelerometer_tx) refers to accelerometer.o(.text.lpspi1_wait_busy) for lpspi1_wait_busy
    accelerometer.o(.ARM.exidx.text.accelerometer_tx) refers to accelerometer.o(.text.accelerometer_tx) for [Anonymous Symbol]
    accelerometer.o(.ARM.exidx.text.lpspi1_wait_busy) refers to accelerometer.o(.text.lpspi1_wait_busy) for [Anonymous Symbol]
    accelerometer.o(.text.accelerometer_rx_read) refers to accelerometer.o(.bss.rx) for rx
    accelerometer.o(.text.accelerometer_rx_read) refers to fifo.o(.text.f_cnt) for f_cnt
    accelerometer.o(.text.accelerometer_rx_read) refers to fifo.o(.text.f_pop) for f_pop
    accelerometer.o(.ARM.exidx.text.accelerometer_rx_read) refers to accelerometer.o(.text.accelerometer_rx_read) for [Anonymous Symbol]
    accelerometer.o(.text.LPSPI1_IRQHandler) refers to accelerometer.o(.text.__NVIC_ClearPendingIRQ) for __NVIC_ClearPendingIRQ
    accelerometer.o(.text.LPSPI1_IRQHandler) refers to accelerometer.o(.bss.tx) for tx
    accelerometer.o(.text.LPSPI1_IRQHandler) refers to fifo.o(.text.f_pop) for f_pop
    accelerometer.o(.text.LPSPI1_IRQHandler) refers to accelerometer.o(.bss.rx) for rx
    accelerometer.o(.text.LPSPI1_IRQHandler) refers to fifo.o(.text.f_push) for f_push
    accelerometer.o(.ARM.exidx.text.LPSPI1_IRQHandler) refers to accelerometer.o(.text.LPSPI1_IRQHandler) for [Anonymous Symbol]
    fifo.o(.ARM.exidx.text.f_init) refers to fifo.o(.text.f_init) for [Anonymous Symbol]
    fifo.o(.ARM.exidx.text.f_push) refers to fifo.o(.text.f_push) for [Anonymous Symbol]
    fifo.o(.ARM.exidx.text.f_pop) refers to fifo.o(.text.f_pop) for [Anonymous Symbol]
    fifo.o(.ARM.exidx.text.f_cnt) refers to fifo.o(.text.f_cnt) for [Anonymous Symbol]
    main.o(.text.main) refers to accelerometer.o(.text.accelerometer_init) for accelerometer_init
    main.o(.text.main) refers to main.o(.bss.tx_data) for tx_data
    main.o(.text.main) refers to accelerometer.o(.text.accelerometer_tx) for accelerometer_tx
    main.o(.text.main) refers to main.o(.bss.rx_data) for rx_data
    main.o(.text.main) refers to accelerometer.o(.text.accelerometer_rx_read) for accelerometer_rx_read
    main.o(.ARM.exidx.text.main) refers to main.o(.text.main) for [Anonymous Symbol]
    system_mcxa153.o(.text.SystemInit) refers to startup_mcxa153.o(.isr_vector) for __Vectors
    system_mcxa153.o(.text.SystemInit) refers to system_mcxa153.o(.text.SystemInitHook) for SystemInitHook
    system_mcxa153.o(.ARM.exidx.text.SystemInit) refers to system_mcxa153.o(.text.SystemInit) for [Anonymous Symbol]
    system_mcxa153.o(.ARM.exidx.text.SystemInitHook) refers to system_mcxa153.o(.text.SystemInitHook) for [Anonymous Symbol]
    system_mcxa153.o(.ARM.exidx.text.SystemCoreClockUpdate) refers to system_mcxa153.o(.text.SystemCoreClockUpdate) for [Anonymous Symbol]
    startup_mcxa153.o(.text) refers to startup_mcxa153.o(.isr_vector) for __Vectors
    startup_mcxa153.o(.text) refers to system_mcxa153.o(.text.SystemInit) for SystemInit
    startup_mcxa153.o(.text) refers to entry.o(.ARM.Collect$$$$00000000) for __main
    startup_mcxa153.o(.isr_vector) refers to startup_mcxa153.o(.text) for Reset_Handler
    startup_mcxa153.o(.isr_vector) refers to accelerometer.o(.text.LPSPI1_IRQHandler) for LPSPI1_IRQHandler
    entry.o(.ARM.Collect$$$$00000000) refers (Special) to entry10a.o(.ARM.Collect$$$$0000000D) for __rt_final_cpp
    entry.o(.ARM.Collect$$$$00000000) refers (Special) to entry11a.o(.ARM.Collect$$$$0000000F) for __rt_final_exit
    entry.o(.ARM.Collect$$$$00000000) refers (Special) to entry7b.o(.ARM.Collect$$$$00000008) for _main_clock
    entry.o(.ARM.Collect$$$$00000000) refers (Special) to entry8b.o(.ARM.Collect$$$$0000000A) for _main_cpp_init
    entry.o(.ARM.Collect$$$$00000000) refers (Special) to entry9a.o(.ARM.Collect$$$$0000000B) for _main_init
    entry.o(.ARM.Collect$$$$00000000) refers (Special) to entry5.o(.ARM.Collect$$$$00000004) for _main_scatterload
    entry.o(.ARM.Collect$$$$00000000) refers (Special) to entry4.o(.ARM.Collect$$$$00000003) for _main_stk
    entry4.o(.ARM.Collect$$$$00000003) refers to entry4.o(.ARM.Collect$$$$00002714) for __lit__00000000
    entry4.o(__vectab_stack_and_reset_area) refers to entry.o(.ARM.Collect$$$$00000000) for __main
    entry5.o(.ARM.Collect$$$$00000004) refers to init.o(.text) for __scatterload
    entry9a.o(.ARM.Collect$$$$0000000B) refers to main.o(.text.main) for main
    entry9b.o(.ARM.Collect$$$$0000000C) refers to main.o(.text.main) for main
    init.o(.text) refers to entry5.o(.ARM.Collect$$$$00000004) for __main_after_scatterload


==============================================================================

Removing Unused input sections from the image.

    Removing accelerometer.o(.text), (0 bytes).
    Removing accelerometer.o(.ARM.exidx.text.accelerometer_init), (8 bytes).
    Removing accelerometer.o(.ARM.exidx.text.__NVIC_SetPriority), (8 bytes).
    Removing accelerometer.o(.ARM.exidx.text.__NVIC_ClearPendingIRQ), (8 bytes).
    Removing accelerometer.o(.ARM.exidx.text.__NVIC_EnableIRQ), (8 bytes).
    Removing accelerometer.o(.ARM.exidx.text.accelerometer_tx), (8 bytes).
    Removing accelerometer.o(.ARM.exidx.text.lpspi1_wait_busy), (8 bytes).
    Removing accelerometer.o(.ARM.exidx.text.accelerometer_rx_read), (8 bytes).
    Removing accelerometer.o(.ARM.exidx.text.LPSPI1_IRQHandler), (8 bytes).
    Removing fifo.o(.text), (0 bytes).
    Removing fifo.o(.ARM.exidx.text.f_init), (8 bytes).
    Removing fifo.o(.ARM.exidx.text.f_push), (8 bytes).
    Removing fifo.o(.ARM.exidx.text.f_pop), (8 bytes).
    Removing fifo.o(.ARM.exidx.text.f_cnt), (8 bytes).
    Removing main.o(.text), (0 bytes).
    Removing main.o(.ARM.exidx.text.main), (8 bytes).
    Removing main.o(.ARM.use_no_argv), (4 bytes).
    Removing system_mcxa153.o(.text), (0 bytes).
    Removing system_mcxa153.o(.ARM.exidx.text.SystemInit), (8 bytes).
    Removing system_mcxa153.o(.ARM.exidx.text.SystemInitHook), (8 bytes).
    Removing system_mcxa153.o(.text.SystemCoreClockUpdate), (2 bytes).
    Removing system_mcxa153.o(.ARM.exidx.text.SystemCoreClockUpdate), (8 bytes).
    Removing system_mcxa153.o(.data.SystemCoreClock), (4 bytes).

23 unused section(s) (total 138 bytes) removed from the image.

==============================================================================

Image Symbol Table

    Local Symbols

    Symbol Name                              Value     Ov Type        Size  Object(Section)

    ../clib/microlib/init/entry.s            0x00000000   Number         0  entry.o ABSOLUTE
    ../clib/microlib/init/entry.s            0x00000000   Number         0  entry4.o ABSOLUTE
    ../clib/microlib/init/entry.s            0x00000000   Number         0  entry5.o ABSOLUTE
    ../clib/microlib/init/entry.s            0x00000000   Number         0  entry7a.o ABSOLUTE
    ../clib/microlib/init/entry.s            0x00000000   Number         0  entry7b.o ABSOLUTE
    ../clib/microlib/init/entry.s            0x00000000   Number         0  entry8a.o ABSOLUTE
    ../clib/microlib/init/entry.s            0x00000000   Number         0  entry8b.o ABSOLUTE
    ../clib/microlib/init/entry.s            0x00000000   Number         0  entry9a.o ABSOLUTE
    ../clib/microlib/init/entry.s            0x00000000   Number         0  entry9b.o ABSOLUTE
    ../clib/microlib/init/entry.s            0x00000000   Number         0  entry10a.o ABSOLUTE
    ../clib/microlib/init/entry.s            0x00000000   Number         0  entry10b.o ABSOLUTE
    ../clib/microlib/init/entry.s            0x00000000   Number         0  entry11a.o ABSOLUTE
    ../clib/microlib/init/entry.s            0x00000000   Number         0  entry11b.o ABSOLUTE
    accelerometer.c                          0x00000000   Number         0  accelerometer.o ABSOLUTE
    dc.s                                     0x00000000   Number         0  dc.o ABSOLUTE
    fifo.c                                   0x00000000   Number         0  fifo.o ABSOLUTE
    handlers.s                               0x00000000   Number         0  handlers.o ABSOLUTE
    init.s                                   0x00000000   Number         0  init.o ABSOLUTE
    main.c                                   0x00000000   Number         0  main.o ABSOLUTE
    system_MCXA153.c                         0x00000000   Number         0  system_mcxa153.o ABSOLUTE
    .ARM.Collect$$$$00000000                 0x00000200   Section        0  entry.o(.ARM.Collect$$$$00000000)
    .ARM.Collect$$$$00000003                 0x00000200   Section        4  entry4.o(.ARM.Collect$$$$00000003)
    .ARM.Collect$$$$00000004                 0x00000204   Section        4  entry5.o(.ARM.Collect$$$$00000004)
    .ARM.Collect$$$$00000008                 0x00000208   Section        0  entry7b.o(.ARM.Collect$$$$00000008)
    .ARM.Collect$$$$0000000A                 0x00000208   Section        0  entry8b.o(.ARM.Collect$$$$0000000A)
    .ARM.Collect$$$$0000000B                 0x00000208   Section        8  entry9a.o(.ARM.Collect$$$$0000000B)
    __lit__00000000                          0x00000210   Data           4  entry4.o(.ARM.Collect$$$$00002714)
    .ARM.Collect$$$$0000000D                 0x00000210   Section        0  entry10a.o(.ARM.Collect$$$$0000000D)
    .ARM.Collect$$$$0000000F                 0x00000210   Section        0  entry11a.o(.ARM.Collect$$$$0000000F)
    .ARM.Collect$$$$00002714                 0x00000210   Section        4  entry4.o(.ARM.Collect$$$$00002714)
    [Anonymous Symbol]                       0x00000214   Section        0  startup_mcxa153.o(.text)
    .text                                    0x000004f4   Section       36  init.o(.text)
    [Anonymous Symbol]                       0x00000518   Section        0  accelerometer.o(.text.LPSPI1_IRQHandler)
    [Anonymous Symbol]                       0x000005b8   Section        0  system_mcxa153.o(.text.SystemInit)
    [Anonymous Symbol]                       0x0000060c   Section        0  system_mcxa153.o(.text.SystemInitHook)
    __NVIC_ClearPendingIRQ                   0x00000611   Thumb Code    48  accelerometer.o(.text.__NVIC_ClearPendingIRQ)
    [Anonymous Symbol]                       0x00000610   Section        0  accelerometer.o(.text.__NVIC_ClearPendingIRQ)
    __NVIC_EnableIRQ                         0x00000641   Thumb Code    48  accelerometer.o(.text.__NVIC_EnableIRQ)
    [Anonymous Symbol]                       0x00000640   Section        0  accelerometer.o(.text.__NVIC_EnableIRQ)
    __NVIC_SetPriority                       0x00000671   Thumb Code    66  accelerometer.o(.text.__NVIC_SetPriority)
    [Anonymous Symbol]                       0x00000670   Section        0  accelerometer.o(.text.__NVIC_SetPriority)
    [Anonymous Symbol]                       0x000006b4   Section        0  accelerometer.o(.text.accelerometer_init)
    [Anonymous Symbol]                       0x00000798   Section        0  accelerometer.o(.text.accelerometer_rx_read)
    [Anonymous Symbol]                       0x000007e4   Section        0  accelerometer.o(.text.accelerometer_tx)
    [Anonymous Symbol]                       0x00000860   Section        0  fifo.o(.text.f_cnt)
    [Anonymous Symbol]                       0x0000086c   Section        0  fifo.o(.text.f_init)
    [Anonymous Symbol]                       0x000008a8   Section        0  fifo.o(.text.f_pop)
    [Anonymous Symbol]                       0x00000904   Section        0  fifo.o(.text.f_push)
    [Anonymous Symbol]                       0x00000968   Section        0  accelerometer.o(.text.lpspi1_wait_busy)
    [Anonymous Symbol]                       0x00000980   Section        0  main.o(.text.main)
    i.__scatterload_copy                     0x00000a1a   Section       14  handlers.o(i.__scatterload_copy)
    i.__scatterload_null                     0x00000a28   Section        2  handlers.o(i.__scatterload_null)
    i.__scatterload_zeroinit                 0x00000a2a   Section       14  handlers.o(i.__scatterload_zeroinit)
    rx                                       0x20000000   Data          24  accelerometer.o(.bss.rx)
    [Anonymous Symbol]                       0x20000000   Section        0  accelerometer.o(.bss.rx)
    rx_buffer                                0x20000018   Data         128  accelerometer.o(.bss.rx_buffer)
    [Anonymous Symbol]                       0x20000018   Section        0  accelerometer.o(.bss.rx_buffer)
    rx_data                                  0x20000098   Data           6  main.o(.bss.rx_data)
    [Anonymous Symbol]                       0x20000098   Section        0  main.o(.bss.rx_data)
    tx                                       0x200000a0   Data          24  accelerometer.o(.bss.tx)
    [Anonymous Symbol]                       0x200000a0   Section        0  accelerometer.o(.bss.tx)
    tx_buffer                                0x200000b8   Data         128  accelerometer.o(.bss.tx_buffer)
    [Anonymous Symbol]                       0x200000b8   Section        0  accelerometer.o(.bss.tx_buffer)
    tx_data                                  0x20000138   Data           6  main.o(.bss.tx_data)
    [Anonymous Symbol]                       0x20000138   Section        0  main.o(.bss.tx_data)
    VTOR                                     0xe000ed08   Number         0  startup_mcxa153.o ABSOLUTE

    Global Symbols

    Symbol Name                              Value     Ov Type        Size  Object(Section)

    BuildAttributes$$THM_ISAv4$P$D$K$B$S$8M$PE$A:L22UL41UL21$X:L11$S22US41US21$IEEE1$IW$USESV6$~STKCKD$USESV7$~SHL$OSPACE$EBA8$MICROLIB$REQ8$PRES8$EABIv2 0x00000000   Number         0  anon$$obj.o ABSOLUTE
    __Vectors                                0x00000000   Number       384  startup_mcxa153.o(.isr_vector)
    __cpp_initialize__aeabi_                  - Undefined Weak Reference
    __cxa_finalize                            - Undefined Weak Reference
    __decompress                              - Undefined Weak Reference
    _clock_init                               - Undefined Weak Reference
    _microlib_exit                            - Undefined Weak Reference
    __main                                   0x00000201   Thumb Code     0  entry.o(.ARM.Collect$$$$00000000)
    _main_stk                                0x00000201   Thumb Code     0  entry4.o(.ARM.Collect$$$$00000003)
    _main_scatterload                        0x00000205   Thumb Code     0  entry5.o(.ARM.Collect$$$$00000004)
    __main_after_scatterload                 0x00000209   Thumb Code     0  entry5.o(.ARM.Collect$$$$00000004)
    _main_clock                              0x00000209   Thumb Code     0  entry7b.o(.ARM.Collect$$$$00000008)
    _main_cpp_init                           0x00000209   Thumb Code     0  entry8b.o(.ARM.Collect$$$$0000000A)
    _main_init                               0x00000209   Thumb Code     0  entry9a.o(.ARM.Collect$$$$0000000B)
    __rt_final_cpp                           0x00000211   Thumb Code     0  entry10a.o(.ARM.Collect$$$$0000000D)
    __rt_final_exit                          0x00000211   Thumb Code     0  entry11a.o(.ARM.Collect$$$$0000000F)
    Reset_Handler                            0x00000215   Thumb Code    52  startup_mcxa153.o(.text)
    ADC0_DriverIRQHandler                    0x00000249   Thumb Code     4  startup_mcxa153.o(.text)
    BusFault_Handler                         0x00000249   Thumb Code     4  startup_mcxa153.o(.text)
    CDOG0_DriverIRQHandler                   0x00000249   Thumb Code     4  startup_mcxa153.o(.text)
    CMC_DriverIRQHandler                     0x00000249   Thumb Code     4  startup_mcxa153.o(.text)
    CMP0_DriverIRQHandler                    0x00000249   Thumb Code     4  startup_mcxa153.o(.text)
    CMP1_DriverIRQHandler                    0x00000249   Thumb Code     4  startup_mcxa153.o(.text)
    CTIMER0_DriverIRQHandler                 0x00000249   Thumb Code     4  startup_mcxa153.o(.text)
    CTIMER1_DriverIRQHandler                 0x00000249   Thumb Code     4  startup_mcxa153.o(.text)
    CTIMER2_DriverIRQHandler                 0x00000249   Thumb Code     4  startup_mcxa153.o(.text)
    DMA_CH0_DriverIRQHandler                 0x00000249   Thumb Code     4  startup_mcxa153.o(.text)
    DMA_CH1_DriverIRQHandler                 0x00000249   Thumb Code     4  startup_mcxa153.o(.text)
    DMA_CH2_DriverIRQHandler                 0x00000249   Thumb Code     4  startup_mcxa153.o(.text)
    DMA_CH3_DriverIRQHandler                 0x00000249   Thumb Code     4  startup_mcxa153.o(.text)
    DebugMon_Handler                         0x00000249   Thumb Code     4  startup_mcxa153.o(.text)
    DefaultISR                               0x00000249   Thumb Code     4  startup_mcxa153.o(.text)
    ERM0_MULTI_BIT_DriverIRQHandler          0x00000249   Thumb Code     4  startup_mcxa153.o(.text)
    ERM0_SINGLE_BIT_DriverIRQHandler         0x00000249   Thumb Code     4  startup_mcxa153.o(.text)
    FLEXPWM0_FAULT_DriverIRQHandler          0x00000249   Thumb Code     4  startup_mcxa153.o(.text)
    FLEXPWM0_RELOAD_ERROR_DriverIRQHandler   0x00000249   Thumb Code     4  startup_mcxa153.o(.text)
    FLEXPWM0_SUBMODULE0_DriverIRQHandler     0x00000249   Thumb Code     4  startup_mcxa153.o(.text)
    FLEXPWM0_SUBMODULE1_DriverIRQHandler     0x00000249   Thumb Code     4  startup_mcxa153.o(.text)
    FLEXPWM0_SUBMODULE2_DriverIRQHandler     0x00000249   Thumb Code     4  startup_mcxa153.o(.text)
    FMU0_DriverIRQHandler                    0x00000249   Thumb Code     4  startup_mcxa153.o(.text)
    FREQME0_DriverIRQHandler                 0x00000249   Thumb Code     4  startup_mcxa153.o(.text)
    GLIKEY0_DriverIRQHandler                 0x00000249   Thumb Code     4  startup_mcxa153.o(.text)
    GPIO0_DriverIRQHandler                   0x00000249   Thumb Code     4  startup_mcxa153.o(.text)
    GPIO1_DriverIRQHandler                   0x00000249   Thumb Code     4  startup_mcxa153.o(.text)
    GPIO2_DriverIRQHandler                   0x00000249   Thumb Code     4  startup_mcxa153.o(.text)
    GPIO3_DriverIRQHandler                   0x00000249   Thumb Code     4  startup_mcxa153.o(.text)
    I3C0_DriverIRQHandler                    0x00000249   Thumb Code     4  startup_mcxa153.o(.text)
    LPI2C0_DriverIRQHandler                  0x00000249   Thumb Code     4  startup_mcxa153.o(.text)
    LPSPI0_DriverIRQHandler                  0x00000249   Thumb Code     4  startup_mcxa153.o(.text)
    LPSPI1_DriverIRQHandler                  0x00000249   Thumb Code     4  startup_mcxa153.o(.text)
    LPTMR0_DriverIRQHandler                  0x00000249   Thumb Code     4  startup_mcxa153.o(.text)
    LPUART0_DriverIRQHandler                 0x00000249   Thumb Code     4  startup_mcxa153.o(.text)
    LPUART1_DriverIRQHandler                 0x00000249   Thumb Code     4  startup_mcxa153.o(.text)
    LPUART2_DriverIRQHandler                 0x00000249   Thumb Code     4  startup_mcxa153.o(.text)
    MBC0_DriverIRQHandler                    0x00000249   Thumb Code     4  startup_mcxa153.o(.text)
    MemManage_Handler                        0x00000249   Thumb Code     4  startup_mcxa153.o(.text)
    OS_EVENT_DriverIRQHandler                0x00000249   Thumb Code     4  startup_mcxa153.o(.text)
    QDC0_COMPARE_DriverIRQHandler            0x00000249   Thumb Code     4  startup_mcxa153.o(.text)
    QDC0_HOME_DriverIRQHandler               0x00000249   Thumb Code     4  startup_mcxa153.o(.text)
    QDC0_INDEX_DriverIRQHandler              0x00000249   Thumb Code     4  startup_mcxa153.o(.text)
    QDC0_WATCHDOG_DriverIRQHandler           0x00000249   Thumb Code     4  startup_mcxa153.o(.text)
    Reserved16_DriverIRQHandler              0x00000249   Thumb Code     4  startup_mcxa153.o(.text)
    Reserved22_DriverIRQHandler              0x00000249   Thumb Code     4  startup_mcxa153.o(.text)
    Reserved23_DriverIRQHandler              0x00000249   Thumb Code     4  startup_mcxa153.o(.text)
    Reserved24_DriverIRQHandler              0x00000249   Thumb Code     4  startup_mcxa153.o(.text)
    Reserved25_DriverIRQHandler              0x00000249   Thumb Code     4  startup_mcxa153.o(.text)
    Reserved33_DriverIRQHandler              0x00000249   Thumb Code     4  startup_mcxa153.o(.text)
    Reserved35_DriverIRQHandler              0x00000249   Thumb Code     4  startup_mcxa153.o(.text)
    Reserved36_DriverIRQHandler              0x00000249   Thumb Code     4  startup_mcxa153.o(.text)
    Reserved37_DriverIRQHandler              0x00000249   Thumb Code     4  startup_mcxa153.o(.text)
    Reserved38_DriverIRQHandler              0x00000249   Thumb Code     4  startup_mcxa153.o(.text)
    Reserved39_DriverIRQHandler              0x00000249   Thumb Code     4  startup_mcxa153.o(.text)
    Reserved41_DriverIRQHandler              0x00000249   Thumb Code     4  startup_mcxa153.o(.text)
    Reserved43_DriverIRQHandler              0x00000249   Thumb Code     4  startup_mcxa153.o(.text)
    Reserved46_DriverIRQHandler              0x00000249   Thumb Code     4  startup_mcxa153.o(.text)
    Reserved50_DriverIRQHandler              0x00000249   Thumb Code     4  startup_mcxa153.o(.text)
    Reserved51_DriverIRQHandler              0x00000249   Thumb Code     4  startup_mcxa153.o(.text)
    Reserved53_DriverIRQHandler              0x00000249   Thumb Code     4  startup_mcxa153.o(.text)
    Reserved58_DriverIRQHandler              0x00000249   Thumb Code     4  startup_mcxa153.o(.text)
    Reserved59_DriverIRQHandler              0x00000249   Thumb Code     4  startup_mcxa153.o(.text)
    Reserved65_DriverIRQHandler              0x00000249   Thumb Code     4  startup_mcxa153.o(.text)
    Reserved72_DriverIRQHandler              0x00000249   Thumb Code     4  startup_mcxa153.o(.text)
    Reserved77_DriverIRQHandler              0x00000249   Thumb Code     4  startup_mcxa153.o(.text)
    Reserved79_DriverIRQHandler              0x00000249   Thumb Code     4  startup_mcxa153.o(.text)
    Reserved82_DriverIRQHandler              0x00000249   Thumb Code     4  startup_mcxa153.o(.text)
    Reserved83_DriverIRQHandler              0x00000249   Thumb Code     4  startup_mcxa153.o(.text)
    Reserved84_DriverIRQHandler              0x00000249   Thumb Code     4  startup_mcxa153.o(.text)
    Reserved85_DriverIRQHandler              0x00000249   Thumb Code     4  startup_mcxa153.o(.text)
    Reserved86_DriverIRQHandler              0x00000249   Thumb Code     4  startup_mcxa153.o(.text)
    Reserved91_DriverIRQHandler              0x00000249   Thumb Code     4  startup_mcxa153.o(.text)
    Reserved92_DriverIRQHandler              0x00000249   Thumb Code     4  startup_mcxa153.o(.text)
    Reserved93_DriverIRQHandler              0x00000249   Thumb Code     4  startup_mcxa153.o(.text)
    Reserved94_DriverIRQHandler              0x00000249   Thumb Code     4  startup_mcxa153.o(.text)
    Reserved95_DriverIRQHandler              0x00000249   Thumb Code     4  startup_mcxa153.o(.text)
    SCG0_DriverIRQHandler                    0x00000249   Thumb Code     4  startup_mcxa153.o(.text)
    SPC0_DriverIRQHandler                    0x00000249   Thumb Code     4  startup_mcxa153.o(.text)
    SecureFault_Handler                      0x00000249   Thumb Code     4  startup_mcxa153.o(.text)
    USB0_DriverIRQHandler                    0x00000249   Thumb Code     4  startup_mcxa153.o(.text)
    UTICK0_DriverIRQHandler                  0x00000249   Thumb Code     4  startup_mcxa153.o(.text)
    UsageFault_Handler                       0x00000249   Thumb Code     4  startup_mcxa153.o(.text)
    WAKETIMER0_DriverIRQHandler              0x00000249   Thumb Code     4  startup_mcxa153.o(.text)
    WUU0_DriverIRQHandler                    0x00000249   Thumb Code     4  startup_mcxa153.o(.text)
    WWDT0_DriverIRQHandler                   0x00000249   Thumb Code     4  startup_mcxa153.o(.text)
    NMI_Handler                              0x0000024d   Thumb Code     4  startup_mcxa153.o(.text)
    HardFault_Handler                        0x00000251   Thumb Code     4  startup_mcxa153.o(.text)
    SVC_Handler                              0x00000255   Thumb Code     4  startup_mcxa153.o(.text)
    PendSV_Handler                           0x00000259   Thumb Code     4  startup_mcxa153.o(.text)
    SysTick_Handler                          0x0000025d   Thumb Code     4  startup_mcxa153.o(.text)
    Reserved16_IRQHandler                    0x00000261   Thumb Code     4  startup_mcxa153.o(.text)
    CMC_IRQHandler                           0x00000265   Thumb Code     4  startup_mcxa153.o(.text)
    DMA_CH0_IRQHandler                       0x00000269   Thumb Code     4  startup_mcxa153.o(.text)
    DMA_CH1_IRQHandler                       0x0000026d   Thumb Code     4  startup_mcxa153.o(.text)
    DMA_CH2_IRQHandler                       0x00000271   Thumb Code     4  startup_mcxa153.o(.text)
    DMA_CH3_IRQHandler                       0x00000275   Thumb Code     4  startup_mcxa153.o(.text)
    Reserved22_IRQHandler                    0x00000279   Thumb Code     4  startup_mcxa153.o(.text)
    Reserved23_IRQHandler                    0x0000027d   Thumb Code     4  startup_mcxa153.o(.text)
    Reserved24_IRQHandler                    0x00000281   Thumb Code     4  startup_mcxa153.o(.text)
    Reserved25_IRQHandler                    0x00000285   Thumb Code     4  startup_mcxa153.o(.text)
    ERM0_SINGLE_BIT_IRQHandler               0x00000289   Thumb Code     4  startup_mcxa153.o(.text)
    ERM0_MULTI_BIT_IRQHandler                0x0000028d   Thumb Code     4  startup_mcxa153.o(.text)
    FMU0_IRQHandler                          0x00000291   Thumb Code     4  startup_mcxa153.o(.text)
    GLIKEY0_IRQHandler                       0x00000295   Thumb Code     4  startup_mcxa153.o(.text)
    MBC0_IRQHandler                          0x00000299   Thumb Code     4  startup_mcxa153.o(.text)
    SCG0_IRQHandler                          0x0000029d   Thumb Code     4  startup_mcxa153.o(.text)
    SPC0_IRQHandler                          0x000002a1   Thumb Code     4  startup_mcxa153.o(.text)
    Reserved33_IRQHandler                    0x000002a5   Thumb Code     4  startup_mcxa153.o(.text)
    WUU0_IRQHandler                          0x000002a9   Thumb Code     4  startup_mcxa153.o(.text)
    Reserved35_IRQHandler                    0x000002ad   Thumb Code     4  startup_mcxa153.o(.text)
    Reserved36_IRQHandler                    0x000002b1   Thumb Code     4  startup_mcxa153.o(.text)
    Reserved37_IRQHandler                    0x000002b5   Thumb Code     4  startup_mcxa153.o(.text)
    Reserved38_IRQHandler                    0x000002b9   Thumb Code     4  startup_mcxa153.o(.text)
    Reserved39_IRQHandler                    0x000002bd   Thumb Code     4  startup_mcxa153.o(.text)
    I3C0_IRQHandler                          0x000002c1   Thumb Code     4  startup_mcxa153.o(.text)
    Reserved41_IRQHandler                    0x000002c5   Thumb Code     4  startup_mcxa153.o(.text)
    LPI2C0_IRQHandler                        0x000002c9   Thumb Code     4  startup_mcxa153.o(.text)
    Reserved43_IRQHandler                    0x000002cd   Thumb Code     4  startup_mcxa153.o(.text)
    LPSPI0_IRQHandler                        0x000002d1   Thumb Code     4  startup_mcxa153.o(.text)
    Reserved46_IRQHandler                    0x000002d9   Thumb Code     4  startup_mcxa153.o(.text)
    LPUART0_IRQHandler                       0x000002dd   Thumb Code     4  startup_mcxa153.o(.text)
    LPUART1_IRQHandler                       0x000002e1   Thumb Code     4  startup_mcxa153.o(.text)
    LPUART2_IRQHandler                       0x000002e5   Thumb Code     4  startup_mcxa153.o(.text)
    Reserved50_IRQHandler                    0x000002e9   Thumb Code     4  startup_mcxa153.o(.text)
    Reserved51_IRQHandler                    0x000002ed   Thumb Code     4  startup_mcxa153.o(.text)
    USB0_IRQHandler                          0x000002f1   Thumb Code     4  startup_mcxa153.o(.text)
    Reserved53_IRQHandler                    0x000002f5   Thumb Code     4  startup_mcxa153.o(.text)
    CDOG0_IRQHandler                         0x000002f9   Thumb Code     4  startup_mcxa153.o(.text)
    CTIMER0_IRQHandler                       0x000002fd   Thumb Code     4  startup_mcxa153.o(.text)
    CTIMER1_IRQHandler                       0x00000301   Thumb Code     4  startup_mcxa153.o(.text)
    CTIMER2_IRQHandler                       0x00000305   Thumb Code     4  startup_mcxa153.o(.text)
    Reserved58_IRQHandler                    0x00000309   Thumb Code     4  startup_mcxa153.o(.text)
    Reserved59_IRQHandler                    0x0000030d   Thumb Code     4  startup_mcxa153.o(.text)
    FLEXPWM0_RELOAD_ERROR_IRQHandler         0x00000311   Thumb Code     4  startup_mcxa153.o(.text)
    FLEXPWM0_FAULT_IRQHandler                0x00000315   Thumb Code     4  startup_mcxa153.o(.text)
    FLEXPWM0_SUBMODULE0_IRQHandler           0x00000319   Thumb Code     4  startup_mcxa153.o(.text)
    FLEXPWM0_SUBMODULE1_IRQHandler           0x0000031d   Thumb Code     4  startup_mcxa153.o(.text)
    FLEXPWM0_SUBMODULE2_IRQHandler           0x00000321   Thumb Code     4  startup_mcxa153.o(.text)
    Reserved65_IRQHandler                    0x00000325   Thumb Code     4  startup_mcxa153.o(.text)
    QDC0_COMPARE_IRQHandler                  0x00000329   Thumb Code     4  startup_mcxa153.o(.text)
    QDC0_HOME_IRQHandler                     0x0000032d   Thumb Code     4  startup_mcxa153.o(.text)
    QDC0_WATCHDOG_IRQHandler                 0x00000331   Thumb Code     4  startup_mcxa153.o(.text)
    QDC0_INDEX_IRQHandler                    0x00000335   Thumb Code     4  startup_mcxa153.o(.text)
    FREQME0_IRQHandler                       0x00000339   Thumb Code     4  startup_mcxa153.o(.text)
    LPTMR0_IRQHandler                        0x0000033d   Thumb Code     4  startup_mcxa153.o(.text)
    Reserved72_IRQHandler                    0x00000341   Thumb Code     4  startup_mcxa153.o(.text)
    OS_EVENT_IRQHandler                      0x00000345   Thumb Code     4  startup_mcxa153.o(.text)
    WAKETIMER0_IRQHandler                    0x00000349   Thumb Code     4  startup_mcxa153.o(.text)
    UTICK0_IRQHandler                        0x0000034d   Thumb Code     4  startup_mcxa153.o(.text)
    WWDT0_IRQHandler                         0x00000351   Thumb Code     4  startup_mcxa153.o(.text)
    Reserved77_IRQHandler                    0x00000355   Thumb Code     4  startup_mcxa153.o(.text)
    ADC0_IRQHandler                          0x00000359   Thumb Code     4  startup_mcxa153.o(.text)
    Reserved79_IRQHandler                    0x0000035d   Thumb Code     4  startup_mcxa153.o(.text)
    CMP0_IRQHandler                          0x00000361   Thumb Code     4  startup_mcxa153.o(.text)
    CMP1_IRQHandler                          0x00000365   Thumb Code     4  startup_mcxa153.o(.text)
    Reserved82_IRQHandler                    0x00000369   Thumb Code     4  startup_mcxa153.o(.text)
    Reserved83_IRQHandler                    0x0000036d   Thumb Code     4  startup_mcxa153.o(.text)
    Reserved84_IRQHandler                    0x00000371   Thumb Code     4  startup_mcxa153.o(.text)
    Reserved85_IRQHandler                    0x00000375   Thumb Code     4  startup_mcxa153.o(.text)
    Reserved86_IRQHandler                    0x00000379   Thumb Code     4  startup_mcxa153.o(.text)
    GPIO0_IRQHandler                         0x0000037d   Thumb Code     4  startup_mcxa153.o(.text)
    GPIO1_IRQHandler                         0x00000381   Thumb Code     4  startup_mcxa153.o(.text)
    GPIO2_IRQHandler                         0x00000385   Thumb Code     4  startup_mcxa153.o(.text)
    GPIO3_IRQHandler                         0x00000389   Thumb Code     4  startup_mcxa153.o(.text)
    Reserved91_IRQHandler                    0x0000038d   Thumb Code     4  startup_mcxa153.o(.text)
    Reserved92_IRQHandler                    0x00000391   Thumb Code     4  startup_mcxa153.o(.text)
    Reserved93_IRQHandler                    0x00000395   Thumb Code     4  startup_mcxa153.o(.text)
    Reserved94_IRQHandler                    0x00000399   Thumb Code     4  startup_mcxa153.o(.text)
    Reserved95_IRQHandler                    0x0000039d   Thumb Code     4  startup_mcxa153.o(.text)
    __scatterload                            0x000004f5   Thumb Code    28  init.o(.text)
    __scatterload_rt2                        0x000004f5   Thumb Code     0  init.o(.text)
    LPSPI1_IRQHandler                        0x00000519   Thumb Code   160  accelerometer.o(.text.LPSPI1_IRQHandler)
    SystemInit                               0x000005b9   Thumb Code    84  system_mcxa153.o(.text.SystemInit)
    SystemInitHook                           0x0000060d   Thumb Code     2  system_mcxa153.o(.text.SystemInitHook)
    accelerometer_init                       0x000006b5   Thumb Code   228  accelerometer.o(.text.accelerometer_init)
    accelerometer_rx_read                    0x00000799   Thumb Code    76  accelerometer.o(.text.accelerometer_rx_read)
    accelerometer_tx                         0x000007e5   Thumb Code   122  accelerometer.o(.text.accelerometer_tx)
    f_cnt                                    0x00000861   Thumb Code    12  fifo.o(.text.f_cnt)
    f_init                                   0x0000086d   Thumb Code    60  fifo.o(.text.f_init)
    f_pop                                    0x000008a9   Thumb Code    92  fifo.o(.text.f_pop)
    f_push                                   0x00000905   Thumb Code    98  fifo.o(.text.f_push)
    lpspi1_wait_busy                         0x00000969   Thumb Code    24  accelerometer.o(.text.lpspi1_wait_busy)
    main                                     0x00000981   Thumb Code   154  main.o(.text.main)
    __scatterload_copy                       0x00000a1b   Thumb Code    14  handlers.o(i.__scatterload_copy)
    __scatterload_null                       0x00000a29   Thumb Code     2  handlers.o(i.__scatterload_null)
    __scatterload_zeroinit                   0x00000a2b   Thumb Code    14  handlers.o(i.__scatterload_zeroinit)
    Region$$Table$$Base                      0x00000a38   Number         0  anon$$obj.o(Region$$Table)
    Region$$Table$$Limit                     0x00000a48   Number         0  anon$$obj.o(Region$$Table)
    Image$$ARM_LIB_STACK$$ZI$$Base           0x20005c00   Number         0  anon$$obj.o ABSOLUTE
    Image$$ARM_LIB_STACK$$ZI$$Limit          0x20006000   Number         0  anon$$obj.o ABSOLUTE



==============================================================================

Memory Map of the image

  Image Entry point : 0x00000215

  Load Region LR_m_text (Base: 0x00000000, Size: 0x00000a48, Max: 0x00020000, ABSOLUTE)

    Execution Region VECTOR_ROM (Exec base: 0x00000000, Load base: 0x00000000, Size: 0x00000180, Max: 0x00000200, ABSOLUTE)

    Exec Addr    Load Addr    Size         Type   Attr      Idx    E Section Name        Object

    0x00000000   0x00000000   0x00000180   Data   RO           71    .isr_vector         startup_mcxa153.o


    Execution Region ER_m_text (Exec base: 0x00000200, Load base: 0x00000200, Size: 0x00000848, Max: 0x0001fe00, ABSOLUTE, FIXED)

    Exec Addr    Load Addr    Size         Type   Attr      Idx    E Section Name        Object

    0x00000200   0x00000200   0x00000000   Code   RO           76  * .ARM.Collect$$$$00000000  mc_w.l(entry.o)
    0x00000200   0x00000200   0x00000004   Code   RO           79    .ARM.Collect$$$$00000003  mc_w.l(entry4.o)
    0x00000204   0x00000204   0x00000004   Code   RO           82    .ARM.Collect$$$$00000004  mc_w.l(entry5.o)
    0x00000208   0x00000208   0x00000000   Code   RO           84    .ARM.Collect$$$$00000008  mc_w.l(entry7b.o)
    0x00000208   0x00000208   0x00000000   Code   RO           86    .ARM.Collect$$$$0000000A  mc_w.l(entry8b.o)
    0x00000208   0x00000208   0x00000008   Code   RO           87    .ARM.Collect$$$$0000000B  mc_w.l(entry9a.o)
    0x00000210   0x00000210   0x00000000   Code   RO           89    .ARM.Collect$$$$0000000D  mc_w.l(entry10a.o)
    0x00000210   0x00000210   0x00000000   Code   RO           91    .ARM.Collect$$$$0000000F  mc_w.l(entry11a.o)
    0x00000210   0x00000210   0x00000004   Code   RO           80    .ARM.Collect$$$$00002714  mc_w.l(entry4.o)
    0x00000214   0x00000214   0x000002e0   Code   RO           70  * .text               startup_mcxa153.o
    0x000004f4   0x000004f4   0x00000024   Code   RO           93    .text               mc_w.l(init.o)
    0x00000518   0x00000518   0x000000a0   Code   RO           18    .text.LPSPI1_IRQHandler  accelerometer.o
    0x000005b8   0x000005b8   0x00000054   Code   RO           57    .text.SystemInit    system_mcxa153.o
    0x0000060c   0x0000060c   0x00000002   Code   RO           59    .text.SystemInitHook  system_mcxa153.o
    0x0000060e   0x0000060e   0x00000002   PAD
    0x00000610   0x00000610   0x00000030   Code   RO            8    .text.__NVIC_ClearPendingIRQ  accelerometer.o
    0x00000640   0x00000640   0x00000030   Code   RO           10    .text.__NVIC_EnableIRQ  accelerometer.o
    0x00000670   0x00000670   0x00000042   Code   RO            6    .text.__NVIC_SetPriority  accelerometer.o
    0x000006b2   0x000006b2   0x00000002   PAD
    0x000006b4   0x000006b4   0x000000e4   Code   RO            4    .text.accelerometer_init  accelerometer.o
    0x00000798   0x00000798   0x0000004c   Code   RO           16    .text.accelerometer_rx_read  accelerometer.o
    0x000007e4   0x000007e4   0x0000007a   Code   RO           12    .text.accelerometer_tx  accelerometer.o
    0x0000085e   0x0000085e   0x00000002   PAD
    0x00000860   0x00000860   0x0000000c   Code   RO           37    .text.f_cnt         fifo.o
    0x0000086c   0x0000086c   0x0000003c   Code   RO           31    .text.f_init        fifo.o
    0x000008a8   0x000008a8   0x0000005c   Code   RO           35    .text.f_pop         fifo.o
    0x00000904   0x00000904   0x00000062   Code   RO           33    .text.f_push        fifo.o
    0x00000966   0x00000966   0x00000002   PAD
    0x00000968   0x00000968   0x00000018   Code   RO           14    .text.lpspi1_wait_busy  accelerometer.o
    0x00000980   0x00000980   0x0000009a   Code   RO           46    .text.main          main.o
    0x00000a1a   0x00000a1a   0x0000000e   Code   RO           97    i.__scatterload_copy  mc_w.l(handlers.o)
    0x00000a28   0x00000a28   0x00000002   Code   RO           98    i.__scatterload_null  mc_w.l(handlers.o)
    0x00000a2a   0x00000a2a   0x0000000e   Code   RO           99    i.__scatterload_zeroinit  mc_w.l(handlers.o)
    0x00000a38   0x00000a38   0x00000010   Data   RO           96    Region$$Table       anon$$obj.o


    Execution Region RW_m_data (Exec base: 0x20000000, Load base: 0x00000a48, Size: 0x00000140, Max: 0x00005800, ABSOLUTE)

    Exec Addr    Load Addr    Size         Type   Attr      Idx    E Section Name        Object

    0x20000000        -       0x00000018   Zero   RW           22    .bss.rx             accelerometer.o
    0x20000018        -       0x00000080   Zero   RW           23    .bss.rx_buffer      accelerometer.o
    0x20000098        -       0x00000006   Zero   RW           49    .bss.rx_data        main.o
    0x2000009e   0x00000a48   0x00000002   PAD
    0x200000a0        -       0x00000018   Zero   RW           20    .bss.tx             accelerometer.o
    0x200000b8        -       0x00000080   Zero   RW           21    .bss.tx_buffer      accelerometer.o
    0x20000138        -       0x00000006   Zero   RW           48    .bss.tx_data        main.o


    Execution Region ARM_LIB_HEAP (Exec base: 0x20000140, Load base: 0x00000a48, Size: 0x00000400, Max: 0x00000400, ABSOLUTE)

    Exec Addr    Load Addr    Size         Type   Attr      Idx    E Section Name        Object

    0x20000140        -       0x00000400   Zero   RW            1    ARM_LIB_HEAP.bss    anon$$obj.o


    Execution Region ARM_LIB_STACK (Exec base: 0x20005c00, Load base: 0x00000a48, Size: 0x00000400, Max: 0x00000400, ABSOLUTE)

    Exec Addr    Load Addr    Size         Type   Attr      Idx    E Section Name        Object

    0x20005c00        -       0x00000400   Zero   RW            2    ARM_LIB_STACK.bss   anon$$obj.o


==============================================================================

Image component sizes


      Code (inc. data)   RO Data    RW Data    ZI Data      Debug   Object Name

       772          0          0          0        304       8761   accelerometer.o
       262          0          0          0          0       2012   fifo.o
       154          0          0          0         12        827   main.o
       736        360        384          0          0       3533   startup_mcxa153.o
        86          0          0          0          0       3726   system_mcxa153.o

    ----------------------------------------------------------------------
      2018        360        400          0       2368      18859   Object Totals
         0          0         16          0       2048          0   (incl. Generated)
         8          0          0          0          4          0   (incl. Padding)

    ----------------------------------------------------------------------

      Code (inc. data)   RO Data    RW Data    ZI Data      Debug   Library Member Name

         0          0          0          0          0          0   entry.o
         0          0          0          0          0          0   entry10a.o
         0          0          0          0          0          0   entry11a.o
         8          4          0          0          0          0   entry4.o
         4          0          0          0          0          0   entry5.o
         0          0          0          0          0          0   entry7b.o
         0          0          0          0          0          0   entry8b.o
         8          4          0          0          0          0   entry9a.o
        30          0          0          0          0          0   handlers.o
        36          8          0          0          0         68   init.o

    ----------------------------------------------------------------------
        86         16          0          0          0         68   Library Totals
         0          0          0          0          0          0   (incl. Padding)

    ----------------------------------------------------------------------

      Code (inc. data)   RO Data    RW Data    ZI Data      Debug   Library Name

        86         16          0          0          0         68   mc_w.l

    ----------------------------------------------------------------------
        86         16          0          0          0         68   Library Totals

    ----------------------------------------------------------------------

==============================================================================


      Code (inc. data)   RO Data    RW Data    ZI Data      Debug   

      2104        376        400          0       2368      19071   Grand Totals
      2104        376        400          0       2368      19071   ELF Image Totals
      2104        376        400          0          0          0   ROM Totals

==============================================================================

    Total RO  Size (Code + RO Data)                 2504 (   2.45kB)
    Total RW  Size (RW Data + ZI Data)              2368 (   2.31kB)
    Total ROM Size (Code + RO Data + RW Data)       2504 (   2.45kB)

==============================================================================

