Component: Arm Compiler for Embedded 6.21 Tool: armlink [5ec1fa00]

==============================================================================

Section Cross References

    general_purpose_output.o(.ARM.exidx.text.gpo_init) refers to general_purpose_output.o(.text.gpo_init) for [Anonymous Symbol]
    lptmr0.o(.text.lptmr0_init) refers to lptmr0.o(.text.__NVIC_SetPriority) for __NVIC_SetPriority
    lptmr0.o(.text.lptmr0_init) refers to lptmr0.o(.text.__NVIC_ClearPendingIRQ) for __NVIC_ClearPendingIRQ
    lptmr0.o(.text.lptmr0_init) refers to lptmr0.o(.text.__NVIC_EnableIRQ) for __NVIC_EnableIRQ
    lptmr0.o(.ARM.exidx.text.lptmr0_init) refers to lptmr0.o(.text.lptmr0_init) for [Anonymous Symbol]
    lptmr0.o(.ARM.exidx.text.__NVIC_SetPriority) refers to lptmr0.o(.text.__NVIC_SetPriority) for [Anonymous Symbol]
    lptmr0.o(.ARM.exidx.text.__NVIC_ClearPendingIRQ) refers to lptmr0.o(.text.__NVIC_ClearPendingIRQ) for [Anonymous Symbol]
    lptmr0.o(.ARM.exidx.text.__NVIC_EnableIRQ) refers to lptmr0.o(.text.__NVIC_EnableIRQ) for [Anonymous Symbol]
    lptmr0.o(.text.LPTMR0_IRQHandler) refers to lptmr0.o(.text.__NVIC_ClearPendingIRQ) for __NVIC_ClearPendingIRQ
    lptmr0.o(.text.LPTMR0_IRQHandler) refers to lptmr0.o(.bss.lptmr0_timeout_flag) for lptmr0_timeout_flag
    lptmr0.o(.ARM.exidx.text.LPTMR0_IRQHandler) refers to lptmr0.o(.text.LPTMR0_IRQHandler) for [Anonymous Symbol]
    main.o(.text.main) refers to general_purpose_output.o(.text.gpo_init) for gpo_init
    main.o(.text.main) refers to lptmr0.o(.text.lptmr0_init) for lptmr0_init
    main.o(.text.main) refers to lptmr0.o(.bss.lptmr0_timeout_flag) for lptmr0_timeout_flag
    main.o(.ARM.exidx.text.main) refers to main.o(.text.main) for [Anonymous Symbol]
    system_mcxa153.o(.text.SystemInit) refers to startup_mcxa153.o(.isr_vector) for __Vectors
    system_mcxa153.o(.text.SystemInit) refers to system_mcxa153.o(.text.SystemInitHook) for SystemInitHook
    system_mcxa153.o(.ARM.exidx.text.SystemInit) refers to system_mcxa153.o(.text.SystemInit) for [Anonymous Symbol]
    system_mcxa153.o(.ARM.exidx.text.SystemInitHook) refers to system_mcxa153.o(.text.SystemInitHook) for [Anonymous Symbol]
    system_mcxa153.o(.ARM.exidx.text.SystemCoreClockUpdate) refers to system_mcxa153.o(.text.SystemCoreClockUpdate) for [Anonymous Symbol]
    startup_mcxa153.o(.text) refers to startup_mcxa153.o(.isr_vector) for __Vectors
    startup_mcxa153.o(.text) refers to system_mcxa153.o(.text.SystemInit) for SystemInit
    startup_mcxa153.o(.text) refers to entry.o(.ARM.Collect$$$$00000000) for __main
    startup_mcxa153.o(.isr_vector) refers to startup_mcxa153.o(.text) for Reset_Handler
    startup_mcxa153.o(.isr_vector) refers to lptmr0.o(.text.LPTMR0_IRQHandler) for LPTMR0_IRQHandler
    entry.o(.ARM.Collect$$$$00000000) refers (Special) to entry10a.o(.ARM.Collect$$$$0000000D) for __rt_final_cpp
    entry.o(.ARM.Collect$$$$00000000) refers (Special) to entry11a.o(.ARM.Collect$$$$0000000F) for __rt_final_exit
    entry.o(.ARM.Collect$$$$00000000) refers (Special) to entry7b.o(.ARM.Collect$$$$00000008) for _main_clock
    entry.o(.ARM.Collect$$$$00000000) refers (Special) to entry8b.o(.ARM.Collect$$$$0000000A) for _main_cpp_init
    entry.o(.ARM.Collect$$$$00000000) refers (Special) to entry9a.o(.ARM.Collect$$$$0000000B) for _main_init
    entry.o(.ARM.Collect$$$$00000000) refers (Special) to entry5.o(.ARM.Collect$$$$00000004) for _main_scatterload
    entry.o(.ARM.Collect$$$$00000000) refers (Special) to entry4.o(.ARM.Collect$$$$00000003) for _main_stk
    entry4.o(.ARM.Collect$$$$00000003) refers to entry4.o(.ARM.Collect$$$$00002714) for __lit__00000000
    entry4.o(__vectab_stack_and_reset_area) refers to entry.o(.ARM.Collect$$$$00000000) for __main
    entry5.o(.ARM.Collect$$$$00000004) refers to init.o(.text) for __scatterload
    entry9a.o(.ARM.Collect$$$$0000000B) refers to main.o(.text.main) for main
    entry9b.o(.ARM.Collect$$$$0000000C) refers to main.o(.text.main) for main
    init.o(.text) refers to entry5.o(.ARM.Collect$$$$00000004) for __main_after_scatterload


==============================================================================

Removing Unused input sections from the image.

    Removing general_purpose_output.o(.text), (0 bytes).
    Removing general_purpose_output.o(.ARM.exidx.text.gpo_init), (8 bytes).
    Removing lptmr0.o(.text), (0 bytes).
    Removing lptmr0.o(.ARM.exidx.text.lptmr0_init), (8 bytes).
    Removing lptmr0.o(.ARM.exidx.text.__NVIC_SetPriority), (8 bytes).
    Removing lptmr0.o(.ARM.exidx.text.__NVIC_ClearPendingIRQ), (8 bytes).
    Removing lptmr0.o(.ARM.exidx.text.__NVIC_EnableIRQ), (8 bytes).
    Removing lptmr0.o(.ARM.exidx.text.LPTMR0_IRQHandler), (8 bytes).
    Removing main.o(.text), (0 bytes).
    Removing main.o(.ARM.exidx.text.main), (8 bytes).
    Removing main.o(.ARM.use_no_argv), (4 bytes).
    Removing system_mcxa153.o(.text), (0 bytes).
    Removing system_mcxa153.o(.ARM.exidx.text.SystemInit), (8 bytes).
    Removing system_mcxa153.o(.ARM.exidx.text.SystemInitHook), (8 bytes).
    Removing system_mcxa153.o(.text.SystemCoreClockUpdate), (2 bytes).
    Removing system_mcxa153.o(.ARM.exidx.text.SystemCoreClockUpdate), (8 bytes).
    Removing system_mcxa153.o(.data.SystemCoreClock), (4 bytes).

17 unused section(s) (total 90 bytes) removed from the image.

==============================================================================

Image Symbol Table

    Local Symbols

    Symbol Name                              Value     Ov Type        Size  Object(Section)

    ../clib/microlib/init/entry.s            0x00000000   Number         0  entry.o ABSOLUTE
    ../clib/microlib/init/entry.s            0x00000000   Number         0  entry4.o ABSOLUTE
    ../clib/microlib/init/entry.s            0x00000000   Number         0  entry5.o ABSOLUTE
    ../clib/microlib/init/entry.s            0x00000000   Number         0  entry7a.o ABSOLUTE
    ../clib/microlib/init/entry.s            0x00000000   Number         0  entry7b.o ABSOLUTE
    ../clib/microlib/init/entry.s            0x00000000   Number         0  entry8a.o ABSOLUTE
    ../clib/microlib/init/entry.s            0x00000000   Number         0  entry8b.o ABSOLUTE
    ../clib/microlib/init/entry.s            0x00000000   Number         0  entry9a.o ABSOLUTE
    ../clib/microlib/init/entry.s            0x00000000   Number         0  entry9b.o ABSOLUTE
    ../clib/microlib/init/entry.s            0x00000000   Number         0  entry10a.o ABSOLUTE
    ../clib/microlib/init/entry.s            0x00000000   Number         0  entry10b.o ABSOLUTE
    ../clib/microlib/init/entry.s            0x00000000   Number         0  entry11a.o ABSOLUTE
    ../clib/microlib/init/entry.s            0x00000000   Number         0  entry11b.o ABSOLUTE
    dc.s                                     0x00000000   Number         0  dc.o ABSOLUTE
    general_purpose_output.c                 0x00000000   Number         0  general_purpose_output.o ABSOLUTE
    handlers.s                               0x00000000   Number         0  handlers.o ABSOLUTE
    init.s                                   0x00000000   Number         0  init.o ABSOLUTE
    lptmr0.c                                 0x00000000   Number         0  lptmr0.o ABSOLUTE
    main.c                                   0x00000000   Number         0  main.o ABSOLUTE
    system_MCXA153.c                         0x00000000   Number         0  system_mcxa153.o ABSOLUTE
    .ARM.Collect$$$$00000000                 0x00000200   Section        0  entry.o(.ARM.Collect$$$$00000000)
    .ARM.Collect$$$$00000003                 0x00000200   Section        4  entry4.o(.ARM.Collect$$$$00000003)
    .ARM.Collect$$$$00000004                 0x00000204   Section        4  entry5.o(.ARM.Collect$$$$00000004)
    .ARM.Collect$$$$00000008                 0x00000208   Section        0  entry7b.o(.ARM.Collect$$$$00000008)
    .ARM.Collect$$$$0000000A                 0x00000208   Section        0  entry8b.o(.ARM.Collect$$$$0000000A)
    .ARM.Collect$$$$0000000B                 0x00000208   Section        8  entry9a.o(.ARM.Collect$$$$0000000B)
    __lit__00000000                          0x00000210   Data           4  entry4.o(.ARM.Collect$$$$00002714)
    .ARM.Collect$$$$0000000D                 0x00000210   Section        0  entry10a.o(.ARM.Collect$$$$0000000D)
    .ARM.Collect$$$$0000000F                 0x00000210   Section        0  entry11a.o(.ARM.Collect$$$$0000000F)
    .ARM.Collect$$$$00002714                 0x00000210   Section        4  entry4.o(.ARM.Collect$$$$00002714)
    [Anonymous Symbol]                       0x00000214   Section        0  startup_mcxa153.o(.text)
    .text                                    0x000004f4   Section       48  init.o(.text)
    [Anonymous Symbol]                       0x00000524   Section        0  lptmr0.o(.text.LPTMR0_IRQHandler)
    [Anonymous Symbol]                       0x0000054c   Section        0  system_mcxa153.o(.text.SystemInit)
    [Anonymous Symbol]                       0x000005a0   Section        0  system_mcxa153.o(.text.SystemInitHook)
    __NVIC_ClearPendingIRQ                   0x000005a5   Thumb Code    48  lptmr0.o(.text.__NVIC_ClearPendingIRQ)
    [Anonymous Symbol]                       0x000005a4   Section        0  lptmr0.o(.text.__NVIC_ClearPendingIRQ)
    __NVIC_EnableIRQ                         0x000005d5   Thumb Code    48  lptmr0.o(.text.__NVIC_EnableIRQ)
    [Anonymous Symbol]                       0x000005d4   Section        0  lptmr0.o(.text.__NVIC_EnableIRQ)
    __NVIC_SetPriority                       0x00000605   Thumb Code    66  lptmr0.o(.text.__NVIC_SetPriority)
    [Anonymous Symbol]                       0x00000604   Section        0  lptmr0.o(.text.__NVIC_SetPriority)
    [Anonymous Symbol]                       0x00000648   Section        0  general_purpose_output.o(.text.gpo_init)
    [Anonymous Symbol]                       0x000006ac   Section        0  lptmr0.o(.text.lptmr0_init)
    [Anonymous Symbol]                       0x00000710   Section        0  main.o(.text.main)
    i.__scatterload_copy                     0x0000074c   Section       14  handlers.o(i.__scatterload_copy)
    i.__scatterload_null                     0x0000075a   Section        2  handlers.o(i.__scatterload_null)
    i.__scatterload_zeroinit                 0x0000075c   Section       14  handlers.o(i.__scatterload_zeroinit)
    VTOR                                     0xe000ed08   Number         0  startup_mcxa153.o ABSOLUTE

    Global Symbols

    Symbol Name                              Value     Ov Type        Size  Object(Section)

    BuildAttributes$$THM_ISAv4$P$D$K$B$S$8M$PE$A:L22UL41UL21$X:L11$S22US41US21$IEEE1$IW$USESV6$~STKCKD$USESV7$~SHL$OSPACE$EBA8$MICROLIB$REQ8$PRES8$EABIv2 0x00000000   Number         0  anon$$obj.o ABSOLUTE
    __Vectors                                0x00000000   Number       384  startup_mcxa153.o(.isr_vector)
    __cpp_initialize__aeabi_                  - Undefined Weak Reference
    __cxa_finalize                            - Undefined Weak Reference
    __decompress                              - Undefined Weak Reference
    _clock_init                               - Undefined Weak Reference
    _microlib_exit                            - Undefined Weak Reference
    __main                                   0x00000201   Thumb Code     0  entry.o(.ARM.Collect$$$$00000000)
    _main_stk                                0x00000201   Thumb Code     0  entry4.o(.ARM.Collect$$$$00000003)
    _main_scatterload                        0x00000205   Thumb Code     0  entry5.o(.ARM.Collect$$$$00000004)
    __main_after_scatterload                 0x00000209   Thumb Code     0  entry5.o(.ARM.Collect$$$$00000004)
    _main_clock                              0x00000209   Thumb Code     0  entry7b.o(.ARM.Collect$$$$00000008)
    _main_cpp_init                           0x00000209   Thumb Code     0  entry8b.o(.ARM.Collect$$$$0000000A)
    _main_init                               0x00000209   Thumb Code     0  entry9a.o(.ARM.Collect$$$$0000000B)
    __rt_final_cpp                           0x00000211   Thumb Code     0  entry10a.o(.ARM.Collect$$$$0000000D)
    __rt_final_exit                          0x00000211   Thumb Code     0  entry11a.o(.ARM.Collect$$$$0000000F)
    Reset_Handler                            0x00000215   Thumb Code    52  startup_mcxa153.o(.text)
    ADC0_DriverIRQHandler                    0x00000249   Thumb Code     4  startup_mcxa153.o(.text)
    BusFault_Handler                         0x00000249   Thumb Code     4  startup_mcxa153.o(.text)
    CDOG0_DriverIRQHandler                   0x00000249   Thumb Code     4  startup_mcxa153.o(.text)
    CMC_DriverIRQHandler                     0x00000249   Thumb Code     4  startup_mcxa153.o(.text)
    CMP0_DriverIRQHandler                    0x00000249   Thumb Code     4  startup_mcxa153.o(.text)
    CMP1_DriverIRQHandler                    0x00000249   Thumb Code     4  startup_mcxa153.o(.text)
    CTIMER0_DriverIRQHandler                 0x00000249   Thumb Code     4  startup_mcxa153.o(.text)
    CTIMER1_DriverIRQHandler                 0x00000249   Thumb Code     4  startup_mcxa153.o(.text)
    CTIMER2_DriverIRQHandler                 0x00000249   Thumb Code     4  startup_mcxa153.o(.text)
    DMA_CH0_DriverIRQHandler                 0x00000249   Thumb Code     4  startup_mcxa153.o(.text)
    DMA_CH1_DriverIRQHandler                 0x00000249   Thumb Code     4  startup_mcxa153.o(.text)
    DMA_CH2_DriverIRQHandler                 0x00000249   Thumb Code     4  startup_mcxa153.o(.text)
    DMA_CH3_DriverIRQHandler                 0x00000249   Thumb Code     4  startup_mcxa153.o(.text)
    DebugMon_Handler                         0x00000249   Thumb Code     4  startup_mcxa153.o(.text)
    DefaultISR                               0x00000249   Thumb Code     4  startup_mcxa153.o(.text)
    ERM0_MULTI_BIT_DriverIRQHandler          0x00000249   Thumb Code     4  startup_mcxa153.o(.text)
    ERM0_SINGLE_BIT_DriverIRQHandler         0x00000249   Thumb Code     4  startup_mcxa153.o(.text)
    FLEXPWM0_FAULT_DriverIRQHandler          0x00000249   Thumb Code     4  startup_mcxa153.o(.text)
    FLEXPWM0_RELOAD_ERROR_DriverIRQHandler   0x00000249   Thumb Code     4  startup_mcxa153.o(.text)
    FLEXPWM0_SUBMODULE0_DriverIRQHandler     0x00000249   Thumb Code     4  startup_mcxa153.o(.text)
    FLEXPWM0_SUBMODULE1_DriverIRQHandler     0x00000249   Thumb Code     4  startup_mcxa153.o(.text)
    FLEXPWM0_SUBMODULE2_DriverIRQHandler     0x00000249   Thumb Code     4  startup_mcxa153.o(.text)
    FMU0_DriverIRQHandler                    0x00000249   Thumb Code     4  startup_mcxa153.o(.text)
    FREQME0_DriverIRQHandler                 0x00000249   Thumb Code     4  startup_mcxa153.o(.text)
    GLIKEY0_DriverIRQHandler                 0x00000249   Thumb Code     4  startup_mcxa153.o(.text)
    GPIO0_DriverIRQHandler                   0x00000249   Thumb Code     4  startup_mcxa153.o(.text)
    GPIO1_DriverIRQHandler                   0x00000249   Thumb Code     4  startup_mcxa153.o(.text)
    GPIO2_DriverIRQHandler                   0x00000249   Thumb Code     4  startup_mcxa153.o(.text)
    GPIO3_DriverIRQHandler                   0x00000249   Thumb Code     4  startup_mcxa153.o(.text)
    I3C0_DriverIRQHandler                    0x00000249   Thumb Code     4  startup_mcxa153.o(.text)
    LPI2C0_DriverIRQHandler                  0x00000249   Thumb Code     4  startup_mcxa153.o(.text)
    LPSPI0_DriverIRQHandler                  0x00000249   Thumb Code     4  startup_mcxa153.o(.text)
    LPSPI1_DriverIRQHandler                  0x00000249   Thumb Code     4  startup_mcxa153.o(.text)
    LPTMR0_DriverIRQHandler                  0x00000249   Thumb Code     4  startup_mcxa153.o(.text)
    LPUART0_DriverIRQHandler                 0x00000249   Thumb Code     4  startup_mcxa153.o(.text)
    LPUART1_DriverIRQHandler                 0x00000249   Thumb Code     4  startup_mcxa153.o(.text)
    LPUART2_DriverIRQHandler                 0x00000249   Thumb Code     4  startup_mcxa153.o(.text)
    MBC0_DriverIRQHandler                    0x00000249   Thumb Code     4  startup_mcxa153.o(.text)
    MemManage_Handler                        0x00000249   Thumb Code     4  startup_mcxa153.o(.text)
    OS_EVENT_DriverIRQHandler                0x00000249   Thumb Code     4  startup_mcxa153.o(.text)
    QDC0_COMPARE_DriverIRQHandler            0x00000249   Thumb Code     4  startup_mcxa153.o(.text)
    QDC0_HOME_DriverIRQHandler               0x00000249   Thumb Code     4  startup_mcxa153.o(.text)
    QDC0_INDEX_DriverIRQHandler              0x00000249   Thumb Code     4  startup_mcxa153.o(.text)
    QDC0_WATCHDOG_DriverIRQHandler           0x00000249   Thumb Code     4  startup_mcxa153.o(.text)
    Reserved16_DriverIRQHandler              0x00000249   Thumb Code     4  startup_mcxa153.o(.text)
    Reserved22_DriverIRQHandler              0x00000249   Thumb Code     4  startup_mcxa153.o(.text)
    Reserved23_DriverIRQHandler              0x00000249   Thumb Code     4  startup_mcxa153.o(.text)
    Reserved24_DriverIRQHandler              0x00000249   Thumb Code     4  startup_mcxa153.o(.text)
    Reserved25_DriverIRQHandler              0x00000249   Thumb Code     4  startup_mcxa153.o(.text)
    Reserved33_DriverIRQHandler              0x00000249   Thumb Code     4  startup_mcxa153.o(.text)
    Reserved35_DriverIRQHandler              0x00000249   Thumb Code     4  startup_mcxa153.o(.text)
    Reserved36_DriverIRQHandler              0x00000249   Thumb Code     4  startup_mcxa153.o(.text)
    Reserved37_DriverIRQHandler              0x00000249   Thumb Code     4  startup_mcxa153.o(.text)
    Reserved38_DriverIRQHandler              0x00000249   Thumb Code     4  startup_mcxa153.o(.text)
    Reserved39_DriverIRQHandler              0x00000249   Thumb Code     4  startup_mcxa153.o(.text)
    Reserved41_DriverIRQHandler              0x00000249   Thumb Code     4  startup_mcxa153.o(.text)
    Reserved43_DriverIRQHandler              0x00000249   Thumb Code     4  startup_mcxa153.o(.text)
    Reserved46_DriverIRQHandler              0x00000249   Thumb Code     4  startup_mcxa153.o(.text)
    Reserved50_DriverIRQHandler              0x00000249   Thumb Code     4  startup_mcxa153.o(.text)
    Reserved51_DriverIRQHandler              0x00000249   Thumb Code     4  startup_mcxa153.o(.text)
    Reserved53_DriverIRQHandler              0x00000249   Thumb Code     4  startup_mcxa153.o(.text)
    Reserved58_DriverIRQHandler              0x00000249   Thumb Code     4  startup_mcxa153.o(.text)
    Reserved59_DriverIRQHandler              0x00000249   Thumb Code     4  startup_mcxa153.o(.text)
    Reserved65_DriverIRQHandler              0x00000249   Thumb Code     4  startup_mcxa153.o(.text)
    Reserved72_DriverIRQHandler              0x00000249   Thumb Code     4  startup_mcxa153.o(.text)
    Reserved77_DriverIRQHandler              0x00000249   Thumb Code     4  startup_mcxa153.o(.text)
    Reserved79_DriverIRQHandler              0x00000249   Thumb Code     4  startup_mcxa153.o(.text)
    Reserved82_DriverIRQHandler              0x00000249   Thumb Code     4  startup_mcxa153.o(.text)
    Reserved83_DriverIRQHandler              0x00000249   Thumb Code     4  startup_mcxa153.o(.text)
    Reserved84_DriverIRQHandler              0x00000249   Thumb Code     4  startup_mcxa153.o(.text)
    Reserved85_DriverIRQHandler              0x00000249   Thumb Code     4  startup_mcxa153.o(.text)
    Reserved86_DriverIRQHandler              0x00000249   Thumb Code     4  startup_mcxa153.o(.text)
    Reserved91_DriverIRQHandler              0x00000249   Thumb Code     4  startup_mcxa153.o(.text)
    Reserved92_DriverIRQHandler              0x00000249   Thumb Code     4  startup_mcxa153.o(.text)
    Reserved93_DriverIRQHandler              0x00000249   Thumb Code     4  startup_mcxa153.o(.text)
    Reserved94_DriverIRQHandler              0x00000249   Thumb Code     4  startup_mcxa153.o(.text)
    Reserved95_DriverIRQHandler              0x00000249   Thumb Code     4  startup_mcxa153.o(.text)
    SCG0_DriverIRQHandler                    0x00000249   Thumb Code     4  startup_mcxa153.o(.text)
    SPC0_DriverIRQHandler                    0x00000249   Thumb Code     4  startup_mcxa153.o(.text)
    SecureFault_Handler                      0x00000249   Thumb Code     4  startup_mcxa153.o(.text)
    USB0_DriverIRQHandler                    0x00000249   Thumb Code     4  startup_mcxa153.o(.text)
    UTICK0_DriverIRQHandler                  0x00000249   Thumb Code     4  startup_mcxa153.o(.text)
    UsageFault_Handler                       0x00000249   Thumb Code     4  startup_mcxa153.o(.text)
    WAKETIMER0_DriverIRQHandler              0x00000249   Thumb Code     4  startup_mcxa153.o(.text)
    WUU0_DriverIRQHandler                    0x00000249   Thumb Code     4  startup_mcxa153.o(.text)
    WWDT0_DriverIRQHandler                   0x00000249   Thumb Code     4  startup_mcxa153.o(.text)
    NMI_Handler                              0x0000024d   Thumb Code     4  startup_mcxa153.o(.text)
    HardFault_Handler                        0x00000251   Thumb Code     4  startup_mcxa153.o(.text)
    SVC_Handler                              0x00000255   Thumb Code     4  startup_mcxa153.o(.text)
    PendSV_Handler                           0x00000259   Thumb Code     4  startup_mcxa153.o(.text)
    SysTick_Handler                          0x0000025d   Thumb Code     4  startup_mcxa153.o(.text)
    Reserved16_IRQHandler                    0x00000261   Thumb Code     4  startup_mcxa153.o(.text)
    CMC_IRQHandler                           0x00000265   Thumb Code     4  startup_mcxa153.o(.text)
    DMA_CH0_IRQHandler                       0x00000269   Thumb Code     4  startup_mcxa153.o(.text)
    DMA_CH1_IRQHandler                       0x0000026d   Thumb Code     4  startup_mcxa153.o(.text)
    DMA_CH2_IRQHandler                       0x00000271   Thumb Code     4  startup_mcxa153.o(.text)
    DMA_CH3_IRQHandler                       0x00000275   Thumb Code     4  startup_mcxa153.o(.text)
    Reserved22_IRQHandler                    0x00000279   Thumb Code     4  startup_mcxa153.o(.text)
    Reserved23_IRQHandler                    0x0000027d   Thumb Code     4  startup_mcxa153.o(.text)
    Reserved24_IRQHandler                    0x00000281   Thumb Code     4  startup_mcxa153.o(.text)
    Reserved25_IRQHandler                    0x00000285   Thumb Code     4  startup_mcxa153.o(.text)
    ERM0_SINGLE_BIT_IRQHandler               0x00000289   Thumb Code     4  startup_mcxa153.o(.text)
    ERM0_MULTI_BIT_IRQHandler                0x0000028d   Thumb Code     4  startup_mcxa153.o(.text)
    FMU0_IRQHandler                          0x00000291   Thumb Code     4  startup_mcxa153.o(.text)
    GLIKEY0_IRQHandler                       0x00000295   Thumb Code     4  startup_mcxa153.o(.text)
    MBC0_IRQHandler                          0x00000299   Thumb Code     4  startup_mcxa153.o(.text)
    SCG0_IRQHandler                          0x0000029d   Thumb Code     4  startup_mcxa153.o(.text)
    SPC0_IRQHandler                          0x000002a1   Thumb Code     4  startup_mcxa153.o(.text)
    Reserved33_IRQHandler                    0x000002a5   Thumb Code     4  startup_mcxa153.o(.text)
    WUU0_IRQHandler                          0x000002a9   Thumb Code     4  startup_mcxa153.o(.text)
    Reserved35_IRQHandler                    0x000002ad   Thumb Code     4  startup_mcxa153.o(.text)
    Reserved36_IRQHandler                    0x000002b1   Thumb Code     4  startup_mcxa153.o(.text)
    Reserved37_IRQHandler                    0x000002b5   Thumb Code     4  startup_mcxa153.o(.text)
    Reserved38_IRQHandler                    0x000002b9   Thumb Code     4  startup_mcxa153.o(.text)
    Reserved39_IRQHandler                    0x000002bd   Thumb Code     4  startup_mcxa153.o(.text)
    I3C0_IRQHandler                          0x000002c1   Thumb Code     4  startup_mcxa153.o(.text)
    Reserved41_IRQHandler                    0x000002c5   Thumb Code     4  startup_mcxa153.o(.text)
    LPI2C0_IRQHandler                        0x000002c9   Thumb Code     4  startup_mcxa153.o(.text)
    Reserved43_IRQHandler                    0x000002cd   Thumb Code     4  startup_mcxa153.o(.text)
    LPSPI0_IRQHandler                        0x000002d1   Thumb Code     4  startup_mcxa153.o(.text)
    LPSPI1_IRQHandler                        0x000002d5   Thumb Code     4  startup_mcxa153.o(.text)
    Reserved46_IRQHandler                    0x000002d9   Thumb Code     4  startup_mcxa153.o(.text)
    LPUART0_IRQHandler                       0x000002dd   Thumb Code     4  startup_mcxa153.o(.text)
    LPUART1_IRQHandler                       0x000002e1   Thumb Code     4  startup_mcxa153.o(.text)
    LPUART2_IRQHandler                       0x000002e5   Thumb Code     4  startup_mcxa153.o(.text)
    Reserved50_IRQHandler                    0x000002e9   Thumb Code     4  startup_mcxa153.o(.text)
    Reserved51_IRQHandler                    0x000002ed   Thumb Code     4  startup_mcxa153.o(.text)
    USB0_IRQHandler                          0x000002f1   Thumb Code     4  startup_mcxa153.o(.text)
    Reserved53_IRQHandler                    0x000002f5   Thumb Code     4  startup_mcxa153.o(.text)
    CDOG0_IRQHandler                         0x000002f9   Thumb Code     4  startup_mcxa153.o(.text)
    CTIMER0_IRQHandler                       0x000002fd   Thumb Code     4  startup_mcxa153.o(.text)
    CTIMER1_IRQHandler                       0x00000301   Thumb Code     4  startup_mcxa153.o(.text)
    CTIMER2_IRQHandler                       0x00000305   Thumb Code     4  startup_mcxa153.o(.text)
    Reserved58_IRQHandler                    0x00000309   Thumb Code     4  startup_mcxa153.o(.text)
    Reserved59_IRQHandler                    0x0000030d   Thumb Code     4  startup_mcxa153.o(.text)
    FLEXPWM0_RELOAD_ERROR_IRQHandler         0x00000311   Thumb Code     4  startup_mcxa153.o(.text)
    FLEXPWM0_FAULT_IRQHandler                0x00000315   Thumb Code     4  startup_mcxa153.o(.text)
    FLEXPWM0_SUBMODULE0_IRQHandler           0x00000319   Thumb Code     4  startup_mcxa153.o(.text)
    FLEXPWM0_SUBMODULE1_IRQHandler           0x0000031d   Thumb Code     4  startup_mcxa153.o(.text)
    FLEXPWM0_SUBMODULE2_IRQHandler           0x00000321   Thumb Code     4  startup_mcxa153.o(.text)
    Reserved65_IRQHandler                    0x00000325   Thumb Code     4  startup_mcxa153.o(.text)
    QDC0_COMPARE_IRQHandler                  0x00000329   Thumb Code     4  startup_mcxa153.o(.text)
    QDC0_HOME_IRQHandler                     0x0000032d   Thumb Code     4  startup_mcxa153.o(.text)
    QDC0_WATCHDOG_IRQHandler                 0x00000331   Thumb Code     4  startup_mcxa153.o(.text)
    QDC0_INDEX_IRQHandler                    0x00000335   Thumb Code     4  startup_mcxa153.o(.text)
    FREQME0_IRQHandler                       0x00000339   Thumb Code     4  startup_mcxa153.o(.text)
    Reserved72_IRQHandler                    0x00000341   Thumb Code     4  startup_mcxa153.o(.text)
    OS_EVENT_IRQHandler                      0x00000345   Thumb Code     4  startup_mcxa153.o(.text)
    WAKETIMER0_IRQHandler                    0x00000349   Thumb Code     4  startup_mcxa153.o(.text)
    UTICK0_IRQHandler                        0x0000034d   Thumb Code     4  startup_mcxa153.o(.text)
    WWDT0_IRQHandler                         0x00000351   Thumb Code     4  startup_mcxa153.o(.text)
    Reserved77_IRQHandler                    0x00000355   Thumb Code     4  startup_mcxa153.o(.text)
    ADC0_IRQHandler                          0x00000359   Thumb Code     4  startup_mcxa153.o(.text)
    Reserved79_IRQHandler                    0x0000035d   Thumb Code     4  startup_mcxa153.o(.text)
    CMP0_IRQHandler                          0x00000361   Thumb Code     4  startup_mcxa153.o(.text)
    CMP1_IRQHandler                          0x00000365   Thumb Code     4  startup_mcxa153.o(.text)
    Reserved82_IRQHandler                    0x00000369   Thumb Code     4  startup_mcxa153.o(.text)
    Reserved83_IRQHandler                    0x0000036d   Thumb Code     4  startup_mcxa153.o(.text)
    Reserved84_IRQHandler                    0x00000371   Thumb Code     4  startup_mcxa153.o(.text)
    Reserved85_IRQHandler                    0x00000375   Thumb Code     4  startup_mcxa153.o(.text)
    Reserved86_IRQHandler                    0x00000379   Thumb Code     4  startup_mcxa153.o(.text)
    GPIO0_IRQHandler                         0x0000037d   Thumb Code     4  startup_mcxa153.o(.text)
    GPIO1_IRQHandler                         0x00000381   Thumb Code     4  startup_mcxa153.o(.text)
    GPIO2_IRQHandler                         0x00000385   Thumb Code     4  startup_mcxa153.o(.text)
    GPIO3_IRQHandler                         0x00000389   Thumb Code     4  startup_mcxa153.o(.text)
    Reserved91_IRQHandler                    0x0000038d   Thumb Code     4  startup_mcxa153.o(.text)
    Reserved92_IRQHandler                    0x00000391   Thumb Code     4  startup_mcxa153.o(.text)
    Reserved93_IRQHandler                    0x00000395   Thumb Code     4  startup_mcxa153.o(.text)
    Reserved94_IRQHandler                    0x00000399   Thumb Code     4  startup_mcxa153.o(.text)
    Reserved95_IRQHandler                    0x0000039d   Thumb Code     4  startup_mcxa153.o(.text)
    __scatterload                            0x000004f5   Thumb Code    38  init.o(.text)
    __scatterload_rt2                        0x000004f5   Thumb Code     0  init.o(.text)
    LPTMR0_IRQHandler                        0x00000525   Thumb Code    38  lptmr0.o(.text.LPTMR0_IRQHandler)
    SystemInit                               0x0000054d   Thumb Code    84  system_mcxa153.o(.text.SystemInit)
    SystemInitHook                           0x000005a1   Thumb Code     2  system_mcxa153.o(.text.SystemInitHook)
    gpo_init                                 0x00000649   Thumb Code    98  general_purpose_output.o(.text.gpo_init)
    lptmr0_init                              0x000006ad   Thumb Code    98  lptmr0.o(.text.lptmr0_init)
    main                                     0x00000711   Thumb Code    60  main.o(.text.main)
    __scatterload_copy                       0x0000074d   Thumb Code    14  handlers.o(i.__scatterload_copy)
    __scatterload_null                       0x0000075b   Thumb Code     2  handlers.o(i.__scatterload_null)
    __scatterload_zeroinit                   0x0000075d   Thumb Code    14  handlers.o(i.__scatterload_zeroinit)
    Region$$Table$$Base                      0x0000076c   Number         0  anon$$obj.o(Region$$Table)
    Region$$Table$$Limit                     0x0000077c   Number         0  anon$$obj.o(Region$$Table)
    lptmr0_timeout_flag                      0x20000000   Data           1  lptmr0.o(.bss.lptmr0_timeout_flag)
    Image$$ARM_LIB_STACK$$ZI$$Base           0x20005c00   Number         0  anon$$obj.o ABSOLUTE
    Image$$ARM_LIB_STACK$$ZI$$Limit          0x20006000   Number         0  anon$$obj.o ABSOLUTE



==============================================================================

Memory Map of the image

  Image Entry point : 0x00000215

  Load Region LR_m_text (Base: 0x00000000, Size: 0x0000077c, Max: 0x00020000, ABSOLUTE)

    Execution Region VECTOR_ROM (Exec base: 0x00000000, Load base: 0x00000000, Size: 0x00000180, Max: 0x00000200, ABSOLUTE)

    Exec Addr    Load Addr    Size         Type   Attr      Idx    E Section Name        Object

    0x00000000   0x00000000   0x00000180   Data   RO           53    .isr_vector         startup_mcxa153.o


    Execution Region ER_m_text (Exec base: 0x00000200, Load base: 0x00000200, Size: 0x0000057c, Max: 0x0001fe00, ABSOLUTE, FIXED)

    Exec Addr    Load Addr    Size         Type   Attr      Idx    E Section Name        Object

    0x00000200   0x00000200   0x00000000   Code   RO           58  * .ARM.Collect$$$$00000000  mc_w.l(entry.o)
    0x00000200   0x00000200   0x00000004   Code   RO           61    .ARM.Collect$$$$00000003  mc_w.l(entry4.o)
    0x00000204   0x00000204   0x00000004   Code   RO           64    .ARM.Collect$$$$00000004  mc_w.l(entry5.o)
    0x00000208   0x00000208   0x00000000   Code   RO           66    .ARM.Collect$$$$00000008  mc_w.l(entry7b.o)
    0x00000208   0x00000208   0x00000000   Code   RO           68    .ARM.Collect$$$$0000000A  mc_w.l(entry8b.o)
    0x00000208   0x00000208   0x00000008   Code   RO           69    .ARM.Collect$$$$0000000B  mc_w.l(entry9a.o)
    0x00000210   0x00000210   0x00000000   Code   RO           71    .ARM.Collect$$$$0000000D  mc_w.l(entry10a.o)
    0x00000210   0x00000210   0x00000000   Code   RO           73    .ARM.Collect$$$$0000000F  mc_w.l(entry11a.o)
    0x00000210   0x00000210   0x00000004   Code   RO           62    .ARM.Collect$$$$00002714  mc_w.l(entry4.o)
    0x00000214   0x00000214   0x000002e0   Code   RO           52  * .text               startup_mcxa153.o
    0x000004f4   0x000004f4   0x00000030   Code   RO           75    .text               mc_w.l(init.o)
    0x00000524   0x00000524   0x00000026   Code   RO           20    .text.LPTMR0_IRQHandler  lptmr0.o
    0x0000054a   0x0000054a   0x00000002   PAD
    0x0000054c   0x0000054c   0x00000054   Code   RO           39    .text.SystemInit    system_mcxa153.o
    0x000005a0   0x000005a0   0x00000002   Code   RO           41    .text.SystemInitHook  system_mcxa153.o
    0x000005a2   0x000005a2   0x00000002   PAD
    0x000005a4   0x000005a4   0x00000030   Code   RO           16    .text.__NVIC_ClearPendingIRQ  lptmr0.o
    0x000005d4   0x000005d4   0x00000030   Code   RO           18    .text.__NVIC_EnableIRQ  lptmr0.o
    0x00000604   0x00000604   0x00000042   Code   RO           14    .text.__NVIC_SetPriority  lptmr0.o
    0x00000646   0x00000646   0x00000002   PAD
    0x00000648   0x00000648   0x00000062   Code   RO            4    .text.gpo_init      general_purpose_output.o
    0x000006aa   0x000006aa   0x00000002   PAD
    0x000006ac   0x000006ac   0x00000062   Code   RO           12    .text.lptmr0_init   lptmr0.o
    0x0000070e   0x0000070e   0x00000002   PAD
    0x00000710   0x00000710   0x0000003c   Code   RO           30    .text.main          main.o
    0x0000074c   0x0000074c   0x0000000e   Code   RO           79    i.__scatterload_copy  mc_w.l(handlers.o)
    0x0000075a   0x0000075a   0x00000002   Code   RO           80    i.__scatterload_null  mc_w.l(handlers.o)
    0x0000075c   0x0000075c   0x0000000e   Code   RO           81    i.__scatterload_zeroinit  mc_w.l(handlers.o)
    0x0000076a   0x0000076a   0x00000002   PAD
    0x0000076c   0x0000076c   0x00000010   Data   RO           78    Region$$Table       anon$$obj.o


    Execution Region RW_m_data (Exec base: 0x20000000, Load base: 0x0000077c, Size: 0x00000004, Max: 0x00005800, ABSOLUTE)

    Exec Addr    Load Addr    Size         Type   Attr      Idx    E Section Name        Object

    0x20000000        -       0x00000001   Zero   RW           22    .bss.lptmr0_timeout_flag  lptmr0.o


    Execution Region ARM_LIB_HEAP (Exec base: 0x20000004, Load base: 0x0000077c, Size: 0x00000400, Max: 0x00000400, ABSOLUTE)

    Exec Addr    Load Addr    Size         Type   Attr      Idx    E Section Name        Object

    0x20000004        -       0x00000400   Zero   RW            1    ARM_LIB_HEAP.bss    anon$$obj.o


    Execution Region ARM_LIB_STACK (Exec base: 0x20005c00, Load base: 0x0000077c, Size: 0x00000400, Max: 0x00000400, ABSOLUTE)

    Exec Addr    Load Addr    Size         Type   Attr      Idx    E Section Name        Object

    0x20005c00        -       0x00000400   Zero   RW            2    ARM_LIB_STACK.bss   anon$$obj.o


==============================================================================

Image component sizes


      Code (inc. data)   RO Data    RW Data    ZI Data      Debug   Object Name

        98          0          0          0          0       3558   general_purpose_output.o
       298          0          0          0          1       7102   lptmr0.o
        60          0          0          0          0       1411   main.o
       736        360        384          0          0       3508   startup_mcxa153.o
        86          0          0          0          0       3697   system_mcxa153.o

    ----------------------------------------------------------------------
      1288        360        400          0       2052      19276   Object Totals
         0          0         16          0       2048          0   (incl. Generated)
        10          0          0          0          3          0   (incl. Padding)

    ----------------------------------------------------------------------

      Code (inc. data)   RO Data    RW Data    ZI Data      Debug   Library Member Name

         0          0          0          0          0          0   entry.o
         0          0          0          0          0          0   entry10a.o
         0          0          0          0          0          0   entry11a.o
         8          4          0          0          0          0   entry4.o
         4          0          0          0          0          0   entry5.o
         0          0          0          0          0          0   entry7b.o
         0          0          0          0          0          0   entry8b.o
         8          4          0          0          0          0   entry9a.o
        30          0          0          0          0          0   handlers.o
        48         10          0          0          0         68   init.o

    ----------------------------------------------------------------------
       100         18          0          0          0         68   Library Totals
         2          0          0          0          0          0   (incl. Padding)

    ----------------------------------------------------------------------

      Code (inc. data)   RO Data    RW Data    ZI Data      Debug   Library Name

        98         18          0          0          0         68   mc_w.l

    ----------------------------------------------------------------------
       100         18          0          0          0         68   Library Totals

    ----------------------------------------------------------------------

==============================================================================


      Code (inc. data)   RO Data    RW Data    ZI Data      Debug   

      1388        378        400          0       2052      19488   Grand Totals
      1388        378        400          0       2052      19488   ELF Image Totals
      1388        378        400          0          0          0   ROM Totals

==============================================================================

    Total RO  Size (Code + RO Data)                 1788 (   1.75kB)
    Total RW  Size (RW Data + ZI Data)              2052 (   2.00kB)
    Total ROM Size (Code + RO Data + RW Data)       1788 (   1.75kB)

==============================================================================

