<html>
<body>
<pre>
<h1>µVision Build Log</h1>
<h2>Tool Versions:</h2>
IDE-Version: µVision V5.38.0.0
Copyright (C) 2022 ARM Ltd and ARM Germany GmbH. All rights reserved.
License Information: Emiel v, HAN, LIC=----
 
Tool Versions:
Toolchain:       MDK-Lite  Version: 5.38.0.0
Toolchain Path:  C:\Keil_v5\ARM\ARMCLANG\Bin
C Compiler:      ArmClang.exe V6.19
Assembler:       Armasm.exe V6.19
Linker/Locator:  ArmLink.exe V6.19
Library Manager: ArmAr.exe V6.19
Hex Converter:   FromElf.exe V6.19
CPU DLL:         
Dialog DLL:      
Target DLL:      CMSIS_AGDI_V8M.DLL V1.7.20.0
Dialog DLL:      TCM.DLL V1.56.4.0
 
<h2>Project:</h2>
C:\Users\emiel\Downloads\SDK_2_14_2_FRDM-MCXA153\han_ese_frdm_mcxa153\frdm-mcxa153\projects\shield_examples\rgb_led\mdk\rgb_led.uvprojx
Project File Date:  03/15/2024

<h2>Output:</h2>
*** Using Compiler 'V6.19', folder: 'C:\Keil_v5\ARM\ARMCLANG\Bin'
Build target 'rgb_led debug'
Note: source file '../rgb_led.h' - object file renamed from '.\debug\rgb_led.o' to '.\debug\rgb_led_1.o'.
linking...
Program Size: Code=1448 RO-data=404 RW-data=0 ZI-data=2056  
".\debug\rgb_led.out" - 0 Error(s), 0 Warning(s).

<h2>Software Packages used:</h2>

Package Vendor: NXP
                https://mcuxpresso.nxp.com/cmsis_pack/repo/NXP.MCXA153_DFP.17.0.0.pack
                NXP.MCXA153_DFP.17.0.0
                Device Family Pack for MCXA153

<h2>Collection of Component include folders:</h2>
  C:/Users/emiel/AppData/Local/Arm/Packs/NXP/MCXA153_DFP/17.0.0/devices/MCXA153

<h2>Collection of Component Files used:</h2>
Build Time Elapsed:  00:00:01
</pre>
</body>
</html>
