<html>
<body>
<pre>
<h1>µVision Build Log</h1>
<h2>Tool Versions:</h2>
IDE-Version: µVision V5.38.0.0
Copyright (C) 2022 ARM Ltd and ARM Germany GmbH. All rights reserved.
License Information: Emiel v, HAN, LIC=----
 
Tool Versions:
Toolchain:       MDK-Lite  Version: 5.38.0.0
Toolchain Path:  C:\Keil_v5\ARM\ARMCLANG\Bin
C Compiler:      ArmClang.exe V6.19
Assembler:       Armasm.exe V6.19
Linker/Locator:  ArmLink.exe V6.19
Library Manager: ArmAr.exe V6.19
Hex Converter:   FromElf.exe V6.19
CPU DLL:         
Dialog DLL:      
Target DLL:      Segger\JL2CM3.dll V2.99.42.0
Dialog DLL:      TCM.DLL V1.56.4.0
 
<h2>Project:</h2>
C:\Users\emiel\Downloads\SDK_2_14_2_FRDM-MCXA153\boards\frdmmcxa153\demo_apps\led_blinky\mdk\led_blinky.uvprojx
Project File Date:  03/16/2024

<h2>Output:</h2>
*** Using Compiler 'V6.19', folder: 'C:\Keil_v5\ARM\ARMCLANG\Bin'
Rebuild target 'led_blinky debug'
compiling peripherals.c...
compiling fsl_common_arm.c...
compiling led_blinky.c...
compiling board.c...
compiling system_MCXA153.c...
compiling clock_config.c...
compiling fsl_common.c...
compiling fsl_gpio.c...
compiling pin_mux.c...
compiling fsl_reset.c...
compiling fsl_str.c...
assembling startup_MCXA153.S...
compiling fsl_spc.c...
compiling fsl_clock.c...
compiling fsl_debug_console.c...
compiling fsl_assert.c...
compiling fsl_adapter_lpuart.c...
compiling fsl_component_generic_list.c...
compiling fsl_lpuart.c...
linking...
Program Size: Code=3500 RO-data=696 RW-data=20 ZI-data=2080  
"debug\led_blinky.out" - 0 Error(s), 0 Warning(s).

<h2>Software Packages used:</h2>

Package Vendor: NXP
                https://mcuxpresso.nxp.com/cmsis_pack/repo/NXP.MCXA153_DFP.17.0.0.pack
                NXP.MCXA153_DFP.17.0.0
                Device Family Pack for MCXA153

<h2>Collection of Component include folders:</h2>
  C:/Users/emiel/AppData/Local/Arm/Packs/NXP/MCXA153_DFP/17.0.0/devices/MCXA153

<h2>Collection of Component Files used:</h2>
Build Time Elapsed:  00:00:01
</pre>
</body>
</html>
