<html>
<body>
<pre>
<h1>µVision Build Log</h1>
<h2>Tool Versions:</h2>
IDE-Version: µVision V5.38.0.0
Copyright (C) 2022 ARM Ltd and ARM Germany GmbH. All rights reserved.
License Information: Emiel v, HAN, LIC=----
 
Tool Versions:
Toolchain:       MDK-Lite  Version: 5.38.0.0
Toolchain Path:  C:\Keil_v5\ARM\ARMCLANG\Bin
C Compiler:      ArmClang.exe V6.19
Assembler:       Armasm.exe V6.19
Linker/Locator:  ArmLink.exe V6.19
Library Manager: ArmAr.exe V6.19
Hex Converter:   FromElf.exe V6.19
CPU DLL:         
Dialog DLL:      
Target DLL:      Segger\JL2CM3.dll V2.99.42.0
Dialog DLL:      TCM.DLL V1.56.4.0
 
<h2>Project:</h2>
C:\Users\emiel\Downloads\SDK_2_14_2_FRDM-MCXA153\han_ese_frdm_mcxa153_23-3-2024\frdm-mcxa153\projects\general_examples\getting_started\mdk\getting_started.uvprojx
Project File Date:  04/12/2024

<h2>Output:</h2>
*** Using Compiler 'V6.19', folder: 'C:\Keil_v5\ARM\ARMCLANG\Bin'
Rebuild target 'getting_started debug'
warning: unknown warning option '-Wno-unsafe-buffer-usage' [-Wunknown-warning-option]
1 warning generated.
compiling system_MCXA153.c...
warning: unknown warning option '-Wno-unsafe-buffer-usage' [-Wunknown-warning-option]
1 warning generated.
compiling main.c...
assembling startup_MCXA153.S...
linking...
Program Size: Code=1220 RO-data=400 RW-data=0 ZI-data=2052  
".\debug\getting_started.out" - 0 Error(s), 2 Warning(s).

<h2>Software Packages used:</h2>

Package Vendor: NXP
                https://mcuxpresso.nxp.com/cmsis_pack/repo/NXP.MCXA153_DFP.17.0.0.pack
                NXP.MCXA153_DFP.17.0.0
                Device Family Pack for MCXA153

<h2>Collection of Component include folders:</h2>
  C:/Users/emiel/AppData/Local/Arm/Packs/NXP/MCXA153_DFP/17.0.0/devices/MCXA153

<h2>Collection of Component Files used:</h2>
Build Time Elapsed:  00:00:01
</pre>
</body>
</html>
